Tests\Feature\DashboardTest::test_dashboard_displays_frontend_course_submaterials_for_frontend_focused_user -- Failed asserting that '<!DOCTYPE html>\r\n
<html lang="id">\r\n
\r\n
<head>\r\n
 <meta charset="UTF-8">\r\n
 <meta name="viewport" content="width=device-width, initial-scale=1.0">\r\n
 <meta name="csrf-token" content="X1DmLv2lTxQWtc6xPyFvmgdH4hMZzhTljV7jaCX5">\r\n
 <title>Dashboard - TurnCode</title>\r\n
 <link\r\n
 href="https://fonts.googleapis.com/css2?family=Inter:wght@400;500;600;700;800;900&family=DotGothic16&family=Silkscreen:wght@400;700&display=swap"\r\n
 rel="stylesheet">\r\n
 <link href='https://unpkg.com/boxicons@2.1.4/css/boxicons.min.css' rel='stylesheet'>\r\n
 <link rel="preload" as="style" href="https://ninja-immunity-radiance.ngrok-free.dev/build/assets/app-DK7R37Ds.css" /><link rel="modulepreload" as="script" href="https://ninja-immunity-radiance.ngrok-free.dev/build/assets/app-B0pqr1qB.js" /><link rel="stylesheet" href="https://ninja-immunity-radiance.ngrok-free.dev/build/assets/app-DK7R37Ds.css" /><script type="module" src="https://ninja-immunity-radiance.ngrok-free.dev/build/assets/app-B0pqr1qB.js"></script> <link rel="stylesheet" href="https://ninja-immunity-radiance.ngrok-free.dev/css/global.css">\r\n
 <link rel="stylesheet" href="https://ninja-immunity-radiance.ngrok-free.dev/css/dashboard.css">\r\n
 <link rel="stylesheet" href="https://ninja-immunity-radiance.ngrok-free.dev/css/modal-jadwal.css">\r\n
 <style>\r\n
 .kelola-jadwal-btn {\r\n
 display: flex;\r\n
 align-items: center;\r\n
 gap: 0.5rem;\r\n
 padding: 0.5rem 1rem;\r\n
 border-radius: 12px;\r\n
 background: rgba(255, 255, 255, 0.04);\r\n
 border: 1px solid rgba(255, 255, 255, 0.08);\r\n
 color: rgba(255, 255, 255, 0.85);\r\n
 text-decoration: none;\r\n
 font-size: 0.8rem;\r\n
 font-weight: 500;\r\n
 backdrop-filter: blur(8px);\r\n
 transition: all 0.3s cubic-bezier(0.4, 0, 0.2, 1);\r\n
 box-shadow: 0 4px 12px rgba(0, 0, 0, 0.1);\r\n
 }\r\n
\r\n
 .kelola-jadwal-btn:hover {\r\n
 background: rgba(255, 255, 255, 0.09);\r\n
 border-color: rgba(255, 255, 255, 0.15);\r\n
 color: #fff;\r\n
 transform: translateY(-2px);\r\n
 box-shadow: 0 6px 18px rgba(0, 0, 0, 0.15);\r\n
 }\r\n
\r\n
 .kelola-jadwal-btn i {\r\n
 font-size: 1.1rem;\r\n
 color: #38b2ac;\r\n
 transition: transform 0.3s cubic-bezier(0.4, 0, 0.2, 1);\r\n
 }\r\n
\r\n
 .kelola-jadwal-btn:hover i {\r\n
 transform: scale(1.15) rotate(5deg);\r\n
 }\r\n
\r\n
 .section-header-flex {\r\n
 display: flex;\r\n
 justify-content: space-between;\r\n
 align-items: flex-end;\r\n
 margin-bottom: 1.5rem;\r\n
 }\r\n
\r\n
 .section-header-flex .section-header {\r\n
 margin-bottom: 0;\r\n
 }\r\n
\r\n
 @media (max-width: 576px) {\r\n
 .section-header-flex {\r\n
 flex-direction: column;\r\n
 align-items: flex-start;\r\n
 gap: 0.75rem;\r\n
 }\r\n
\r\n
 .kelola-jadwal-btn {\r\n
 width: 100%;\r\n
 justify-content: center;\r\n
 }\r\n
 }\r\n
\r\n
 /* Custom scrollbar for our timeline */\r\n
 .dashboard-timeline-scroll::-webkit-scrollbar {\r\n
 width: 4px;\r\n
 }\r\n
\r\n
 .dashboard-timeline-scroll::-webkit-scrollbar-track {\r\n
 background: transparent;\r\n
 }\r\n
\r\n
 .dashboard-timeline-scroll::-webkit-scrollbar-thumb:hover {\r\n
 background: rgba(255, 255, 255, 0.25);\r\n
 }\r\n
\r\n
 /* Android Modern & Dot Matrix Styles */\r\n
 .android-exam-wrapper {\r\n
 margin-bottom: 2.5rem;\r\n
 }\r\n
\r\n
 .android-exam-card {\r\n
 background: #2b272f;\r\n
 border-radius: 28px;\r\n
 border: 1px solid var(--border-color);\r\n
 padding: 2.5rem;\r\n
 position: relative;\r\n
 overflow: hidden;\r\n
 display: flex;\r\n
 gap: 2rem;\r\n
 align-items: center;\r\n
 box-shadow: rgba(0, 0, 0, 0.16) 0px 3px 6px, rgba(0, 0, 0, 0.23) 0px 3px 6px;\r\n
 transition: border-color 0.3s ease, box-shadow 0.3s ease;\r\n
 }\r\n
\r\n
 .android-exam-card:hover {\r\n
 border-color: rgba(var(--accent-rgb), 0.3);\r\n
 box-shadow: rgba(0, 0, 0, 0.19) 0px 10px 20px, rgba(0, 0, 0, 0.23) 0px 6px 6px;\r\n
 }\r\n
\r\n
 .android-exam-grid-bg {\r\n
 position: absolute;\r\n
 top: 0;\r\n
 left: 0;\r\n
 right: 0;\r\n
 bottom: 0;\r\n
 background-image: radial-gradient(rgba(255, 255, 255, 0.03) 1.2px, transparent 1.2px);\r\n
 background-size: 10px 10px;\r\n
 z-index: 1;\r\n
 pointer-events: none;\r\n
 }\r\n
\r\n
 .android-exam-content {\r\n
 flex: 1.3;\r\n
 position: relative;\r\n
 z-index: 2;\r\n
 display: flex;\r\n
 flex-direction: column;\r\n
 gap: 1rem;\r\n
 align-items: flex-start;\r\n
 }\r\n
\r\n
 .android-exam-badge {\r\n
 display: inline-flex;\r\n
 align-items: center;\r\n
 gap: 8px;\r\n
 background: rgba(255, 255, 255, 0.03);\r\n
 border: 1px solid rgba(255, 255, 255, 0.06);\r\n
 border-radius: 30px;\r\n
 padding: 0.45rem 1.1rem;\r\n
 font-size: 0.72rem;\r\n
 font-family: 'Silkscreen', monospace;\r\n
 text-transform: uppercase;\r\n
 letter-spacing: 1px;\r\n
 color: var(--text-muted);\r\n
 }\r\n
\r\n
 .android-exam-badge .badge-dot {\r\n
 width: 6px;\r\n
 height: 6px;\r\n
 background-color: rgb(var(--accent-rgb));\r\n
 border-radius: 50%;\r\n
 box-shadow: 0 0 8px rgb(var(--accent-rgb));\r\n
 animation: pulse 1.5s infinite;\r\n
 }\r\n
\r\n
 .android-exam-title {\r\n
 font-family: 'Inter', sans-serif;\r\n
 font-size: 1.8rem;\r\n
 font-weight: 900;\r\n
 color: var(--text-main);\r\n
 margin: 0;\r\n
 line-height: 1.2;\r\n
 letter-spacing: -0.5px;\r\n
 }\r\n
\r\n
 .android-exam-desc {\r\n
 font-size: 0.92rem;\r\n
 color: var(--text-muted);\r\n
 line-height: 1.6;\r\n
 margin: 0;\r\n
 max-width: 500px;\r\n
 }\r\n
\r\n
 .btn-android-pill {\r\n
 display: inline-flex;\r\n
 align-items: center;\r\n
 gap: 10px;\r\n
 background: #ffffff;\r\n
 color: #000000;\r\n
 padding: 0.85rem 2.2rem;\r\n
 border-radius: 50px;\r\n
 /* font-family: 'Silkscreen', monospace; */\r\n
 font-size: 0.85rem;\r\n
 font-weight: 700;\r\n
 letter-spacing: 0.5px;\r\n
 text-decoration: none;\r\n
 border: 1.5px solid #ffffff;\r\n
 transition: all 0.25s cubic-bezier(0.4, 0, 0.2, 1);\r\n
 margin-top: 0.5rem;\r\n
 box-shadow: 0 8px 20px rgba(255, 255, 255, 0.1);\r\n
 }\r\n
\r\n
 .btn-android-pill:hover {\r\n
 background: rgb(var(--accent-rgb));\r\n
 color: #ffffff;\r\n
 border-color: rgb(var(--accent-rgb));\r\n
 transform: translateY(-2px);\r\n
 box-shadow: 0 12px 24px rgba(var(--accent-rgb), 0.35);\r\n
 }\r\n
\r\n
 .btn-android-pill i {\r\n
 font-size: 1.1rem;\r\n
 transition: transform 0.2s ease;\r\n
 }\r\n
\r\n
 .btn-android-pill:hover i {\r\n
 transform: translateX(4px);\r\n
 }\r\n
\r\n
 .android-exam-widget {\r\n
 flex: 0.7;\r\n
 position: relative;\r\n
 z-index: 2;\r\n
 background: var(--bg-body);\r\n
 border: 1px solid var(--border-color);\r\n
 border-radius: 22px;\r\n
 padding: 1.2rem;\r\n
 display: flex;\r\n
 flex-direction: column;\r\n
 align-items: center;\r\n
 justify-content: center;\r\n
 min-height: 200px;\r\n
 aspect-ratio: 1.1;\r\n
 overflow: hidden;\r\n
 box-shadow: inset 0 0 20px rgba(0, 0, 0, 0.4);\r\n
 }\r\n
\r\n
 .android-exam-screen {\r\n
 background: rgba(0, 0, 0, 0.25);\r\n
 border: 1px solid rgba(255, 255, 255, 0.03);\r\n
 border-radius: 14px;\r\n
 width: 100%;\r\n
 height: 100%;\r\n
 display: flex;\r\n
 flex-direction: column;\r\n
 align-items: center;\r\n
 justify-content: center;\r\n
 padding: 1.2rem;\r\n
 position: relative;\r\n
 background-image: radial-gradient(rgba(var(--accent-rgb), 0.06) 1.5px, transparent 1.5px);\r\n
 background-size: 8px 8px;\r\n
 }\r\n
\r\n
 .android-exam-screen-dot-matrix {\r\n
 font-family: 'Silkscreen', monospace;\r\n
 color: rgb(var(--accent-rgb));\r\n
 font-size: 0.65rem;\r\n
 letter-spacing: 1px;\r\n
 text-transform: uppercase;\r\n
 opacity: 0.9;\r\n
 text-align: center;\r\n
 text-shadow: 0 0 6px rgba(var(--accent-rgb), 0.5);\r\n
 margin-top: 0.8rem;\r\n
 }\r\n
\r\n
 .android-exam-svg-dot {\r\n
 fill: rgba(255, 255, 255, 0.05);\r\n
 }\r\n
\r\n
 .android-exam-svg-dot.active {\r\n
 fill: rgb(var(--accent-rgb));\r\n
 filter: drop-shadow(0 0 2.5px rgba(var(--accent-rgb), 0.8));\r\n
 }\r\n
\r\n
 @media (max-width: 768px) {\r\n
 .android-exam-card {\r\n
 flex-direction: column;\r\n
 padding: 1.75rem;\r\n
 gap: 1.5rem;\r\n
 }\r\n
\r\n
 .android-exam-widget {\r\n
 width: 100%;\r\n
 aspect-ratio: auto;\r\n
 min-height: 180px;\r\n
 }\r\n
 }\r\n
 </style>\r\n
</head>\r\n
\r\n
<body class="dashboard-page">\r\n
\r\n
 <!-- FIXED NAVBAR -->\r\n
 <nav class="fixed-navbar">\r\n
 <div class="navbar-left">\r\n
 <div class="navbar-avatar"\r\n
 style="background: url('https://ui-avatars.com/api/?name=Dovie+Jerde+PhD&background=random') center/cover; border: 2.5px solid rgba(168, 162, 158, 0.4);">\r\n
 </div>\r\n
 <div class="navbar-user-info">\r\n
 <div class="navbar-username">Dovie Jerde PhD</div>\r\n
 <div class="navbar-role" style="display: flex; align-items: center; gap: 4px;">\r\n
 <span\r\n
 style="background: rgba(168, 162, 158, 0.15); color: rgb(168, 162, 158); font-size: 0.6rem; font-weight: 700; padding: 1px 6px; border-radius: 6px; margin: 5px 5px 0 0; border: 1px solid rgba(168, 162, 158, 0.3);">LV.\r\n
 1</span>\r\n
 <span class="user-tier-display">Initiate</span>\r\n
 </div>\r\n
 </div>\r\n
 </div>\r\n
\r\n
 <div class="navbar-right">\r\n
 <button class="navbar-menu-btn" id="navMenuBtn" style="position: relative;">\r\n
 <i class='bx bx-grid-alt'></i>\r\n
 <span class="nav-unread-dot"\r\n
 style="position: absolute; top: 12px; right: 12px; width: 8px; height: 8px; background: #ef4444; border-radius: 50%; box-shadow: 0 0 8px #ef4444; transition: opacity 0.3s ease, transform 0.3s ease; display: none; opacity: 0; transform: scale(0);"></span>\r\n
 </button>\r\n
 </div>\r\n
 </nav>\r\n
 <!-- MENU PANEL OVERLAY -->\r\n
 <div class="panel-overlay" id="menuPanel" data-turbo-permanent>\r\n
 <div class="panel-content" id="panelContentMain">\r\n
\r\n
 <!-- Left: Notifications -->\r\n
 <div class="panel-notif" id="panelNotif">\r\n
 <div class="panel-notif-header">\r\n
 Notifikasi\r\n
 <button class="panel-notif-checkall" title="Tandai semua dibaca">\r\n
 <i class='bx bx-check-double'></i>\r\n
 </button>\r\n
 </div>\r\n
 <div class="panel-notif-list" id="panelNotifList">\r\n
 <div class="panel-notif-empty" style="padding: 3rem 1.5rem; text-align: center; color: #615f66; display: flex; flex-direction: column; align-items: center; gap: 0.75rem;">\r\n
 <i class="bx bx-bell-off" style="font-size: 2.5rem; color: rgba(255,255,255,0.08);"></i>\r\n
 <div style="font-size: 0.88rem; font-weight: 500;">Belum ada notifikasi</div>\r\n
 </div>\r\n
 </div>\r\n
 </div>\r\n
\r\n
 <!-- Right: Quick Actions -->\r\n
 <div class="panel-right-col">\r\n
 <div class="panel-actions">\r\n
 <!-- Volume Slider -->\r\n
 <div class="panel-volume-row" id="volumeRow">\r\n
 <div class="panel-volume-track"></div>\r\n
 <div class="panel-volume-fill" id="volumeFill">\r\n
 <svg viewBox="0 0 24 24">\r\n
 <polygon points="11 5 6 9 2 9 2 15 6 15 11 19 11 5" />\r\n
 <path d="M19.07 4.93a10 10 0 0 1 0 14.14" />\r\n
 <path d="M15.54 8.46a5 5 0 0 1 0 7.07" />\r\n
 </svg>\r\n
 </div>\r\n
 <input type="range" class="panel-volume-input" id="volumeInput" min="0" max="100" value="60">\r\n
 </div>\r\n
\r\n
 <!-- 2x2 Grid (Swipeable Carousel) -->\r\n
 <div class="panel-grid">\r\n
 <!-- PAGE 1 -->\r\n
 <div class="panel-grid-page">\r\n
 <button class="panel-grid-btn" id="btnAccount">\r\n
 <div class="panel-grid-icon">\r\n
 <svg viewBox="0 0 24 24">\r\n
 <path d="M20 21v-2a4 4 0 0 0-4-4H8a4 4 0 0 0-4 4v2" />\r\n
 <circle cx="12" cy="7" r="4" />\r\n
 </svg>\r\n
 </div>\r\n
 <div class="panel-grid-text">\r\n
 <div class="panel-grid-label">Account</div>\r\n
 <div class="panel-grid-sub">lihat akun mu</div>\r\n
 </div>\r\n
 </button>\r\n
 <button class="panel-grid-btn active" id="btnNotif">\r\n
 <div class="panel-grid-icon">\r\n
 <svg viewBox="0 0 24 24">\r\n
 <path d="M18 8A6 6 0 0 0 6 8c0 7-3 9-3 9h18s-3-2-3-9" />\r\n
 <path d="M13.73 21a2 2 0 0 1-3.46 0" />\r\n
 </svg>\r\n
 </div>\r\n
 <div class="panel-grid-text">\r\n
 <div class="panel-grid-label">Notifikasi</div>\r\n
 <div class="panel-grid-sub">lihat notif</div>\r\n
 </div>\r\n
 </button>\r\n
 <button class="panel-grid-btn">\r\n
 <div class="panel-grid-icon">\r\n
 <svg viewBox="0 0 24 24">\r\n
 <path d="M21 12.79A9 9 0 1 1 11.21 3 7 7 0 0 0 21 12.79z" />\r\n
 </svg>\r\n
 </div>\r\n
 <div class="panel-grid-text">\r\n
 <div class="panel-grid-label">Mode</div>\r\n
 <div class="panel-grid-sub">terang</div>\r\n
 </div>\r\n
 </button>\r\n
 <button class="panel-grid-btn" id="btnFriend">\r\n
 <div class="panel-grid-icon">\r\n
 <svg viewBox="0 0 24 24">\r\n
 <path d="M16 21v-2a4 4 0 0 0-4-4H6a4 4 0 0 0-4 4v2" />\r\n
 <circle cx="9" cy="7" r="4" />\r\n
 <line x1="19" y1="8" x2="19" y2="14" />\r\n
 <line x1="22" y1="11" x2="16" y2="11" />\r\n
 </svg>\r\n
 </div>\r\n
 <div class="panel-grid-text">\r\n
 <div class="panel-grid-label">Friend</div>\r\n
 <div class="panel-grid-sub">cari teman</div>\r\n
 </div>\r\n
 </button>\r\n
 </div>\r\n
\r\n
 <!-- PAGE 2 -->\r\n
 <div class="panel-grid-page">\r\n
 <button class="panel-grid-btn" id="btnMusic">\r\n
 <div class="panel-grid-icon">\r\n
 <svg viewBox="0 0 24 24">\r\n
 <path d="M9 18V5l12-2v13" />\r\n
 <circle cx="6" cy="18" r="3" />\r\n
 <circle cx="18" cy="16" r="3" />\r\n
 </svg>\r\n
 </div>\r\n
 <div class="panel-grid-text">\r\n
 <div class="panel-grid-label">Music</div>\r\n
 <div class="panel-grid-sub">putar lagu</div>\r\n
 </div>\r\n
 </button>\r\n
 <button class="panel-grid-btn" id="btnSetting">\r\n
 <div class="panel-grid-icon">\r\n
 <svg viewBox="0 0 24 24">\r\n
 <circle cx="12" cy="12" r="3" />\r\n
 <path\r\n
 d="M19.4 15a1.65 1.65 0 0 0 .33 1.82l.06.06a2 2 0 0 1 0 2.83 2 2 0 0 1-2.83 0l-.06-.06a1.65 1.65 0 0 0-1.82-.33 1.65 1.65 0 0 0-1 1.51V21a2 2 0 0 1-2 2 2 2 0 0 1-2-2v-.09A1.65 1.65 0 0 0 9 19.4a1.65 1.65 0 0 0-1.82.33l-.06.06a2 2 0 0 1-2.83 0 2 2 0 0 1 0-2.83l.06-.06a1.65 1.65 0 0 0 .33-1.82 1.65 1.65 0 0 0-1.51-1H3a2 2 0 0 1-2-2 2 2 0 0 1 2-2h.09A1.65 1.65 0 0 0 4.6 9a1.65 1.65 0 0 0-.33-1.82l-.06-.06a2 2 0 0 1 0-2.83 2 2 0 0 1 2.83 0l.06.06a1.65 1.65 0 0 0 1.82.33H9a1.65 1.65 0 0 0 1-1.51V3a2 2 0 0 1 2-2 2 2 0 0 1 2 2v.09a1.65 1.65 0 0 0 1 1.51 1.65 1.65 0 0 0 1.82-.33l.06-.06a2 2 0 0 1 2.83 0 2 2 0 0 1 0 2.83l-.06.06a1.65 1.65 0 0 0-.33 1.82V9a1.65 1.65 0 0 0 1.51 1H21a2 2 0 0 1 2 2 2 2 0 0 1-2 2h-.09a1.65 1.65 0 0 0-1.51 1z" />\r\n
 </svg>\r\n
 </div>\r\n
 <div class="panel-grid-text">\r\n
 <div class="panel-grid-label">Setting</div>\r\n
 <div class="panel-grid-sub">pengaturan</div>\r\n
 </div>\r\n
 </button>\r\n
 <button class="panel-grid-btn" id="btnAbout">\r\n
 <div class="panel-grid-icon">\r\n
 <svg viewBox="0 0 24 24">\r\n
 <circle cx="12" cy="12" r="10" />\r\n
 <line x1="12" y1="16" x2="12" y2="12" />\r\n
 <line x1="12" y1="8" x2="12.01" y2="8" />\r\n
 </svg>\r\n
 </div>\r\n
 <div class="panel-grid-text">\r\n
 <div class="panel-grid-label">About</div>\r\n
 <div class="panel-grid-sub">tentang web</div>\r\n
 </div>\r\n
 </button>\r\n
 <button class="panel-grid-btn" id="btnBug">\r\n
 <div class="panel-grid-icon">\r\n
 <svg viewBox="0 0 24 24">\r\n
 <path\r\n
 d="M10.29 3.86L1.82 18a2 2 0 0 0 1.71 3h16.94a2 2 0 0 0 1.71-3L13.71 3.86a2 2 0 0 0-3.42 0z" />\r\n
 <line x1="12" y1="9" x2="12" y2="13" />\r\n
 <line x1="12" y1="17" x2="12.01" y2="17" />\r\n
 </svg>\r\n
 </div>\r\n
 <div class="panel-grid-text">\r\n
 <div class="panel-grid-label">Lapor Bug</div>\r\n
 <div class="panel-grid-sub">laporkan isu</div>\r\n
 </div>\r\n
 </button>\r\n
 </div>\r\n
 </div>\r\n
\r\n
 <!-- Page dots -->\r\n
 <div class="panel-dots">\r\n
 <div class="panel-dot active"></div>\r\n
 <div class="panel-dot"></div>\r\n
 </div>\r\n
 </div>\r\n
\r\n
 <!-- Music Player Component -->\r\n
 <div class="panel-music" id="panelMusic" style="display: none;">\r\n
 <div class="music-header">\r\n
 <div class="music-title">Music Player</div>\r\n
 <label for="musicUpload" class="music-upload-btn">\r\n
 <svg viewBox="0 0 24 24">\r\n
 <line x1="12" y1="5" x2="12" y2="19" />\r\n
 <line x1="5" y1="12" x2="19" y2="12" />\r\n
 </svg>\r\n
 </label>\r\n
 <input type="file" id="musicUpload" accept="audio/*" style="display: none;">\r\n
 </div>\r\n
 <div class="music-visualizer" id="musicVisualizer">\r\n
 <div class="music-bar" style="--max: 20px;"></div>\r\n
 <div class="music-bar" style="--max: 36px;"></div>\r\n
 <div class="music-bar" style="--max: 56px;"></div>\r\n
 <div class="music-bar" style="--max: 80px;"></div>\r\n
 <div class="music-bar" style="--max: 56px;"></div>\r\n
 <div class="music-bar" style="--max: 36px;"></div>\r\n
 <div class="music-bar" style="--max: 20px;"></div>\r\n
 </div>\r\n
 <div class="music-controls">\r\n
 <div class="music-progress-bar" id="musicProgressBar">\r\n
 <div class="music-progress-track"></div>\r\n
 <div class="music-progress-fill" id="musicProgressFill"></div>\r\n
 </div>\r\n
 <button class="music-play-btn" id="musicPlayBtn">\r\n
 <svg viewBox="0 0 24 24" id="iconPlay">\r\n
 <polygon points="5 3 19 12 5 21 5 3" />\r\n
 </svg>\r\n
 <svg viewBox="0 0 24 24" id="iconPause" style="display: none;">\r\n
 <rect x="6" y="4" width="4" height="16" />\r\n
 <rect x="14" y="4" width="4" height="16" />\r\n
 </svg>\r\n
 </button>\r\n
 </div>\r\n
 <audio id="audioPlayer" style="display: none;"></audio>\r\n
 </div>\r\n
\r\n
 <!-- Friend Search Component -->\r\n
 <div class="panel-friend" id="panelFriend" style="display: none;">\r\n
 <div class="friend-search">\r\n
 <svg viewBox="0 0 24 24">\r\n
 <circle cx="11" cy="11" r="8" />\r\n
 <line x1="21" y1="21" x2="16.65" y2="16.65" />\r\n
 </svg>\r\n
 <input type="text" id="friendSearchInput" placeholder="cari nama teman..">\r\n
 </div>\r\n
 <div class="friend-list" id="friendListContainer">\r\n
 <!-- Rendered dynamically -->\r\n
 </div>\r\n
 </div>\r\n
\r\n
 <!-- Account Component -->\r\n
 <div class="panel-account" id="panelAccount" style="display: none;">\r\n
 <div class="account-header">\r\n
 <img src="https://ui-avatars.com/api/?name=Dovie+Jerde+PhD&background=random" alt="Avatar"\r\n
 class="account-avatar" style="border: 2.5px solid rgba(168, 162, 158, 0.4); border-radius: 50%; object-fit: cover;">\r\n
 <div class="account-info">\r\n
 <div class="account-name">Dovie Jerde PhD</div>\r\n
 <div class="account-email">upton.rubye@example.net</div>\r\n
 <div class="account-badge user-tier-display" style="background: rgba(168, 162, 158, 0.8)">Initiate</div>\r\n
 </div>\r\n
 </div>\r\n
\r\n
 <div class="account-stats">\r\n
 <div class="stat-item">\r\n
 <div class="stat-value">LV. 1</div>\r\n
 <div class="stat-label">Level</div>\r\n
 </div>\r\n
 <div class="stat-item">\r\n
 <div class="stat-value">0</div>\r\n
 <div class="stat-label">EXP</div>\r\n
 </div>\r\n
 <div class="stat-item">\r\n
 <div class="stat-value" id="accountFriendsCount">0</div>\r\n
 <div class="stat-label">Friends</div>\r\n
 </div>\r\n
 </div>\r\n
\r\n
 <div class="account-actions">\r\n
 <button class="btn-account-outline" onclick="window.location.href='https://ninja-immunity-radiance.ngrok-free.dev/profile'">Edit Profile</button>\r\n
 <button class="btn-account-primary" onclick="const btnSetting = document.getElementById('btnSetting'); if(btnSetting) btnSetting.click();">Settings</button>\r\n
 </div>\r\n
 </div>\r\n
\r\n
 <!-- Setting Component -->\r\n
 <div class="panel-setting" id="panelSetting" style="display: none;">\r\n
 <div class="setting-section-title">Tampilan</div>\r\n
 <div class="setting-row">\r\n
 <div class="setting-row-left">\r\n
 <div class="setting-row-icon">\r\n
 <svg viewBox="0 0 24 24">\r\n
 <path d="M21 12.79A9 9 0 1 1 11.21 3 7 7 0 0 0 21 12.79z" />\r\n
 </svg>\r\n
 </div>\r\n
 <div>\r\n
 <div class="setting-row-label">Mode Gelap</div>\r\n
 <div class="setting-row-sub">Tema antarmuka</div>\r\n
 </div>\r\n
 </div>\r\n
 <label class="toggle-switch">\r\n
 <input type="checkbox" checked>\r\n
 <span class="toggle-slider"></span>\r\n
 </label>\r\n
 </div>\r\n
 <div class="setting-row">\r\n
 <div class="setting-row-left">\r\n
 <div class="setting-row-icon">\r\n
 <svg viewBox="0 0 24 24">\r\n
 <circle cx="12" cy="12" r="4" />\r\n
 <path\r\n
 d="M12 2v2M12 20v2M4.93 4.93l1.41 1.41M17.66 17.66l1.41 1.41M2 12h2M20 12h2M4.93 19.07l1.41-1.41M17.66 6.34l1.41-1.41" />\r\n
 </svg>\r\n
 </div>\r\n
 <div>\r\n
 <div class="setting-row-label">Animasi</div>\r\n
 <div class="setting-row-sub">Efek visual</div>\r\n
 </div>\r\n
 </div>\r\n
 <label class="toggle-switch">\r\n
 <input type="checkbox" checked>\r\n
 <span class="toggle-slider"></span>\r\n
 </label>\r\n
 </div>\r\n
\r\n
 <div class="setting-section-title">Notifikasi</div>\r\n
 <div class="setting-row">\r\n
 <div class="setting-row-left">\r\n
 <div class="setting-row-icon">\r\n
 <svg viewBox="0 0 24 24">\r\n
 <path d="M18 8A6 6 0 0 0 6 8c0 7-3 9-3 9h18s-3-2-3-9" />\r\n
 <path d="M13.73 21a2 2 0 0 1-3.46 0" />\r\n
 </svg>\r\n
 </div>\r\n
 <div>\r\n
 <div class="setting-row-label">Push Notif</div>\r\n
 <div class="setting-row-sub">Peringatan real-time</div>\r\n
 </div>\r\n
 </div>\r\n
 <label class="toggle-switch">\r\n
 <input type="checkbox" checked>\r\n
 <span class="toggle-slider"></span>\r\n
 </label>\r\n
 </div>\r\n
 <div class="setting-row">\r\n
 <div class="setting-row-left">\r\n
 <div class="setting-row-icon">\r\n
 <svg viewBox="0 0 24 24">\r\n
 <path\r\n
 d="M4 4h16c1.1 0 2 .9 2 2v12c0 1.1-.9 2-2 2H4c-1.1 0-2-.9-2-2V6c0-1.1.9-2 2-2z" />\r\n
 <polyline points="22,6 12,13 2,6" />\r\n
 </svg>\r\n
 </div>\r\n
 <div>\r\n
 <div class="setting-row-label">Email Digest</div>\r\n
 <div class="setting-row-sub">Ringkasan mingguan</div>\r\n
 </div>\r\n
 </div>\r\n
 <label class="toggle-switch">\r\n
 <input type="checkbox">\r\n
 <span class="toggle-slider"></span>\r\n
 </label>\r\n
 </div>\r\n
\r\n
 <div class="setting-section-title">Privasi</div>\r\n
 <div class="setting-row">\r\n
 <div class="setting-row-left">\r\n
 <div class="setting-row-icon">\r\n
 <svg viewBox="0 0 24 24">\r\n
 <path d="M1 12s4-8 11-8 11 8 11 8-4 8-11 8-11-8-11-8z" />\r\n
 <circle cx="12" cy="12" r="3" />\r\n
 </svg>\r\n
 </div>\r\n
 <div>\r\n
 <div class="setting-row-label">Profil Publik</div>\r\n
 <div class="setting-row-sub">Bisa dilihat semua orang</div>\r\n
 </div>\r\n
 </div>\r\n
 <label class="toggle-switch">\r\n
 <input type="checkbox" checked>\r\n
 <span class="toggle-slider"></span>\r\n
 </label>\r\n
 </div>\r\n
\r\n
 <button class="btn-setting-logout">\r\n
 <svg viewBox="0 0 24 24">\r\n
 <path d="M9 21H5a2 2 0 0 1-2-2V5a2 2 0 0 1 2-2h4" />\r\n
 <polyline points="16 17 21 12 16 7" />\r\n
 <line x1="21" y1="12" x2="9" y2="12" />\r\n
 </svg>\r\n
 Keluar / Logout\r\n
 </button>\r\n
 </div>\r\n
\r\n
 <!-- About Component -->\r\n
 <div class="panel-about" id="panelAbout" style="display: none;">\r\n
 <div class="about-logo-row">\r\n
 <div class="about-logo">🚀</div>\r\n
 <div>\r\n
 <div class="about-app-name">TurnCode</div>\r\n
 <div class="about-version">Version 1.0.0 — Stable Release</div>\r\n
 </div>\r\n
 </div>\r\n
 <p class="about-desc">Platform belajar coding interaktif yang dirancang untuk membantu developer\r\n
 tumbuh lebih cepat dengan materi, tantangan, dan komunitas.</p>\r\n
 <div class="about-stack">\r\n
 <span class="about-badge">Laravel 11</span>\r\n
 <span class="about-badge">Blade</span>\r\n
 <span class="about-badge">Vite</span>\r\n
 <span class="about-badge">Web Audio API</span>\r\n
 <span class="about-badge">IndexedDB</span>\r\n
 </div>\r\n
 <div class="about-divider"></div>\r\n
 <div class="about-links">\r\n
 <a href="#" class="about-link-row">\r\n
 <div class="about-link-left">\r\n
 <svg viewBox="0 0 24 24">\r\n
 <circle cx="12" cy="12" r="10" />\r\n
 <line x1="12" y1="8" x2="12" y2="12" />\r\n
 <line x1="12" y1="16" x2="12.01" y2="16" />\r\n
 </svg>\r\n
 <span class="about-link-label">Dokumentasi</span>\r\n
 </div>\r\n
 <svg class="about-link-chevron" viewBox="0 0 24 24">\r\n
 <polyline points="9 18 15 12 9 6" />\r\n
 </svg>\r\n
 </a>\r\n
 <a href="#" class="about-link-row">\r\n
 <div class="about-link-left">\r\n
 <svg viewBox="0 0 24 24">\r\n
 <path\r\n
 d="M9 19c-5 1.5-5-2.5-7-3m14 6v-3.87a3.37 3.37 0 0 0-.94-2.61c3.14-.35 6.44-1.54 6.44-7A5.44 5.44 0 0 0 20 4.77 5.07 5.07 0 0 0 19.91 1S18.73.65 16 2.48a13.38 13.38 0 0 0-7 0C6.27.65 5.09 1 5.09 1A5.07 5.07 0 0 0 5 4.77a5.44 5.44 0 0 0-1.5 3.78c0 5.42 3.3 6.61 6.44 7A3.37 3.37 0 0 0 9 18.13V22" />\r\n
 </svg>\r\n
 <span class="about-link-label">GitHub Repository</span>\r\n
 </div>\r\n
 <svg class="about-link-chevron" viewBox="0 0 24 24">\r\n
 <polyline points="9 18 15 12 9 6" />\r\n
 </svg>\r\n
 </a>\r\n
 </div>\r\n
 <div class="about-copyright">© 2025 TurnCode. Dibuat dengan ❤️ di Indonesia.</div>\r\n
 </div>\r\n
 </div>\r\n
\r\n
 </div>\r\n
\r\n
 <!-- Bug Report Component (Outside panel-content) -->\r\n
 <div class="bug-report-wrapper" id="bugReportWrapper">\r\n
 <div class="bug-slides-container">\r\n
 <!-- Slide 1 -->\r\n
 <div class="bug-slide bug-slide-1">\r\n
 <svg class="bug-prompt-icon" viewBox="0 0 24 24" xmlns="http://www.w3.org/2000/svg">\r\n
 <path\r\n
 d="M12 2l3.09 6.26L22 9.27l-5 4.87 1.18 6.88L12 17.77l-6.18 3.25L7 14.14 2 9.27l6.91-1.01L12 2z" />\r\n
 </svg>\r\n
 <div class="bug-prompt-title">apakah kamu mau<br>melaporkan masalah</div>\r\n
 <div class="bug-actions">\r\n
 <button type="button" class="bug-btn bug-btn-no" id="btnBugClose">Tidak</button>\r\n
 <button type="button" class="bug-btn bug-btn-yes" id="btnBugNext">Laporkan</button>\r\n
 </div>\r\n
 </div>\r\n
\r\n
 <!-- Slide 2 -->\r\n
 <div class="bug-slide bug-slide-2" style="padding: 2rem;">\r\n
 <div class="bug2-layout">\r\n
 <!-- Left Column -->\r\n
 <div class="bug2-left">\r\n
 <div class="bug2-header-box">\r\n
 <p>Apa masalah yang<br>kamu alami saat ini?</p>\r\n
 </div>\r\n
 <label class="bug-upload-area" style="flex: 1; border-radius: 16px;">\r\n
 <svg viewBox="0 0 24 24" width="40" height="40" stroke="#8e8c94" stroke-width="1.5"\r\n
 fill="none" style="margin-bottom:0.5rem;">\r\n
 <rect x="3" y="3" width="18" height="18" rx="2" ry="2"></rect>\r\n
 <circle cx="8.5" cy="8.5" r="1.5"></circle>\r\n
 <polyline points="21 15 16 10 5 21"></polyline>\r\n
 </svg>\r\n
 <span style="font-size: 0.85rem; text-align: center;">Upload gambar bila ada atau\r\n
 drop<br>disini</span>\r\n
 <input type="file" style="display:none" accept="image/*">\r\n
 </label>\r\n
 </div>\r\n
\r\n
 <!-- Right Column -->\r\n
 <div class="bug2-right">\r\n
 <div class="bug2-title-row">\r\n
 <svg viewBox="0 0 24 24" xmlns="http://www.w3.org/2000/svg">\r\n
 <path\r\n
 d="M12 2l3.09 6.26L22 9.27l-5 4.87 1.18 6.88L12 17.77l-6.18 3.25L7 14.14 2 9.27l6.91-1.01L12 2z" />\r\n
 </svg>\r\n
 <p>Berani lapor demi kemajuan Turning Code!!,<br>kami siap selesaikan secepat mungkin\r\n
 </p>\r\n
 </div>\r\n
\r\n
 <div class="bug-input-group">\r\n
 <label class="bug-label" style="color: #e8e8e8; font-size: 0.9rem;">Judul\r\n
 laporan</label>\r\n
 <input type="text" class="bug-input" placeholder="isi dengan topik masalah nya"\r\n
 style="background: rgba(255,255,255,0.03); border: none;">\r\n
 </div>\r\n
\r\n
 <div class="bug-input-group" style="flex:1;">\r\n
 <label class="bug-label" style="color: #e8e8e8; font-size: 0.9rem;">Deskripsi\r\n
 Laporan</label>\r\n
 <textarea class="bug-textarea" placeholder="Isi keluhan yang kamu rasakan"\r\n
 style="background: rgba(255,255,255,0.03); border: none; flex:1;"></textarea>\r\n
 </div>\r\n
\r\n
 <div class="bug-actions" style="margin-top: 0.5rem;">\r\n
 <button type="button" class="bug-btn bug-btn-no" id="btnBugPrev">Batalkan</button>\r\n
 <button type="button" class="bug-btn bug-btn-yes" id="btnBugSubmit">Laporkan</button>\r\n
 </div>\r\n
 </div>\r\n
 </div>\r\n
 </div>\r\n
 </div>\r\n
 </div>\r\n
 \r\n
 <script>\r\n
 function updateNavUnreadDot() {\r\n
 const hasUnread = document.querySelectorAll('.panel-notif-item.unread').length > 0;\r\n
 const navDots = document.querySelectorAll('.nav-unread-dot');\r\n
 navDots.forEach(dot => {\r\n
 if (hasUnread) {\r\n
 dot.style.display = 'block';\r\n
 // force reflow\r\n
 dot.offsetHeight;\r\n
 dot.style.opacity = '1';\r\n
 dot.style.transform = 'scale(1)';\r\n
 } else {\r\n
 dot.style.transition = 'opacity 0.3s ease, transform 0.3s ease';\r\n
 dot.style.opacity = '0';\r\n
 dot.style.transform = 'scale(0)';\r\n
 setTimeout(() => {\r\n
 dot.style.display = 'none';\r\n
 }, 300);\r\n
 }\r\n
 });\r\n
 }\r\n
\r\n
 function markNotificationAsRead(element, id) {\r\n
 if (!element.classList.contains('unread')) return;\r\n
\r\n
 const csrfTokenMeta = document.querySelector('meta[name="csrf-token"]');\r\n
 const token = csrfTokenMeta ? csrfTokenMeta.getAttribute('content') : '';\r\n
\r\n
 fetch(`/api/notifications/${id}/read`, {\r\n
 method: 'POST',\r\n
 headers: {\r\n
 'Content-Type': 'application/json',\r\n
 'X-CSRF-TOKEN': token,\r\n
 'Accept': 'application/json'\r\n
 }\r\n
 })\r\n
 .then(response => response.json())\r\n
 .then(data => {\r\n
 if (data.success) {\r\n
 element.classList.remove('unread');\r\n
 element.style.opacity = '0.6';\r\n
\r\n
 const dot = element.querySelector('.unread-dot');\r\n
 if (dot) {\r\n
 dot.style.transition = 'opacity 0.3s ease, transform 0.3s ease';\r\n
 dot.style.opacity = '0';\r\n
 dot.style.transform = 'scale(0)';\r\n
 setTimeout(() => dot.remove(), 300);\r\n
 }\r\n
 \r\n
 updateNavUnreadDot();\r\n
 }\r\n
 })\r\n
 .catch(error => console.error('Error marking notification as read:', error));\r\n
 }\r\n
\r\n
 function initMenuPanelJs() {\r\n
 const checkAllBtn = document.querySelector('.panel-notif-checkall');\r\n
 if (checkAllBtn) {\r\n
 checkAllBtn.addEventListener('click', function (e) {\r\n
 e.preventDefault();\r\n
 e.stopPropagation();\r\n
\r\n
 const csrfTokenMeta = document.querySelector('meta[name="csrf-token"]');\r\n
 const token = csrfTokenMeta ? csrfTokenMeta.getAttribute('content') : '';\r\n
\r\n
 const unreadItems = document.querySelectorAll('.panel-notif-item.unread');\r\n
 if (unreadItems.length === 0) return;\r\n
\r\n
 fetch('/api/notifications/read-all', {\r\n
 method: 'POST',\r\n
 headers: {\r\n
 'Content-Type': 'application/json',\r\n
 'X-CSRF-TOKEN': token,\r\n
 'Accept': 'application/json'\r\n
 }\r\n
 })\r\n
 .then(response => response.json())\r\n
 .then(data => {\r\n
 if (data.success) {\r\n
 unreadItems.forEach(item => {\r\n
 item.classList.remove('unread');\r\n
 item.style.opacity = '0.6';\r\n
\r\n
 const dot = item.querySelector('.unread-dot');\r\n
 if (dot) {\r\n
 dot.style.transition = 'opacity 0.3s ease, transform 0.3s ease';\r\n
 dot.style.opacity = '0';\r\n
 dot.style.transform = 'scale(0)';\r\n
 setTimeout(() => dot.remove(), 300);\r\n
 }\r\n
 });\r\n
 \r\n
 updateNavUnreadDot();\r\n
 }\r\n
 })\r\n
 .catch(error => console.error('Error marking all notifications as read:', error));\r\n
 });\r\n
 }\r\n
 }\r\n
\r\n
 document.addEventListener('turbo:load', initMenuPanelJs);\r\n
 if (document.readyState === 'loading') {\r\n
 document.addEventListener('DOMContentLoaded', initMenuPanelJs);\r\n
 } else {\r\n
 initMenuPanelJs();\r\n
 }\r\n
 </script>\r\n
</div>\r\n
\r\n
\r\n
 <div class="container">\r\n
 <!-- Header -->\r\n
 <div class="header-section">\r\n
 <div class="hero-card" id="heroCard">\r\n
 <div class="hero-bg-layer" id="heroBg1" style="opacity: 1;"></div>\r\n
 <div class="hero-bg-layer" id="heroBg2" style="opacity: 0;"></div>\r\n
 <script>\r\n
 (function () {\r\n
 var savedIndex = localStorage.getItem('heroBgIndex') || 0;\r\n
 var bgs = [\r\n
 '/images/scenery_header.gif',\r\n
 '/images/scenery_header01.gif',\r\n
 '/images/scenery_header02.gif',\r\n
 '/images/scenery_header03.gif',\r\n
 '/images/scenery_header04.gif'\r\n
 ];\r\n
 var bgImg = bgs[savedIndex] || bgs[0];\r\n
 document.getElementById('heroBg1').style.backgroundImage = 'url(' + bgImg + ')';\r\n
 })();\r\n
 </script>\r\n
 <div class="hero-overlay">\r\n
 <div class="hero-icons">\r\n
 <div class="hero-icon-wrapper">\r\n
 <div class="hero-icon" id="btnHeroCalendar" style="cursor:pointer;">\r\n
 <svg width="28" height="28" viewBox="0 0 24 24" fill="none"\r\n
 stroke="rgba(255,255,255,0.85)" stroke-width="1.8" stroke-linecap="round"\r\n
 stroke-linejoin="round">\r\n
 <rect x="3" y="4" width="18" height="18" rx="3" />\r\n
 <line x1="16" y1="2" x2="16" y2="6" />\r\n
 <line x1="8" y1="2" x2="8" y2="6" />\r\n
 <line x1="3" y1="10" x2="21" y2="10" />\r\n
 </svg>\r\n
 </div>\r\n
 </div>\r\n
 <div class="hero-icon-wrapper">\r\n
 <div class="hero-icon">\r\n
 <svg width="28" height="28" viewBox="0 0 24 24" fill="none"\r\n
 stroke="rgba(255,255,255,0.85)" stroke-width="1.8" stroke-linecap="round"\r\n
 stroke-linejoin="round">\r\n
 <path\r\n
 d="M16 4h2a2 2 0 0 1 2 2v14a2 2 0 0 1-2 2H6a2 2 0 0 1-2-2V6a2 2 0 0 1 2-2h2" />\r\n
 <rect x="8" y="2" width="8" height="4" rx="1" ry="1" />\r\n
 <line x1="9" y1="12" x2="15" y2="12" />\r\n
 <line x1="9" y1="16" x2="13" y2="16" />\r\n
 </svg>\r\n
 </div>\r\n
 </div>\r\n
 <div class="hero-icon-wrapper">\r\n
 <div class="hero-icon">\r\n
 <svg width="28" height="28" viewBox="0 0 24 24" fill="none"\r\n
 stroke="rgba(255,255,255,0.85)" stroke-width="1.8" stroke-linecap="round"\r\n
 stroke-linejoin="round">\r\n
 <path d="M18 8A6 6 0 0 0 6 8c0 7-3 9-3 9h18s-3-2-3-9" />\r\n
 <path d="M13.73 21a2 2 0 0 1-3.46 0" />\r\n
 </svg>\r\n
 </div>\r\n
 </div>\r\n
 <div class="hero-icon-wrapper">\r\n
 <div class="hero-icon">\r\n
 <svg width="28" height="28" viewBox="0 0 24 24" fill="none"\r\n
 stroke="rgba(255,255,255,0.85)" stroke-width="1.8" stroke-linecap="round"\r\n
 stroke-linejoin="round">\r\n
 <circle cx="12" cy="12" r="3" />\r\n
 <path\r\n
 d="M19.4 15a1.65 1.65 0 0 0 .33 1.82l.06.06a2 2 0 0 1-2.83 2.83l-.06-.06a1.65 1.65 0 0 0-1.82-.33 1.65 1.65 0 0 0-1 1.51V21a2 2 0 0 1-4 0v-.09A1.65 1.65 0 0 0 9 19.4a1.65 1.65 0 0 0-1.82.33l-.06.06a2 2 0 0 1-2.83-2.83l.06-.06A1.65 1.65 0 0 0 4.68 15a1.65 1.65 0 0 0-1.51-1H3a2 2 0 0 1 0-4h.09A1.65 1.65 0 0 0 4.6 9a1.65 1.65 0 0 0-.33-1.82l-.06-.06a2 2 0 0 1 2.83-2.83l.06.06A1.65 1.65 0 0 0 9 4.68a1.65 1.65 0 0 0 1-1.51V3a2 2 0 0 1 4 0v.09a1.65 1.65 0 0 0 1 1.51 1.65 1.65 0 0 0 1.82-.33l.06-.06a2 2 0 0 1 2.83 2.83l-.06.06A1.65 1.65 0 0 0 19.4 9a1.65 1.65 0 0 0 1.51 1H21a2 2 0 0 1 0 4h-.09a1.65 1.65 0 0 0-1.51 1z" />\r\n
 </svg>\r\n
 </div>\r\n
 </div>\r\n
 </div>\r\n
\r\n
 <div class="hero-clock-container">\r\n
 <div class="hero-clock-text">\r\n
 <div id="hero-clock-hours">12</div>\r\n
 <div id="hero-clock-minutes">32</div>\r\n
 </div>\r\n
 <div class="hero-clock-star"></div>\r\n
 </div>\r\n
\r\n
 <!-- Hero Wallpaper Scroller Dots -->\r\n
 <div class="hero-slider-dots">\r\n
 <div class="hero-dot active" data-bg="/images/scenery_header.gif"></div>\r\n
 <div class="hero-dot" data-bg="/images/scenery_header01.gif"></div>\r\n
 <div class="hero-dot" data-bg="/images/scenery_header02.gif"></div>\r\n
 <div class="hero-dot" data-bg="/images/scenery_header03.gif"></div>\r\n
 <div class="hero-dot" data-bg="/images/scenery_header04.gif"></div>\r\n
 </div>\r\n
 </div>\r\n
 </div>\r\n
\r\n
 <div class="stats-col">\r\n
 <div class="stat-card-dark">\r\n
 <div class="exp-row">\r\n
 <div class="exp-star"\r\n
 style="display: flex; align-items: center; justify-content: center; flex-direction: column; color: #fff; font-weight: 800; font-size: 0.8rem; line-height: 1.1; text-shadow: 0 1px 3px rgba(0,0,0,0.5);">\r\n
 <span\r\n
 style="font-size: 0.55rem; opacity: 0.85; font-weight: 600; letter-spacing: 0.5px;">LV</span>\r\n
 <span style="font-size: 1.35rem; font-weight: 900; margin-top: -2px;"\r\n
 class="user-level-display">1</span>\r\n
 </div>\r\n
 <div class="exp-text-col">\r\n
 <div class="exp-label user-next-tier-display" data-format="number">\r\n
 100\r\n
 </div>\r\n
 <div class="exp-amount">\r\n
 <span\r\n
 class="user-exp-display">0</span>\r\n
 <span class="exp-label"\r\n
 style="font-size: 0.65rem; color: #fff; align-self: baseline; margin-left: 2px;">EXP</span>\r\n
 </div>\r\n
 </div>\r\n
 </div>\r\n
 <div class="exp-bar-container">\r\n
 <div class="exp-bar-track"></div>\r\n
 <div class="exp-bar-fill user-exp-bar" style="width: 0%">\r\n
 0%\r\n
 </div>\r\n
 </div>\r\n
 </div>\r\n
\r\n
 <div class="stat-card new-tier-card" style="--tier-color: 168, 162, 158;">\r\n
 <div class="new-tier-bg-image"></div>\r\n
 <div class="new-tier-bg-gradient"></div>\r\n
 <div class="new-tier-content">\r\n
 <div class="new-tier-badge-row">\r\n
 <span class="new-tier-lvl">LV. <span\r\n
 class="user-level-display">1</span></span>\r\n
 <span class="new-tier-lbl">TIER</span>\r\n
 </div>\r\n
 <div class="new-tier-title user-tier-display">Initiate</div>\r\n
 </div>\r\n
 </div>\r\n
 </div>\r\n
 </div>\r\n
\r\n
 <!-- BUDDY COMPONENT -->\r\n
 <div class="buddy-section">\r\n
 <div class="buddy-card-container">\r\n
 <!-- Silhouette Cover -->\r\n
 <img id="buddy-silhouette" class="buddy-silhouette" src="" alt="">\r\n
\r\n
 <div id="buddy-state-1" class="buddy-state-inner"\r\n
 style="display: flex;">\r\n
 <div class="buddy-header text-center">\r\n
 <h3 id="buddy-selection-header" class="text-visible" style="margin-bottom: 5px;">Pilih teman\r\n
 belajar mu!</h3>\r\n
 <p id="buddy-selection-subtitle" class="text-visible"\r\n
 style="color: var(--text-muted); font-size: 0.9rem;">Teman yang akan menemani mu sampai\r\n
 lulus\r\n
 </p>\r\n
 </div>\r\n
 <div class="buddy-avatars-row">\r\n
 <img src="https://ninja-immunity-radiance.ngrok-free.dev/images/buddies/box-1.gif" class="buddy-avatar-option" data-id="1"\r\n
 alt="Buddy 1">\r\n
 <img src="https://ninja-immunity-radiance.ngrok-free.dev/images/buddies/box-2.gif" class="buddy-avatar-option" data-id="2"\r\n
 alt="Buddy 2">\r\n
 <img src="https://ninja-immunity-radiance.ngrok-free.dev/images/buddies/box-3.gif" class="buddy-avatar-option" data-id="3"\r\n
 alt="Buddy 3">\r\n
 <img src="https://ninja-immunity-radiance.ngrok-free.dev/images/buddies/box-4.gif" class="buddy-avatar-option" data-id="4"\r\n
 alt="Buddy 4">\r\n
 </div>\r\n
 </div>\r\n
\r\n
 <div id="buddy-state-2" class="buddy-state-inner buddy-naming-state" style="display: none;">\r\n
 <img id="selected-buddy-preview" src="" class="buddy-avatar-preview" alt="Selected Buddy">\r\n
 <div class="buddy-form">\r\n
 <h3 style="margin-bottom: 15px;">Siapa nama teman mu?</h3>\r\n
 <div class="buddy-input-row">\r\n
 <input type="text" id="buddy-name-input" placeholder="isi nama nya" class="buddy-input">\r\n
 <button type="button" id="btn-save-buddy" class="btn-buddy-submit">Selesai</button>\r\n
 </div>\r\n
 <span id="buddy-error-msg" class="buddy-error" style="display: none;">isi nama yang niat\r\n
 yak!!!..</span>\r\n
 </div>\r\n
 </div>\r\n
\r\n
 <div id="buddy-state-3" class="buddy-state-inner buddy-active-state"\r\n
 style="display: none; flex-direction: column; align-items: stretch;">\r\n
\r\n
 <div class="buddy-chat-header" style="display: flex; align-items: center; gap: 1rem; width: 100%;">\r\n
 <div style="position: relative;" id="active-buddy-avatar-wrapper">\r\n
 <img id="active-buddy-avatar"\r\n
 src=""\r\n
 class="buddy-avatar-preview" alt="My Buddy" style="width: 80px; height: 80px;">\r\n
 <div class="buddy-mood-dot"></div>\r\n
 <!-- Floating Speech Bubble / Toast -->\r\n
 <div id="buddy-toast" class="buddy-toast">\r\n
 <span id="buddy-toast-text"></span>\r\n
 <div class="buddy-toast-arrow"></div>\r\n
 </div>\r\n
 </div>\r\n
 <div class="buddy-chat" style="flex: 1;">\r\n
 <h3 id="active-buddy-name"\r\n
 style="margin-bottom: 5px; display: flex; align-items: center; justify-content: space-between;">\r\n
 <span></span>\r\n
 <div style="display: flex; align-items: center; gap: 8px;">\r\n
 <span id="buddy-status-label"\r\n
 style="font-size: 0.8rem; font-weight: normal; color: var(--buddy-mood-color, #10B981); display: flex; align-items: center; gap: 6px; transition: color 0.5s ease;">\r\n
 <div\r\n
 style="width: 8px; height: 8px; border-radius: 50%; background: var(--buddy-mood-color, #10B981); box-shadow: 0 0 8px var(--buddy-mood-color, #10B981); transition: background 0.5s ease, box-shadow 0.5s ease;">\r\n
 </div> <span id="buddy-status-text">Online</span>\r\n
 </span>\r\n
 <div id="buddy-mode-switch" class="buddy-mode-switch">\r\n
 <div class="buddy-mode-slider" id="buddy-mode-slider"></div>\r\n
 <button type="button" class="buddy-mode-btn active" data-mode="auto"\r\n
 id="btn-mode-auto" title="Chat Otomatis">\r\n
 <i class="fas fa-robot"></i>\r\n
 </button>\r\n
 <button type="button" class="buddy-mode-btn" data-mode="chat" id="btn-mode-chat"\r\n
 title="Chat Input">\r\n
 <i class="fas fa-keyboard"></i>\r\n
 </button>\r\n
 </div>\r\n
 <button type="button" id="btn-toggle-pills" class="buddy-settings-btn"\r\n
 onclick="toggleBuddyPills()" title="Pengaturan Pill Tags">\r\n
 <i class="fas fa-cog" id="buddy-settings-icon"></i>\r\n
 </button>\r\n
 </div>\r\n
 </h3>\r\n
 <div id="buddy-chat-log" class="buddy-chat-log"></div>\r\n
 <p id="buddy-typing-text"\r\n
 style="color: var(--text-muted); font-size: 0.95rem; min-height: 44px; line-height: 1.4;">\r\n
 </p>\r\n
 <div id="buddy-prompt-wrapper" class="buddy-prompt-wrapper">\r\n
 <div id="buddy-prompt-buttons" class="buddy-prompt-inner">\r\n
 <button id="btn-prompt-yes" class="buddy-action-btn primary"\r\n
 style="padding: 0.4rem 1rem; flex: none; width: auto; font-size: 0.85rem;">Iya</button>\r\n
 <button id="btn-prompt-no" class="buddy-action-btn"\r\n
 style="padding: 0.4rem 1rem; flex: none; width: auto; font-size: 0.85rem;">Tidak</button>\r\n
 </div>\r\n
 </div>\r\n
 <!-- Free Text Chat Input Row -->\r\n
 <div id="buddy-chat-input-wrapper" class="buddy-chat-input-row">\r\n
 <input type="text" id="buddy-chat-input" placeholder="Tanya buddy sesuatu.."\r\n
 autocomplete="off">\r\n
 <button type="button" id="btn-buddy-chat-send" class="btn-buddy-chat-send"\r\n
 title="Kirim">\r\n
 <i class="fas fa-paper-plane"></i>\r\n
 </button>\r\n
 </div>\r\n
 <!-- "Tanya Buddy" Pill-Tags -->\r\n
 <div id="buddy-pills-wrapper" class="buddy-pills-row">\r\n
 <div class="buddy-pills-inner">\r\n
 <button class="buddy-pill-btn" onclick="askBuddy('tips', this)">💡 Tips\r\n
 Belajar</button>\r\n
 <button class="buddy-pill-btn" onclick="askBuddy('status', this)">🔥 Status</button>\r\n
 <button class="buddy-pill-btn" onclick="askBuddy('motivasi', this)">🚀\r\n
 Motivasi</button>\r\n
 <button class="buddy-pill-btn" onclick="askBuddy('humor', this)">☕ Lelucon</button>\r\n
 <button class="buddy-pill-btn buddy-pill-dismiss" onclick="dismissBuddyPills()"\r\n
 title="Sembunyikan">✕</button>\r\n
 </div>\r\n
 </div>\r\n
 </div>\r\n
 </div>\r\n
 </div>\r\n
 </div>\r\n
\r\n
 <!-- SEPARATE EXTENDED INFO CARD -->\r\n
 <div id="buddy-stats-card" class="buddy-card-container"\r\n
 style="display: none; opacity: 0; transform: translateY(-10px); transition: all 0.4s ease; margin-top: 15px; flex-direction: column; width: 100%;">\r\n
 <div\r\n
 style="display: flex; justify-content: space-between; align-items: center; width: 100%; margin-bottom: 10px;">\r\n
 <h4 style="margin: 0; font-size: 1rem; color: var(--text-main);">Informasi Tambahan</h4>\r\n
 <button id="btn-close-stats"\r\n
 style="background: rgba(255,255,255,0.1); border: none; color: white; width: 30px; height: 30px; border-radius: 50%; cursor: pointer; display: flex; justify-content: center; align-items: center; transition: all 0.2s ease;"\r\n
 onmouseover="this.style.background='rgba(255,255,255,0.2)'"\r\n
 onmouseout="this.style.background='rgba(255,255,255,0.1)'">\r\n
 <i class="fas fa-times"></i>\r\n
 </button>\r\n
 </div>\r\n
\r\n
 <div class="buddy-stats-row" style="margin-top: 0;">\r\n
 <div class="buddy-stat-item">\r\n
 <span class="stat-icon">🔥</span>\r\n
 <div class="stat-info">\r\n
 <span class="stat-value" id="buddy-stat-streak">- hr</span>\r\n
 <span class="stat-label">Streak</span>\r\n
 </div>\r\n
 </div>\r\n
 <div class="buddy-stat-item">\r\n
 <span class="stat-icon">📚</span>\r\n
 <div class="stat-info">\r\n
 <span class="stat-value" id="buddy-stat-missions">-/-</span>\r\n
 <span class="stat-label">Misi Selesai</span>\r\n
 </div>\r\n
 </div>\r\n
 <div class="buddy-stat-item">\r\n
 <span class="stat-icon">⚡</span>\r\n
 <div class="stat-info">\r\n
 <span class="stat-value" id="buddy-stat-level">Lv 1</span>\r\n
 <span class="stat-label"\r\n
 id="buddy-stat-tier">Initiate</span>\r\n
 </div>\r\n
 </div>\r\n
 </div>\r\n
\r\n
 <!-- Rekomendasi Belajar -->\r\n
 <div id="buddy-recommendation-card" class="buddy-rec-card" style="display: none; margin-top: 15px;">\r\n
 <div class="buddy-rec-header">\r\n
 <span class="buddy-rec-icon">🎯</span>\r\n
 <span class="buddy-rec-tag">Rekomendasi Belajar</span>\r\n
 </div>\r\n
 <div class="buddy-rec-body">\r\n
 <div id="buddy-rec-course-title" class="buddy-rec-course">Memuat kelas..</div>\r\n
 <div id="buddy-rec-lesson-title" class="buddy-rec-lesson">Mencari materi selanjutnya..</div>\r\n
\r\n
 <div class="buddy-rec-progress-wrapper">\r\n
 <div class="buddy-rec-progress-track">\r\n
 <div id="buddy-rec-progress-bar" class="buddy-rec-progress-bar" style="width: 0%;">\r\n
 </div>\r\n
 </div>\r\n
 <span id="buddy-rec-progress-text" class="buddy-rec-progress-text">Progress: 0%</span>\r\n
 </div>\r\n
\r\n
 <a id="buddy-rec-action-btn" href="#" class="buddy-rec-btn">\r\n
 Mulai Belajar <i class="fas fa-arrow-right"></i>\r\n
 </a>\r\n
 </div>\r\n
 </div>\r\n
\r\n
 <div class="buddy-quick-actions">\r\n
 <a href="#materi-section" class="buddy-action-btn primary">\r\n
 <i class="fa-solid fa-play"></i> Lanjut Belajar\r\n
 </a>\r\n
 <a href="#misi-section" class="buddy-action-btn">\r\n
 <i class="fa-solid fa-list-check"></i> Cek Misi\r\n
 </a>\r\n
 </div>\r\n
 </div>\r\n
 </div>\r\n
\r\n
 <!-- PROGRESS & MISI HARIAN -->\r\n
 <div>\r\n
 <div class="section-header">\r\n
 <h2 class="section-title">Progress dan misi harian</h2>\r\n
 <p class="section-subtitle">Gasss!!, mulai aja dulu ntar tau mau kemana selanjutnya</p>\r\n
 </div>\r\n
\r\n
 <div class="missions-container">\r\n
 <div class="mission-list">\r\n
 <div\r\n
 class="mission-item ">\r\n
 <div class="mission-icon"></div>\r\n
 <div class="mission-text">Baca 1 SubMateri</div>\r\n
 <div class="mission-progress">0/1</div>\r\n
 <div class="mission-reward">+200 EXP</div>\r\n
 </div>\r\n
 <div\r\n
 class="mission-item ">\r\n
 <div class="mission-icon"></div>\r\n
 <div class="mission-text">Selesaikan 1 Quiz</div>\r\n
 <div class="mission-progress">0/1</div>\r\n
 <div class="mission-reward">+350 EXP</div>\r\n
 </div>\r\n
 <div\r\n
 class="mission-item ">\r\n
 <div class="mission-icon"></div>\r\n
 <div class="mission-text">Baca 3 SubMateri</div>\r\n
 <div class="mission-progress">0/3</div>\r\n
 <div class="mission-reward">+350 EXP</div>\r\n
 </div>\r\n
 </div>\r\n
\r\n
 <div class="web-dev-card">\r\n
 <div class="web-dev-pill">\r\n
 <div class="web-dev-dot"></div>\r\n
 Tujuanmu saat ini\r\n
 </div>\r\n
 <div class="web-dev-title">\r\n
 Front End\r\n
 </div>\r\n
 <div class="web-dev-bar-container">\r\n
 <div class="web-dev-bar-track"></div>\r\n
 <div class="web-dev-bar-fill" style="width: 0%">\r\n
 %\r\n
 </div>\r\n
 </div>\r\n
 </div>\r\n
 </div>\r\n
 </div>\r\n
\r\n
 <!-- UJIAN AKHIR / SERTIFIKAT FOKUS -->\r\n
 \r\n
 <!-- MATERI BELAJAR -->\r\n
 <div>\r\n
 <div class="section-header">\r\n
 <h2 class="section-title">Materi Belajar</h2>\r\n
 <p class="section-subtitle">Gasss, yok mulai belajar pilih yang kamu tertarik</p>\r\n
 </div>\r\n
\r\n
 <div class="materials-container">\r\n
 <div class="material-card expanded">\r\n
 <div class="collapsed-content">\r\n
 <div class="collapsed-text">HTML</div>\r\n
 <button class="arrow-btn">→</button>\r\n
 </div>\r\n
 <div class="material-expanded-content">\r\n
 <h3 class="material-title">HTML</h3>\r\n
 <p class="material-desc">\r\n
 HTML dasar\r\n
 </p>\r\n
 <div class="material-actions">\r\n
 <a href="https://ninja-immunity-radiance.ngrok-free.dev/courses/1?submateri_id=1"\r\n
 class="btn btn-white">Mulai Belajar</a>\r\n
 <a href="javascript:void(0)" class="btn btn-white btn-jadwalkan-modal"\r\n
 data-materi="Front End"\r\n
 data-submateri="HTML">Jadwalkan</a>\r\n
 </div>\r\n
 </div>\r\n
 </div>\r\n
 </div>\r\n
 </div>\r\n
\r\n
 <!-- JADWAL HARI INI -->\r\n
 <div>\r\n
 <div class="section-header-flex">\r\n
 <div class="section-header">\r\n
 <h2 class="section-title">Jadwal mu hari ini</h2>\r\n
 <p class="section-subtitle">Yok check hari ini kamu belajar apa..</p>\r\n
 </div>\r\n
 <a href="https://ninja-immunity-radiance.ngrok-free.dev/jadwal" class="kelola-jadwal-btn">\r\n
 <i class='bx bx-calendar'></i>\r\n
 <span>Kelola Jadwal</span>\r\n
 </a>\r\n
 </div>\r\n
\r\n
 \r\n
 <div class="calendar-row">\r\n
 \r\n
 <div class="date-card active" data-date="2026-06-02" data-day="Sel"\r\n
 data-num="02" data-month="Jun">\r\n
 <div class="date-active-top">\r\n
 <div class="date-num">02</div>\r\n
 <div class="date-divider"></div>\r\n
 <div style="text-align: left;">\r\n
 <div class="date-day">Sel</div>\r\n
 <div class="date-month">Jun</div>\r\n
 </div>\r\n
 </div>\r\n
 <div class="date-dots">\r\n
 </div>\r\n
 </div>\r\n
 \r\n
 <div class="date-card" data-date="2026-06-03" data-day="Rab"\r\n
 data-num="03" data-month="Jun">\r\n
 <div class="date-day">Rab</div>\r\n
 <div class="date-num">03</div>\r\n
 <div class="date-dots">\r\n
 </div>\r\n
 </div>\r\n
 \r\n
 <div class="date-card" data-date="2026-06-04" data-day="Kam"\r\n
 data-num="04" data-month="Jun">\r\n
 <div class="date-day">Kam</div>\r\n
 <div class="date-num">04</div>\r\n
 <div class="date-dots">\r\n
 </div>\r\n
 </div>\r\n
 \r\n
 <div class="date-card" data-date="2026-06-05" data-day="Jum"\r\n
 data-num="05" data-month="Jun">\r\n
 <div class="date-day">Jum</div>\r\n
 <div class="date-num">05</div>\r\n
 <div class="date-dots">\r\n
 </div>\r\n
 </div>\r\n
 \r\n
 <div class="date-card" data-date="2026-06-06" data-day="Sab"\r\n
 data-num="06" data-month="Jun">\r\n
 <div class="date-day">Sab</div>\r\n
 <div class="date-num">06</div>\r\n
 <div class="date-dots">\r\n
 </div>\r\n
 </div>\r\n
 \r\n
 <div class="date-card" data-date="2026-06-07" data-day="Min"\r\n
 data-num="07" data-month="Jun">\r\n
 <div class="date-day">Min</div>\r\n
 <div class="date-num">07</div>\r\n
 <div class="date-dots">\r\n
 </div>\r\n
 </div>\r\n
 \r\n
 <div class="date-card" data-date="2026-06-08" data-day="Sen"\r\n
 data-num="08" data-month="Jun">\r\n
 <div class="date-day">Sen</div>\r\n
 <div class="date-num">08</div>\r\n
 <div class="date-dots">\r\n
 </div>\r\n
 </div>\r\n
 </div>\r\n
\r\n
 <div class="schedule-details">\r\n
 <div class="schedule-column">\r\n
 <div class="section-subtitle"\r\n
 style="margin-bottom:1rem; color:white; font-weight:600; font-size: 1.1rem;">Jadwal saat ini\r\n
 </div>\r\n
 <div class="current-schedule">\r\n
 \r\n
 <div class="schedule-slider-container">\r\n
 <div class="schedule-slider" id="scheduleSlider">\r\n
 <div class="schedule-slide empty-state-slide"\r\n
 style="display: flex; flex-direction: column; align-items: center; justify-content: center; text-align: center; padding: 2rem; min-height: 180px; width: 100%;">\r\n
 <div style="font-size: 3rem; margin-bottom: 1rem; opacity: 0.8;">📅</div>\r\n
 <div\r\n
 style="font-size: 1.1rem; font-weight: 700; color: #fff; margin-bottom: 0.5rem;">\r\n
 Tidak Ada Jadwal Hari Ini</div>\r\n
 <div\r\n
 style="font-size: 0.85rem; color: #9ca3af; max-width: 250px; margin: 0 auto; line-height: 1.4;">\r\n
 Santai dulu, atau buat jadwal belajar baru di <a href="https://ninja-immunity-radiance.ngrok-free.dev/jadwal"\r\n
 style="color: #38b2ac; text-decoration: none; font-weight: 600; transition: color 0.2s;"\r\n
 onmouseover="this.style.color='#4fd1c5'"\r\n
 onmouseout="this.style.color='#38b2ac'">menu Jadwal</a>!</div>\r\n
 </div>\r\n
 </div>\r\n
 </div>\r\n
 </div>\r\n
 </div>\r\n
\r\n
 <div class="schedule-column">\r\n
 <div class="section-subtitle"\r\n
 style="margin-bottom:1rem; color:white; font-weight:600; font-size: 1.1rem;">Detail jadwal hari\r\n
 ini</div>\r\n
 <div class="schedule-list" id="scheduleList">\r\n
 <div\r\n
 style="display: flex; flex-direction: column; align-items: center; justify-content: center; text-align: center; padding: 2rem 1rem; background: rgba(255,255,255,0.02); border-radius: 20px; border: 1px dashed rgba(255,255,255,0.08); color: #9ca3af; min-height: 180px; height: 100%;">\r\n
 <div style="font-size: 2rem; margin-bottom: 0.5rem; opacity: 0.8;">✨</div>\r\n
 <div style="font-weight: 600; color: #fff; margin-bottom: 0.25rem;">Hari ini Bebas Belajar!\r\n
 </div>\r\n
 <div style="font-size: 0.8rem; color: #8b8591;">Kamu bebas membaca sub-materi apapun atau <a\r\n
 href="https://ninja-immunity-radiance.ngrok-free.dev/jadwal"\r\n
 style="color: #38b2ac; text-decoration: none; font-weight: 600; transition: color 0.2s;"\r\n
 onmouseover="this.style.color='#4fd1c5'"\r\n
 onmouseout="this.style.color='#38b2ac'">kelola jadwalmu</a>.</div>\r\n
 </div>\r\n
 </div>\r\n
 </div>\r\n
 </div>\r\n
 </div>\r\n
\r\n
 <!-- PROGRESS EMPTY CARDS -->\r\n
 <div>\r\n
 <div class="section-header">\r\n
 <h2 class="section-title">Kejar Rank Quota mu!!</h2>\r\n
 <p class="section-subtitle">Gasss!!, ayo kejar rank quota mu biar makin jago coding</p>\r\n
 </div>\r\n
 <div class="empty-cards-row">\r\n
 <div class="tier-progression-card current-tier" style="--tier-color: 168, 162, 158;">\r\n
 <div class="card-glow"></div>\r\n
 <div class="feather-texture">\r\n
 <svg viewBox="0 0 100 100" fill="none" xmlns="http://www.w3.org/2000/svg">\r\n
 <path d="M10 90C35 70 70 35 90 10" stroke="currentColor" stroke-width="2"\r\n
 stroke-linecap="round" opacity="0.8" />\r\n
 <path d="M22 78C12 70 8 60 10 50C15 62 25 70 30 71" stroke="currentColor" stroke-width="1.5"\r\n
 stroke-linecap="round" opacity="0.6" />\r\n
 <path d="M33 67C20 58 15 48 18 38C23 50 35 58 41 59" stroke="currentColor"\r\n
 stroke-width="1.5" stroke-linecap="round" opacity="0.6" />\r\n
 <path d="M45 55C32 45 28 35 30 25C35 37 47 45 53 46" stroke="currentColor"\r\n
 stroke-width="1.5" stroke-linecap="round" opacity="0.6" />\r\n
 <path d="M58 42C45 32 40 22 42 12C47 24 59 32 65 33" stroke="currentColor"\r\n
 stroke-width="1.5" stroke-linecap="round" opacity="0.6" />\r\n
 <path d="M22 78C32 82 42 82 50 78C40 74 30 74 25 75" stroke="currentColor"\r\n
 stroke-width="1.5" stroke-linecap="round" opacity="0.6" />\r\n
 <path d="M33 67C43 71 53 71 61 67C51 63 41 63 36 64" stroke="currentColor"\r\n
 stroke-width="1.5" stroke-linecap="round" opacity="0.6" />\r\n
 <path d="M45 55C65 59 65 59 73 55C63 51 53 51 48 52" stroke="currentColor"\r\n
 stroke-width="1.5" stroke-linecap="round" opacity="0.6" />\r\n
 <path d="M58 42C68 46 78 46 86 42C76 38 66 38 61 39" stroke="currentColor"\r\n
 stroke-width="1.5" stroke-linecap="round" opacity="0.6" />\r\n
 </svg>\r\n
 </div>\r\n
 <div class="card-content">\r\n
 <div class="card-header">\r\n
 <span class="badge-lv">LV. 1</span>\r\n
 <span class="label-tier">TIER</span>\r\n
 </div>\r\n
 <div class="tier-name">Initiate</div>\r\n
 </div>\r\n
 <span class="current-badge">Saat Ini</span>\r\n
 </div>\r\n
 <div class="tier-progression-card upcoming-tier" style="--tier-color: 34, 197, 94;">\r\n
 <div class="feather-texture mini">\r\n
 <svg viewBox="0 0 100 100" fill="none" xmlns="http://www.w3.org/2000/svg">\r\n
 <path d="M10 90C35 70 70 35 90 10" stroke="currentColor" stroke-width="2"\r\n
 stroke-linecap="round" opacity="0.8" />\r\n
 <path d="M22 78C12 70 8 60 10 50C15 62 25 70 30 71" stroke="currentColor" stroke-width="1.5"\r\n
 stroke-linecap="round" opacity="0.6" />\r\n
 <path d="M33 67C20 58 15 48 18 38C23 50 35 58 41 59" stroke="currentColor"\r\n
 stroke-width="1.5" stroke-linecap="round" opacity="0.6" />\r\n
 <path d="M45 55C32 45 28 35 30 25C35 37 47 45 53 46" stroke="currentColor"\r\n
 stroke-width="1.5" stroke-linecap="round" opacity="0.6" />\r\n
 <path d="M58 42C45 32 40 22 42 12C47 24 59 32 65 33" stroke="currentColor"\r\n
 stroke-width="1.5" stroke-linecap="round" opacity="0.6" />\r\n
 <path d="M22 78C32 82 42 82 50 78C40 74 30 74 25 75" stroke="currentColor"\r\n
 stroke-width="1.5" stroke-linecap="round" opacity="0.6" />\r\n
 <path d="M33 67C43 71 53 71 61 67C51 63 41 63 36 64" stroke="currentColor"\r\n
 stroke-width="1.5" stroke-linecap="round" opacity="0.6" />\r\n
 <path d="M45 55C65 59 65 59 73 55C63 51 53 51 48 52" stroke="currentColor"\r\n
 stroke-width="1.5" stroke-linecap="round" opacity="0.6" />\r\n
 <path d="M58 42C68 46 78 46 86 42C76 38 66 38 61 39" stroke="currentColor"\r\n
 stroke-width="1.5" stroke-linecap="round" opacity="0.6" />\r\n
 </svg>\r\n
 </div>\r\n
 <div class="card-content mini">\r\n
 <div class="card-header">\r\n
 <span class="badge-lv">LV. 2</span>\r\n
 <span class="label-tier">TIER</span>\r\n
 </div>\r\n
 <div class="tier-name">Explorer</div>\r\n
 </div>\r\n
 </div>\r\n
 <div class="tier-progression-card upcoming-tier" style="--tier-color: 59, 130, 246;">\r\n
 <div class="feather-texture mini">\r\n
 <svg viewBox="0 0 100 100" fill="none" xmlns="http://www.w3.org/2000/svg">\r\n
 <path d="M10 90C35 70 70 35 90 10" stroke="currentColor" stroke-width="2"\r\n
 stroke-linecap="round" opacity="0.8" />\r\n
 <path d="M22 78C12 70 8 60 10 50C15 62 25 70 30 71" stroke="currentColor" stroke-width="1.5"\r\n
 stroke-linecap="round" opacity="0.6" />\r\n
 <path d="M33 67C20 58 15 48 18 38C23 50 35 58 41 59" stroke="currentColor"\r\n
 stroke-width="1.5" stroke-linecap="round" opacity="0.6" />\r\n
 <path d="M45 55C32 45 28 35 30 25C35 37 47 45 53 46" stroke="currentColor"\r\n
 stroke-width="1.5" stroke-linecap="round" opacity="0.6" />\r\n
 <path d="M58 42C45 32 40 22 42 12C47 24 59 32 65 33" stroke="currentColor"\r\n
 stroke-width="1.5" stroke-linecap="round" opacity="0.6" />\r\n
 <path d="M22 78C32 82 42 82 50 78C40 74 30 74 25 75" stroke="currentColor"\r\n
 stroke-width="1.5" stroke-linecap="round" opacity="0.6" />\r\n
 <path d="M33 67C43 71 53 71 61 67C51 63 41 63 36 64" stroke="currentColor"\r\n
 stroke-width="1.5" stroke-linecap="round" opacity="0.6" />\r\n
 <path d="M45 55C65 59 65 59 73 55C63 51 53 51 48 52" stroke="currentColor"\r\n
 stroke-width="1.5" stroke-linecap="round" opacity="0.6" />\r\n
 <path d="M58 42C68 46 78 46 86 42C76 38 66 38 61 39" stroke="currentColor"\r\n
 stroke-width="1.5" stroke-linecap="round" opacity="0.6" />\r\n
 </svg>\r\n
 </div>\r\n
 <div class="card-content mini">\r\n
 <div class="card-header">\r\n
 <span class="badge-lv">LV. 6</span>\r\n
 <span class="label-tier">TIER</span>\r\n
 </div>\r\n
 <div class="tier-name">Operator</div>\r\n
 </div>\r\n
 </div>\r\n
 <div class="tier-progression-card upcoming-tier" style="--tier-color: 139, 92, 246;">\r\n
 <div class="feather-texture mini">\r\n
 <svg viewBox="0 0 100 100" fill="none" xmlns="http://www.w3.org/2000/svg">\r\n
 <path d="M10 90C35 70 70 35 90 10" stroke="currentColor" stroke-width="2"\r\n
 stroke-linecap="round" opacity="0.8" />\r\n
 <path d="M22 78C12 70 8 60 10 50C15 62 25 70 30 71" stroke="currentColor" stroke-width="1.5"\r\n
 stroke-linecap="round" opacity="0.6" />\r\n
 <path d="M33 67C20 58 15 48 18 38C23 50 35 58 41 59" stroke="currentColor"\r\n
 stroke-width="1.5" stroke-linecap="round" opacity="0.6" />\r\n
 <path d="M45 55C32 45 28 35 30 25C35 37 47 45 53 46" stroke="currentColor"\r\n
 stroke-width="1.5" stroke-linecap="round" opacity="0.6" />\r\n
 <path d="M58 42C45 32 40 22 42 12C47 24 59 32 65 33" stroke="currentColor"\r\n
 stroke-width="1.5" stroke-linecap="round" opacity="0.6" />\r\n
 <path d="M22 78C32 82 42 82 50 78C40 74 30 74 25 75" stroke="currentColor"\r\n
 stroke-width="1.5" stroke-linecap="round" opacity="0.6" />\r\n
 <path d="M33 67C43 71 53 71 61 67C51 63 41 63 36 64" stroke="currentColor"\r\n
 stroke-width="1.5" stroke-linecap="round" opacity="0.6" />\r\n
 <path d="M45 55C65 59 65 59 73 55C63 51 53 51 48 52" stroke="currentColor"\r\n
 stroke-width="1.5" stroke-linecap="round" opacity="0.6" />\r\n
 <path d="M58 42C68 46 78 46 86 42C76 38 66 38 61 39" stroke="currentColor"\r\n
 stroke-width="1.5" stroke-linecap="round" opacity="0.6" />\r\n
 </svg>\r\n
 </div>\r\n
 <div class="card-content mini">\r\n
 <div class="card-header">\r\n
 <span class="badge-lv">LV. 11</span>\r\n
 <span class="label-tier">TIER</span>\r\n
 </div>\r\n
 <div class="tier-name">Technician</div>\r\n
 </div>\r\n
 </div>\r\n
 <div class="tier-progression-card upcoming-tier" style="--tier-color: 236, 72, 153;">\r\n
 <div class="feather-texture mini">\r\n
 <svg viewBox="0 0 100 100" fill="none" xmlns="http://www.w3.org/2000/svg">\r\n
 <path d="M10 90C35 70 70 35 90 10" stroke="currentColor" stroke-width="2"\r\n
 stroke-linecap="round" opacity="0.8" />\r\n
 <path d="M22 78C12 70 8 60 10 50C15 62 25 70 30 71" stroke="currentColor" stroke-width="1.5"\r\n
 stroke-linecap="round" opacity="0.6" />\r\n
 <path d="M33 67C20 58 15 48 18 38C23 50 35 58 41 59" stroke="currentColor"\r\n
 stroke-width="1.5" stroke-linecap="round" opacity="0.6" />\r\n
 <path d="M45 55C32 45 28 35 30 25C35 37 47 45 53 46" stroke="currentColor"\r\n
 stroke-width="1.5" stroke-linecap="round" opacity="0.6" />\r\n
 <path d="M58 42C45 32 40 22 42 12C47 24 59 32 65 33" stroke="currentColor"\r\n
 stroke-width="1.5" stroke-linecap="round" opacity="0.6" />\r\n
 <path d="M22 78C32 82 42 82 50 78C40 74 30 74 25 75" stroke="currentColor"\r\n
 stroke-width="1.5" stroke-linecap="round" opacity="0.6" />\r\n
 <path d="M33 67C43 71 53 71 61 67C51 63 41 63 36 64" stroke="currentColor"\r\n
 stroke-width="1.5" stroke-linecap="round" opacity="0.6" />\r\n
 <path d="M45 55C65 59 65 59 73 55C63 51 53 51 48 52" stroke="currentColor"\r\n
 stroke-width="1.5" stroke-linecap="round" opacity="0.6" />\r\n
 <path d="M58 42C68 46 78 46 86 42C76 38 66 38 61 39" stroke="currentColor"\r\n
 stroke-width="1.5" stroke-linecap="round" opacity="0.6" />\r\n
 </svg>\r\n
 </div>\r\n
 <div class="card-content mini">\r\n
 <div class="card-header">\r\n
 <span class="badge-lv">LV. 21</span>\r\n
 <span class="label-tier">TIER</span>\r\n
 </div>\r\n
 <div class="tier-name">Specialist</div>\r\n
 </div>\r\n
 </div>\r\n
 </div>\r\n
 </div>\r\n
\r\n
 <!-- SEASON DYNAMIC -->\r\n
 <div>\r\n
 <div class="section-header">\r\n
 <h2 class="section-title">Season 1</h2>\r\n
 <p class="section-subtitle">season kali ini akan berakhir sesuai timer nya yak!!</p>\r\n
 </div>\r\n
\r\n
 <div class="season-timers" data-season-end="2026-06-30T23:59:59+07:00">\r\n
 <div class="season-row">\r\n
 <div class="season-label">Hari</div>\r\n
 <div class="season-bar-container">\r\n
 <div class="season-bar-track"></div>\r\n
 <div class="season-bar-fill" id="seasonDays" style="width: 0%;">0</div>\r\n
 </div>\r\n
 </div>\r\n
 <div class="season-row">\r\n
 <div class="season-label">Jam</div>\r\n
 <div class="season-bar-container">\r\n
 <div class="season-bar-track"></div>\r\n
 <div class="season-bar-fill" id="seasonHours" style="width: 0%;">0</div>\r\n
 </div>\r\n
 </div>\r\n
 <div class="season-row">\r\n
 <div class="season-label">Menit</div>\r\n
 <div class="season-bar-container">\r\n
 <div class="season-bar-track"></div>\r\n
 <div class="season-bar-fill" id="seasonMinutes" style="width: 0%;">0</div>\r\n
 </div>\r\n
 </div>\r\n
 <div class="season-row">\r\n
 <div class="season-label">Detik</div>\r\n
 <div class="season-bar-container">\r\n
 <div class="season-bar-track"></div>\r\n
 <div class="season-bar-fill" id="seasonSeconds" style="width: 0%;">0</div>\r\n
 </div>\r\n
 </div>\r\n
 </div>\r\n
 </div>\r\n
\r\n
 <!-- LEADERBOARD -->\r\n
 <div>\r\n
 <div class="section-header">\r\n
 <h2 class="section-title">Leaderboard Global</h2>\r\n
 <p class="section-subtitle">Leaderboard ini akan di reset di akhir season yak!!</p>\r\n
 </div>\r\n
\r\n
 <div class="leaderboard-list">\r\n
\r\n
 <!-- Rank 1 -->\r\n
 <div class="leaderboard-item rank-1 active-user">\r\n
 <div class="lb-rank">\r\n
 <span class="rank-num">01</span>\r\n
 </div>\r\n
 <div class="lb-card">\r\n
 <div class="lb-avatar"\r\n
 style="background: url('https://ui-avatars.com/api/?name=Dovie+Jerde+PhD&background=random') center/cover;">\r\n
 </div>\r\n
 <div class="lb-info">\r\n
 <div class="lb-name">Dovie Jerde PhD\r\n
 \r\n
 </div>\r\n
 <div class="lb-role"><span\r\n
 class="user-tier-display">Initiate</span>\r\n
 </div>\r\n
 </div>\r\n
 <div class="lb-exp"><span\r\n
 class="user-exp-display">0</span>\r\n
 <span>EXP</span>\r\n
 </div>\r\n
 <div class="you-text">Me</div>\r\n
 </div>\r\n
 </div>\r\n
 </div>\r\n
\r\n
 <!-- Current User Card (Fixed below scroll area) -->\r\n
 <div class="leaderboard-item active-user current-user-lb-card" style="margin-top: 1rem;">\r\n
 <div class="lb-rank" style="background: #312b36;">\r\n
 <span class="rank-num">01</span>\r\n
 </div>\r\n
 <div class="lb-card" style="flex: 1; background: #3a3440; box-shadow: 0 -4px 20px rgba(0,0,0,0.3);">\r\n
 <div class="lb-avatar"\r\n
 style="background: url('https://ui-avatars.com/api/?name=Dovie+Jerde+PhD&background=random') center/cover;">\r\n
 </div>\r\n
 <div class="lb-info">\r\n
 <div class="lb-name">Dovie Jerde PhD\r\n
 \r\n
 </div>\r\n
 <div class="lb-role"><span\r\n
 class="user-tier-display">Initiate</span>\r\n
 </div>\r\n
 </div>\r\n
 <div class="lb-exp"><span\r\n
 class="user-exp-display">0</span>\r\n
 <span>EXP</span>\r\n
 </div>\r\n
 <div class="you-text">Me</div>\r\n
 </div>\r\n
 </div>\r\n
 </div>\r\n
\r\n
 </div>\r\n
\r\n
 <!-- Pindahkan buddy-sentences.js ke sini agar bisa digunakan oleh initBuddySystem -->\r\n
 <script src="https://ninja-immunity-radiance.ngrok-free.dev/js/buddy-sentences.js"></script>\r\n
\r\n
 <!-- FLOATING BUDDY WIDGET (Phase 9) dipindah ke atas agar DOM-nya terbaca sebelum JS berjalan -->\r\n
 <div id="buddy-floating-widget" role="button" aria-label="Kembali ke Buddy" title="Kembali ke Buddy">\r\n
 <img id="buddy-float-avatar" src="" alt="Buddy">\r\n
 <div class="buddy-float-info">\r\n
 <span class="buddy-float-name" id="buddy-float-name">Buddy</span>\r\n
 <span class="buddy-float-hint">Online</span>\r\n
 </div>\r\n
 <i class="fas fa-arrow-up buddy-float-scroll-icon"></i>\r\n
 </div>\r\n
\r\n
 <script>\r\n
 const ALL_TIERS_DATA = [{"name":"Initiate","level":1,"color":"168, 162, 158"},{"name":"Explorer","level":2,"color":"34, 197, 94"},{"name":"Operator","level":6,"color":"59, 130, 246"},{"name":"Technician","level":11,"color":"139, 92, 246"},{"name":"Specialist","level":21,"color":"236, 72, 153"},{"name":"Professional","level":36,"color":"239, 68, 68"},{"name":"Senior Professional","level":56,"color":"249, 115, 22"},{"name":"Lead Engineer","level":81,"color":"234, 179, 8"},{"name":"Architect","level":111,"color":"6, 182, 212"},{"name":"Principal","level":141,"color":"15, 118, 110"},{"name":"Strategist","level":171,"color":"225, 29, 72"},{"name":"Visionary","level":196,"color":"218, 165, 32"}];\r\n
\r\n
 window.syncTierProgressionUI = function(newTierName) {\r\n
 let currentIndex = 0;\r\n
 for (let i = 0; i < ALL_TIERS_DATA.length; i++) {\r\n
 if (ALL_TIERS_DATA[i].name === newTierName) {\r\n
 currentIndex = i;\r\n
 break;\r\n
 }\r\n
 }\r\n
\r\n
 let startIdx = currentIndex;\r\n
 if (startIdx + 5 > ALL_TIERS_DATA.length) {\r\n
 startIdx = Math.max(0, ALL_TIERS_DATA.length - 5);\r\n
 }\r\n
\r\n
 const displayTiers = ALL_TIERS_DATA.slice(startIdx, startIdx + 5);\r\n
 const container = document.querySelector('.empty-cards-row');\r\n
 if (container) {\r\n
 let html = '';\r\n
 displayTiers.forEach((t, index) => {\r\n
 if (t.name === newTierName) {\r\n
 html += `\r\n
 <div class="tier-progression-card current-tier" style="--tier-color: ${t.color};">\r\n
 <div class="card-glow"></div>\r\n
 <div class="feather-texture">\r\n
 <svg viewBox="0 0 100 100" fill="none" xmlns="http://www.w3.org/2000/svg">\r\n
 <path d="M10 90C35 70 70 35 90 10" stroke="currentColor" stroke-width="2" stroke-linecap="round" opacity="0.8" />\r\n
 <path d="M22 78C12 70 8 60 10 50C15 62 25 70 30 71" stroke="currentColor" stroke-width="1.5" stroke-linecap="round" opacity="0.6" />\r\n
 <path d="M33 67C20 58 15 48 18 38C23 50 35 58 41 59" stroke="currentColor" stroke-width="1.5" stroke-linecap="round" opacity="0.6" />\r\n
 <path d="M45 55C32 45 28 35 30 25C35 37 47 45 53 46" stroke="currentColor" stroke-width="1.5" stroke-linecap="round" opacity="0.6" />\r\n
 <path d="M58 42C45 32 40 22 42 12C47 24 59 32 65 33" stroke="currentColor" stroke-width="1.5" stroke-linecap="round" opacity="0.6" />\r\n
 <path d="M22 78C32 82 42 82 50 78C40 74 30 74 25 75" stroke="currentColor" stroke-width="1.5" stroke-linecap="round" opacity="0.6" />\r\n
 <path d="M33 67C43 71 53 71 61 67C51 63 41 63 36 64" stroke="currentColor" stroke-width="1.5" stroke-linecap="round" opacity="0.6" />\r\n
 <path d="M45 55C65 59 65 59 73 55C63 51 53 51 48 52" stroke="currentColor" stroke-width="1.5" stroke-linecap="round" opacity="0.6" />\r\n
 <path d="M58 42C68 46 78 46 86 42C76 38 66 38 61 39" stroke="currentColor" stroke-width="1.5" stroke-linecap="round" opacity="0.6" />\r\n
 </svg>\r\n
 </div>\r\n
 <div class="card-content">\r\n
 <div class="card-header">\r\n
 <span class="badge-lv">LV. ${t.level}</span>\r\n
 <span class="label-tier">TIER</span>\r\n
 </div>\r\n
 <div class="tier-name">${t.name}</div>\r\n
 </div>\r\n
 <span class="current-badge">Saat Ini</span>\r\n
 </div>`;\r\n
 } else {\r\n
 html += `\r\n
 <div class="tier-progression-card upcoming-tier" style="--tier-color: ${t.color};">\r\n
 <div class="feather-texture mini">\r\n
 <svg viewBox="0 0 100 100" fill="none" xmlns="http://www.w3.org/2000/svg">\r\n
 <path d="M10 90C35 70 70 35 90 10" stroke="currentColor" stroke-width="2" stroke-linecap="round" opacity="0.8" />\r\n
 <path d="M22 78C12 70 8 60 10 50C15 62 25 70 30 71" stroke="currentColor" stroke-width="1.5" stroke-linecap="round" opacity="0.6" />\r\n
 <path d="M33 67C20 58 15 48 18 38C23 50 35 58 41 59" stroke="currentColor" stroke-width="1.5" stroke-linecap="round" opacity="0.6" />\r\n
 <path d="M45 55C32 45 28 35 30 25C35 37 47 45 53 46" stroke="currentColor" stroke-width="1.5" stroke-linecap="round" opacity="0.6" />\r\n
 <path d="M58 42C45 32 40 22 42 12C47 24 59 32 65 33" stroke="currentColor" stroke-width="1.5" stroke-linecap="round" opacity="0.6" />\r\n
 <path d="M22 78C32 82 42 82 50 78C40 74 30 74 25 75" stroke="currentColor" stroke-width="1.5" stroke-linecap="round" opacity="0.6" />\r\n
 <path d="M33 67C43 71 53 71 61 67C51 63 41 63 36 64" stroke="currentColor" stroke-width="1.5" stroke-linecap="round" opacity="0.6" />\r\n
 <path d="M45 55C65 59 65 59 73 55C63 51 53 51 48 52" stroke="currentColor" stroke-width="1.5" stroke-linecap="round" opacity="0.6" />\r\n
 <path d="M58 42C68 46 78 46 86 42C76 38 66 38 61 39" stroke="currentColor" stroke-width="1.5" stroke-linecap="round" opacity="0.6" />\r\n
 </svg>\r\n
 </div>\r\n
 <div class="card-content mini">\r\n
 <div class="card-header">\r\n
 <span class="badge-lv">LV. ${t.level}</span>\r\n
 <span class="label-tier">TIER</span>\r\n
 </div>\r\n
 <div class="tier-name">${t.name}</div>\r\n
 </div>\r\n
 </div>`;\r\n
 }\r\n
 });\r\n
 container.innerHTML = html;\r\n
 }\r\n
\r\n
 // Sync other tier displays\r\n
 document.querySelectorAll('.user-tier-display').forEach(el => {\r\n
 el.textContent = newTierName;\r\n
 });\r\n
\r\n
 // Sync new-tier-card color if exists\r\n
 const currentTierObj = ALL_TIERS_DATA[currentIndex];\r\n
 if (currentTierObj) {\r\n
 const newTierCard = document.querySelector('.new-tier-card');\r\n
 if (newTierCard) {\r\n
 newTierCard.style.setProperty('--tier-color', currentTierObj.color);\r\n
 }\r\n
 }\r\n
 }\r\n
 function initDashboardJs() {\r\n
 // Hero Clock Update\r\n
 const updateHeroClock = () => {\r\n
 const now = new Date();\r\n
 const hours = String(now.getHours()).padStart(2, '0');\r\n
 const minutes = String(now.getMinutes()).padStart(2, '0');\r\n
\r\n
 const hourEl = document.getElementById('hero-clock-hours');\r\n
 const minEl = document.getElementById('hero-clock-minutes');\r\n
\r\n
 if (hourEl) hourEl.textContent = hours;\r\n
 if (minEl) minEl.textContent = minutes;\r\n
 };\r\n
 updateHeroClock();\r\n
 if (window.heroClockInterval) clearInterval(window.heroClockInterval);\r\n
 window.heroClockInterval = setInterval(updateHeroClock, 1000);\r\n
\r\n
 // Interaktivitas untuk bagian Materi Belajar (Accordion effect) menggunakan Event Delegation\r\n
 if (!window.materialCardBound) {\r\n
 window.materialCardBound = true;\r\n
 document.addEventListener('click', function (e) {\r\n
 const card = e.target.closest('.material-card');\r\n
 if (!card) return;\r\n
\r\n
 // Jika klik terjadi pada tombol di dalam konten yang diperluas, jangan lakukan collapse\r\n
 if (e.target.closest('.btn-white') || e.target.closest('.lesson-card') || e.target.closest('.dashboard-timeline-scroll')) return;\r\n
\r\n
 // Jika kartu yang diklik sudah aktif, kita tutup (toggle off)\r\n
 if (card.classList.contains('expanded')) {\r\n
 card.classList.remove('expanded');\r\n
 card.classList.add('collapsed');\r\n
 return;\r\n
 }\r\n
\r\n
 // Tutup semua kartu (jadikan collapsed)\r\n
 document.querySelectorAll('.material-card').forEach(c => {\r\n
 c.classList.remove('expanded');\r\n
 c.classList.add('collapsed');\r\n
 });\r\n
\r\n
 // Buka kartu yang baru saja diklik\r\n
 card.classList.remove('collapsed');\r\n
 card.classList.add('expanded');\r\n
 });\r\n
 }\r\n
\r\n
 // Export schedules collection to JS\r\n
 const allSchedules = [];\r\n
 let selectedDate = new Date();\r\n
\r\n
 // Date Formatting utility (YYYY-MM-DD)\r\n
 function formatDateYYYYMMDD(date) {\r\n
 const y = date.getFullYear();\r\n
 const m = String(date.getMonth() + 1).padStart(2, '0');\r\n
 const d = String(date.getDate()).padStart(2, '0');\r\n
 return `${y}-${m}-${d}`;\r\n
 }\r\n
\r\n
 // Duration calculator utility\r\n
 function getDurationStr(startTime, endTime) {\r\n
 const [startH, startM] = startTime.split(':').map(Number);\r\n
 const [endH, endM] = endTime.split(':').map(Number);\r\n
\r\n
 let diffMinutes = (endH * 60 + endM) - (startH * 60 + startM);\r\n
 if (diffMinutes < 0) {\r\n
 diffMinutes += 24 * 60; // next day\r\n
 }\r\n
\r\n
 const hours = Math.floor(diffMinutes / 60);\r\n
 const mins = diffMinutes % 60;\r\n
\r\n
 let str = '';\r\n
 if (hours > 0) {\r\n
 str += hours + ' jam ';\r\n
 }\r\n
 if (mins > 0 || hours === 0) {\r\n
 str += mins + ' menit';\r\n
 }\r\n
 return str.trim();\r\n
 }\r\n
\r\n
 // Client-side schedules recurrence evaluator\r\n
 function isScheduleActiveOnDate(sch, date) {\r\n
 const dayNames = ['Min', 'Sen', 'Sel', 'Rab', 'Kam', 'Jum', 'Sab'];\r\n
 const dayName = dayNames[date.getDay()];\r\n
\r\n
 const d = date.getDate();\r\n
 const w = Math.ceil(d / 7);\r\n
 const weekStr = 'Minggu ' + w;\r\n
 const weekStrShort = 'M' + w;\r\n
\r\n
 const monthNames = ['Jan', 'Feb', 'Mar', 'Apr', 'Mei', 'Jun', 'Jul', 'Ags', 'Sep', 'Okt', 'Nov', 'Des'];\r\n
 const monthName = monthNames[date.getMonth()];\r\n
\r\n
 let config = sch.routine_config;\r\n
 if (typeof config === 'string') {\r\n
 try { config = JSON.parse(config); } catch (e) { config = {}; }\r\n
 }\r\n
 config = config || {};\r\n
\r\n
 if (sch.routine_type === 'Harian') {\r\n
 const days = config.days || [];\r\n
 return days.length === 0 || days.includes(dayName);\r\n
 } else if (sch.routine_type === 'Mingguan') {\r\n
 const days = config.days || [];\r\n
 const weeks = config.weeks || [];\r\n
 return days.includes(dayName) && (weeks.includes(weekStr) || weeks.includes('Tiap Minggu'));\r\n
 } else if (sch.routine_type === 'Bulanan') {\r\n
 const months = config.months || [];\r\n
 const weeks = config.weeks || [];\r\n
 return months.includes(monthName) && weeks.includes(weekStrShort);\r\n
 } else if (sch.routine_type === 'Custom') {\r\n
 const customDate = config.date || '';\r\n
 const yyyymmdd = formatDateYYYYMMDD(date);\r\n
 return customDate === yyyymmdd;\r\n
 }\r\n
 return false;\r\n
 }\r\n
\r\n
 // Get active schedules for date helper\r\n
 function getActiveSchedulesForDate(date) {\r\n
 return allSchedules.filter(sch => isScheduleActiveOnDate(sch, date));\r\n
 }\r\n
\r\n
 // Get schedules status classification helper\r\n
 function classifyScheduleStatusForDate(sch, date) {\r\n
 const today = new Date();\r\n
 const selectedDateStr = formatDateYYYYMMDD(date);\r\n
 const todayDateStr = formatDateYYYYMMDD(today);\r\n
\r\n
 if (selectedDateStr < todayDateStr) {\r\n
 return { label: 'Selesai' };\r\n
 } else if (selectedDateStr > todayDateStr) {\r\n
 return { label: 'Nanti' };\r\n
 } else {\r\n
 const currentH = today.getHours();\r\n
 const currentM = today.getMinutes();\r\n
 const currentTimeStr = String(currentH).padStart(2, '0') + ':' + String(currentM).padStart(2, '0');\r\n
 const start = sch.start_time.substring(0, 5);\r\n
 const end = sch.end_time.substring(0, 5);\r\n
\r\n
 if (currentTimeStr >= start && currentTimeStr <= end) {\r\n
 return { label: 'Saat ini' };\r\n
 } else if (currentTimeStr > end) {\r\n
 return { label: 'Selesai' };\r\n
 } else {\r\n
 return { label: 'Nanti' };\r\n
 }\r\n
 }\r\n
 }\r\n
\r\n
 // Rebuild card helper for active/inactive HTML structure\r\n
 function rebuildCardHtml(card, isActive) {\r\n
 const day = card.getAttribute('data-day');\r\n
 const num = card.getAttribute('data-num');\r\n
 const month = card.getAttribute('data-month');\r\n
 const dotsEl = card.querySelector('.date-dots');\r\n
 const dotsHtml = dotsEl ? dotsEl.innerHTML : '';\r\n
\r\n
 if (isActive) {\r\n
 card.innerHTML = `\r\n
 <div class="date-active-top">\r\n
 <div class="date-num">${num}</div>\r\n
 <div class="date-divider"></div>\r\n
 <div style="text-align: left;">\r\n
 <div class="date-day">${day}</div>\r\n
 <div class="date-month">${month}</div>\r\n
 </div>\r\n
 </div>\r\n
 <div class="date-dots">\r\n
 ${dotsHtml}\r\n
 </div>\r\n
 `;\r\n
 } else {\r\n
 card.innerHTML = `\r\n
 <div class="date-day">${day}</div>\r\n
 <div class="date-num">${num}</div>\r\n
 <div class="date-dots">\r\n
 ${dotsHtml}\r\n
 </div>\r\n
 `;\r\n
 }\r\n
 }\r\n
\r\n
 // Interaktivitas untuk Slider & Detail Jadwal (Dynamic update)\r\n
 let currentScheduleIndex = 0;\r\n
 const slider = document.getElementById('scheduleSlider');\r\n
 const prevBtn = document.getElementById('prevScheduleBtn');\r\n
 const nextBtn = document.getElementById('nextScheduleBtn');\r\n
 const controls = document.querySelector('.slider-controls');\r\n
\r\n
 function updateSliderNavigation() {\r\n
 if (!slider) return;\r\n
 const total = slider.children.length;\r\n
\r\n
 if (controls) {\r\n
 if (total > 1 && !slider.children[0].classList.contains('empty-state-slide')) {\r\n
 controls.style.display = 'flex';\r\n
 } else {\r\n
 controls.style.display = 'none';\r\n
 }\r\n
 }\r\n
\r\n
 currentScheduleIndex = 0;\r\n
 for (let i = 0; i < total; i++) {\r\n
 if (slider.children[i].getAttribute('data-status') === 'saat_ini') {\r\n
 currentScheduleIndex = i;\r\n
 break;\r\n
 }\r\n
 }\r\n
 slider.style.transform = `translateX(-${currentScheduleIndex * 100}%)`;\r\n
 }\r\n
\r\n
 if (prevBtn && nextBtn) {\r\n
 nextBtn.addEventListener('click', function () {\r\n
 if (!slider) return;\r\n
 const total = slider.children.length;\r\n
 if (total <= 1) return;\r\n
 currentScheduleIndex = (currentScheduleIndex + 1) % total;\r\n
 slider.style.transform = `translateX(-${currentScheduleIndex * 100}%)`;\r\n
 });\r\n
\r\n
 prevBtn.addEventListener('click', function () {\r\n
 if (!slider) return;\r\n
 const total = slider.children.length;\r\n
 if (total <= 1) return;\r\n
 currentScheduleIndex = (currentScheduleIndex - 1 + total) % total;\r\n
 slider.style.transform = `translateX(-${currentScheduleIndex * 100}%)`;\r\n
 });\r\n
 }\r\n
\r\n
 // Update main schedules HTML layouts dynamically\r\n
 function updateDashboardSchedules(date) {\r\n
 const activeSchedules = getActiveSchedulesForDate(date);\r\n
 activeSchedules.sort((a, b) => a.start_time.localeCompare(b.start_time));\r\n
\r\n
 const today = new Date();\r\n
 const selectedDateStr = formatDateYYYYMMDD(date);\r\n
 const todayDateStr = formatDateYYYYMMDD(today);\r\n
\r\n
 let classified = [];\r\n
 let nextScheduleFound = false;\r\n
\r\n
 activeSchedules.forEach(sch => {\r\n
 const start = sch.start_time.substring(0, 5);\r\n
 const end = sch.end_time.substring(0, 5);\r\n
\r\n
 let status = 'nanti';\r\n
 let statusLabel = 'Nanti';\r\n
 let statusDotColor = '#3b82f6';\r\n
\r\n
 if (selectedDateStr < todayDateStr) {\r\n
 status = 'selesai';\r\n
 statusLabel = 'Selesai';\r\n
 statusDotColor = '#a855f7';\r\n
 } else if (selectedDateStr > todayDateStr) {\r\n
 status = 'nanti';\r\n
 statusLabel = 'Nanti';\r\n
 statusDotColor = '#3b82f6';\r\n
 } else {\r\n
 const currentH = today.getHours();\r\n
 const currentM = today.getMinutes();\r\n
 const currentTimeStr = String(currentH).padStart(2, '0') + ':' + String(currentM).padStart(2, '0');\r\n
\r\n
 if (currentTimeStr >= start && currentTimeStr <= end) {\r\n
 status = 'saat_ini';\r\n
 statusLabel = 'Saat ini';\r\n
 statusDotColor = '#38b2ac';\r\n
 } else if (currentTimeStr > end) {\r\n
 status = 'selesai';\r\n
 statusLabel = 'Selesai';\r\n
 statusDotColor = '#a855f7';\r\n
 } else {\r\n
 status = 'pending';\r\n
 }\r\n
 }\r\n
\r\n
 let config = sch.routine_config;\r\n
 if (typeof config === 'string') {\r\n
 try { config = JSON.parse(config); } catch (e) { config = {}; }\r\n
 }\r\n
 config = config || {};\r\n
 const schColor = config.color || null;\r\n
 if (schColor) {\r\n
 if (schColor === 'green') statusDotColor = '#38b2ac';\r\n
 else if (schColor === 'purple') statusDotColor = '#a855f7';\r\n
 else if (schColor === 'blue') statusDotColor = '#3b82f6';\r\n
 else if (schColor === 'white') statusDotColor = '#e5e7eb';\r\n
 }\r\n
\r\n
 classified.push({\r\n
 model: sch,\r\n
 status: status,\r\n
 statusLabel: statusLabel,\r\n
 statusDotColor: statusDotColor,\r\n
 start: start,\r\n
 end: end,\r\n
 durationStr: getDurationStr(sch.start_time, sch.end_time)\r\n
 });\r\n
 });\r\n
\r\n
 if (selectedDateStr === todayDateStr) {\r\n
 classified.forEach(item => {\r\n
 if (item.status === 'pending') {\r\n
 if (!nextScheduleFound) {\r\n
 item.status = 'selanjutnya';\r\n
 item.statusLabel = 'Selanjutnya';\r\n
 item.statusDotColor = '#e5e7eb';\r\n
 nextScheduleFound = true;\r\n
 } else {\r\n
 item.status = 'nanti';\r\n
 item.statusLabel = 'Nanti';\r\n
 item.statusDotColor = '#3b82f6';\r\n
 }\r\n
 }\r\n
 });\r\n
 } else {\r\n
 classified.forEach(item => {\r\n
 if (item.status === 'pending') {\r\n
 item.status = 'nanti';\r\n
 item.statusLabel = 'Nanti';\r\n
 item.statusDotColor = '#3b82f6';\r\n
 }\r\n
 });\r\n
 }\r\n
\r\n
 const sliderEl = document.getElementById('scheduleSlider');\r\n
 const listEl = document.getElementById('scheduleList');\r\n
\r\n
 if (sliderEl) {\r\n
 sliderEl.innerHTML = '';\r\n
 if (classified.length > 0) {\r\n
 classified.forEach(cs => {\r\n
 const sch = cs.model;\r\n
 let timerHtml = '';\r\n
 if (cs.status === 'saat_ini') {\r\n
 timerHtml = `<span class="countdown-timer" data-end="${cs.end}">--:--:--</span><div class="timer-sub">waktu<br>tersisa</div>`;\r\n
 } else if (cs.status === 'selesai') {\r\n
 timerHtml = `<span>Selesai</span><div class="timer-sub">telah<br>berakhir</div>`;\r\n
 } else {\r\n
 timerHtml = `<span>0:00:00</span><div class="timer-sub">belum<br>dimulai</div>`;\r\n
 }\r\n
\r\n
 const slideEl = document.createElement('div');\r\n
 slideEl.className = 'schedule-slide';\r\n
 slideEl.setAttribute('data-status', cs.status);\r\n
 slideEl.setAttribute('data-start', cs.start);\r\n
 slideEl.setAttribute('data-end', cs.end);\r\n
 slideEl.innerHTML = `\r\n
 <div class="timer-tags">\r\n
 <div class="tag">\r\n
 <div class="tag-dot" style="background: ${cs.statusDotColor}; box-shadow: 0 0 10px ${cs.statusDotColor}90;"></div> ${cs.statusLabel.toLowerCase()}\r\n
 </div>\r\n
 <div class="tag">${cs.durationStr}</div>\r\n
 </div>\r\n
 <div class="timer-display">\r\n
 ${timerHtml}\r\n
 </div>\r\n
 <div class="current-subject">${sch.title}</div>\r\n
 `;\r\n
 sliderEl.appendChild(slideEl);\r\n
 });\r\n
 } else {\r\n
 sliderEl.innerHTML = `\r\n
 <div class="schedule-slide empty-state-slide" style="display: flex; flex-direction: column; align-items: center; justify-content: center; text-align: center; padding: 2rem; min-height: 180px; width: 100%;">\r\n
 <div style="font-size: 3rem; margin-bottom: 1rem; opacity: 0.8;">📅</div>\r\n
 <div style="font-size: 1.1rem; font-weight: 700; color: #fff; margin-bottom: 0.5rem;">Tidak Ada Jadwal</div>\r\n
 <div style="font-size: 0.85rem; color: #9ca3af; max-width: 250px; margin: 0 auto; line-height: 1.4;">Santai dulu, atau buat jadwal belajar baru di <a href="/jadwal" style="color: #38b2ac; text-decoration: none; font-weight: 600; transition: color 0.2s;" onmouseover="this.style.color='#4fd1c5'" onmouseout="this.style.color='#38b2ac'">menu Jadwal</a>!</div>\r\n
 </div>\r\n
 `;\r\n
 }\r\n
 }\r\n
\r\n
 if (listEl) {\r\n
 listEl.innerHTML = '';\r\n
 if (classified.length > 0) {\r\n
 classified.forEach(cs => {\r\n
 const sch = cs.model;\r\n
 let statusText = '';\r\n
 if (cs.status === 'saat_ini') {\r\n
 statusText = 'Sedang berlangsung..';\r\n
 } else if (cs.status === 'selesai') {\r\n
 statusText = '<span style="color: #a855f7;">Selesai</span>';\r\n
 } else if (cs.status === 'selanjutnya') {\r\n
 statusText = `<span style="color: #e5e7eb;">Berikutnya (${cs.start})</span>`;\r\n
 } else {\r\n
 statusText = `<span style="color: #8b8591;">Nanti (${cs.start})</span>`;\r\n
 }\r\n
\r\n
 const itemEl = document.createElement('div');\r\n
 itemEl.className = 'schedule-item';\r\n
 itemEl.innerHTML = `\r\n
 <div class="schedule-item-left" style="display: flex; align-items: center; gap: 1.25rem; font-size: 0.95rem; font-weight: 600; color: white; min-width: 0; flex: 1; margin-right: 1rem;">\r\n
 <div class="status-dot" style="background: ${cs.statusDotColor}; box-shadow: 0 0 10px ${cs.statusDotColor}90; flex-shrink: 0;"></div>\r\n
 <span style="white-space: nowrap; overflow: hidden; text-overflow: ellipsis; display: block;">${sch.title}</span>\r\n
 </div>\r\n
 <div class="schedule-status-text" style="flex-shrink: 0;">${statusText}</div>\r\n
 `;\r\n
 listEl.appendChild(itemEl);\r\n
 });\r\n
 } else {\r\n
 listEl.innerHTML = `\r\n
 <div style="display: flex; flex-direction: column; align-items: center; justify-content: center; text-align: center; padding: 2rem 1rem; background: rgba(255,255,255,0.02); border-radius: 20px; border: 1px dashed rgba(255,255,255,0.08); color: #9ca3af; min-height: 180px; width: 100%;">\r\n
 <div style="font-size: 2rem; margin-bottom: 0.5rem; opacity: 0.8;">✨</div>\r\n
 <div style="font-weight: 600; color: #fff; margin-bottom: 0.25rem;">Bebas Belajar!</div>\r\n
 <div style="font-size: 0.8rem; color: #8b8591;">Kamu bebas membaca sub-materi apapun atau <a href="/jadwal" style="color: #38b2ac; text-decoration: none; font-weight: 600; transition: color 0.2s;" onmouseover="this.style.color='#4fd1c5'" onmouseout="this.style.color='#38b2ac'">kelola jadwalmu</a>.</div>\r\n
 </div>\r\n
 `;\r\n
 }\r\n
 }\r\n
\r\n
 updateSliderNavigation();\r\n
 updateCountdowns();\r\n
 }\r\n
\r\n
 // Sync global date select action\r\n
 function selectDate(date) {\r\n
 selectedDate = date;\r\n
 const dateStr = formatDateYYYYMMDD(date);\r\n
\r\n
 // 1. Sync horizontal cards\r\n
 const cards = document.querySelectorAll('.calendar-row .date-card');\r\n
 cards.forEach(card => {\r\n
 const cardDate = card.getAttribute('data-date');\r\n
 if (cardDate === dateStr) {\r\n
 if (!card.classList.contains('active')) {\r\n
 card.classList.add('active');\r\n
 rebuildCardHtml(card, true);\r\n
 }\r\n
 } else {\r\n
 if (card.classList.contains('active')) {\r\n
 card.classList.remove('active');\r\n
 rebuildCardHtml(card, false);\r\n
 }\r\n
 }\r\n
 });\r\n
\r\n
 // 2. Sync main dashboard panels\r\n
 updateDashboardSchedules(date);\r\n
\r\n
 // 3. Sync mini calendar popup visual elements\r\n
 updateMiniCalendarUI(date);\r\n
 }\r\n
\r\n
 // Bind click listener to horizontal date cards\r\n
 document.querySelectorAll('.calendar-row .date-card').forEach(card => {\r\n
 card.addEventListener('click', function () {\r\n
 const dateStr = this.getAttribute('data-date');\r\n
 if (dateStr) {\r\n
 const parts = dateStr.split('-');\r\n
 const clickedDate = new Date(parseInt(parts[0]), parseInt(parts[1]) - 1, parseInt(parts[2]));\r\n
 selectDate(clickedDate);\r\n
 }\r\n
 });\r\n
 });\r\n
\r\n
 // Live Ticking Countdown Timer for active schedule\r\n
 const updateCountdowns = () => {\r\n
 const now = new Date();\r\n
 const timers = document.querySelectorAll('.countdown-timer');\r\n
\r\n
 timers.forEach(timer => {\r\n
 const endStr = timer.getAttribute('data-end');\r\n
 if (!endStr) return;\r\n
\r\n
 const [endHours, endMinutes] = endStr.split(':').map(Number);\r\n
 const endTime = new Date();\r\n
 endTime.setHours(endHours, endMinutes, 0, 0);\r\n
\r\n
 let diffMs = endTime.getTime() - now.getTime();\r\n
\r\n
 if (diffMs <= 0) {\r\n
 timer.textContent = "0:00:00";\r\n
 if (!timer.dataset.expired) {\r\n
 timer.dataset.expired = "true";\r\n
 setTimeout(() => {\r\n
 window.location.reload();\r\n
 }, 2000);\r\n
 }\r\n
 } else {\r\n
 const totalSecs = Math.floor(diffMs / 1000);\r\n
 const hours = Math.floor(totalSecs / 3600);\r\n
 const minutes = Math.floor((totalSecs % 3600) / 60);\r\n
 const seconds = totalSecs % 60;\r\n
\r\n
 const hStr = hours;\r\n
 const mStr = String(minutes).padStart(2, '0');\r\n
 const sStr = String(seconds).padStart(2, '0');\r\n
\r\n
 timer.textContent = `${hStr}:${mStr}:${sStr}`;\r\n
 }\r\n
 });\r\n
 };\r\n
\r\n
 updateCountdowns();\r\n
 setInterval(updateCountdowns, 1000);\r\n
 updateSliderNavigation();\r\n
\r\n
 // Mini Calendar Popup\r\n
 const btn = document.getElementById('btnHeroCalendar');\r\n
 if (!btn) return;\r\n
\r\n
 // Build popup HTML with elegant month selection navigators\r\n
 const popup = document.createElement('div');\r\n
 popup.className = 'mini-cal-popup';\r\n
 popup.id = 'miniCalPopup';\r\n
 popup.innerHTML = `\r\n
 <div class="mini-cal-main">\r\n
 <div class="mini-cal-grid">\r\n
 <div class="mini-cal-header" style="display: flex; justify-content: space-between; align-items: center; margin-bottom: 0.7rem;">\r\n
 <button id="prevMonthBtn" style="background: none; border: none; color: #6b6570; cursor: pointer; font-size: 0.9rem; transition: color 0.15s; outline: none;" onmouseover="this.style.color='white'" onmouseout="this.style.color='#6b6570'">❮</button>\r\n
 <span id="miniCalTitle" style="font-weight: 700; font-size: 0.95rem; color: white;"></span>\r\n
 <button id="nextMonthBtn" style="background: none; border: none; color: #6b6570; cursor: pointer; font-size: 0.9rem; transition: color 0.15s; outline: none;" onmouseover="this.style.color='white'" onmouseout="this.style.color='#6b6570'">❯</button>\r\n
 </div>\r\n
 <div class="mini-cal-days-header">\r\n
 <span>SUN</span><span>MON</span><span>TUE</span><span>WED</span><span>THU</span><span>FRI</span><span>SAT</span>\r\n
 </div>\r\n
 <div class="mini-cal-cells" id="miniCalCells"></div>\r\n
 </div>\r\n
 <div class="mini-cal-time">\r\n
 <div class="mini-cal-time-label">Jadwal Belajar</div>\r\n
 <div id="miniCalTimes"></div>\r\n
 </div>\r\n
 </div>\r\n
 <div class="mini-cal-event" id="miniCalEvent" style="backdrop-filter: blur(10px); background: rgba(28, 26, 31, 0.95);">\r\n
 <div class="mini-cal-event-date" style="background: rgba(56, 178, 172, 0.1); border: 1px solid rgba(56, 178, 172, 0.2); color: #38b2ac;">\r\n
 <div class="mini-cal-event-month" id="miniCalEvtMonth" style="color: #38b2ac;"></div>\r\n
 <div class="mini-cal-event-day" id="miniCalEvtDay"></div>\r\n
 </div>\r\n
 <div class="mini-cal-event-info" style="min-width: 0;">\r\n
 <div class="mini-cal-event-title" style="font-size: 0.85rem; font-weight: 700; margin-bottom: 2px; white-space: nowrap; overflow: hidden; text-overflow: ellipsis;">Bebas belajar</div>\r\n
 <div class="mini-cal-event-time" id="miniCalEvtTime">-</div>\r\n
 </div>\r\n
 </div>\r\n
 `;\r\n
 document.body.appendChild(popup);\r\n
\r\n
 // Style definitions injected directly to dashboard page\r\n
 const style = document.createElement('style');\r\n
 style.textContent = `\r\n
 .mini-cal-cell {\r\n
 position: relative !important;\r\n
 flex-direction: column !important;\r\n
 gap: 1px !important;\r\n
 }\r\n
 .mini-cal-cell-dots {\r\n
 display: flex;\r\n
 gap: 2px;\r\n
 justify-content: center;\r\n
 position: absolute;\r\n
 bottom: 2px;\r\n
 left: 50%;\r\n
 transform: translateX(-50%);\r\n
 }\r\n
 .mini-cal-dot {\r\n
 width: 3px;\r\n
 height: 3px;\r\n
 border-radius: 50%;\r\n
 }\r\n
 .mini-cal-dot.green { background: #38b2ac !important; }\r\n
 .mini-cal-dot.purple { background: #a855f7 !important; }\r\n
 .mini-cal-dot.blue { background: #3b82f6 !important; }\r\n
 .mini-cal-dot.white { background: #e5e7eb !important; }\r\n
\r\n
 .mini-cal-cell.selected-day {\r\n
 background: #38b2ac !important;\r\n
 color: #0a0a0a !important;\r\n
 font-weight: 800 !important;\r\n
 box-shadow: 0 0 10px rgba(56, 178, 172, 0.4);\r\n
 }\r\n
 `;\r\n
 document.head.appendChild(style);\r\n
\r\n
 let displayDate = new Date(selectedDate.getTime());\r\n
 const MONTHS = ['January', 'February', 'March', 'April', 'May', 'June', 'July', 'August', 'September', 'October', 'November', 'December'];\r\n
 const MONTHS_ID = ['JAN', 'FEB', 'MAR', 'APR', 'MEI', 'JUN', 'JUL', 'AGT', 'SEP', 'OKT', 'NOV', 'DES'];\r\n
\r\n
 // Render calendar grid\r\n
 function renderCal() {\r\n
 const year = displayDate.getFullYear();\r\n
 const month = displayDate.getMonth();\r\n
 document.getElementById('miniCalTitle').textContent = `${MONTHS[month]} ${year}`;\r\n
\r\n
 const firstDay = new Date(year, month, 1).getDay();\r\n
 const daysInMonth = new Date(year, month + 1, 0).getDate();\r\n
 const cells = document.getElementById('miniCalCells');\r\n
 cells.innerHTML = '';\r\n
\r\n
 for (let i = 0; i < firstDay; i++) {\r\n
 const el = document.createElement('div');\r\n
 el.className = 'mini-cal-cell empty';\r\n
 cells.appendChild(el);\r\n
 }\r\n
\r\n
 for (let d = 1; d <= daysInMonth; d++) {\r\n
 const cellDate = new Date(year, month, d);\r\n
 const cellDateStr = formatDateYYYYMMDD(cellDate);\r\n
 const selectedDateStr = formatDateYYYYMMDD(selectedDate);\r\n
\r\n
 // Render visual dots for days with active schedules\r\n
 const activeSchs = getActiveSchedulesForDate(cellDate);\r\n
 let dotsHtml = '';\r\n
 if (activeSchs.length > 0) {\r\n
 const colors = [];\r\n
 activeSchs.forEach(sch => {\r\n
 let config = sch.routine_config;\r\n
 if (typeof config === 'string') {\r\n
 try { config = JSON.parse(config); } catch (e) { config = {}; }\r\n
 }\r\n
 config = config || {};\r\n
 let schColor = config.color || null;\r\n
 if (!schColor) {\r\n
 if (sch.routine_type === 'Harian') schColor = 'green';\r\n
 else if (sch.routine_type === 'Mingguan') schColor = 'purple';\r\n
 else if (sch.routine_type === 'Bulanan') schColor = 'blue';\r\n
 else schColor = 'white';\r\n
 }\r\n
 colors.push(schColor);\r\n
 });\r\n
 const uniqueColors = [..new Set(colors)].slice(0, 4);\r\n
 dotsHtml = `<div class="mini-cal-cell-dots">` + uniqueColors.map(c => `<span class="mini-cal-dot ${c}"></span>`).join('') + `</div>`;\r\n
 }\r\n
\r\n
 const el = document.createElement('div');\r\n
 el.className = 'mini-cal-cell' + (cellDateStr === selectedDateStr ? ' selected-day' : '');\r\n
 el.setAttribute('data-date', cellDateStr);\r\n
 el.innerHTML = `${d}${dotsHtml}`;\r\n
\r\n
 el.addEventListener('click', (e) => {\r\n
 e.stopPropagation();\r\n
 selectedDate = new Date(year, month, d);\r\n
 selectDate(selectedDate);\r\n
 });\r\n
\r\n
 cells.appendChild(el);\r\n
 }\r\n
\r\n
 document.getElementById('miniCalEvtMonth').textContent = MONTHS_ID[month];\r\n
 document.getElementById('miniCalEvtDay').textContent = selectedDate.getDate();\r\n
 }\r\n
\r\n
 // Render schedule lists for selected day\r\n
 function renderTimesForDate(date) {\r\n
 const container = document.getElementById('miniCalTimes');\r\n
 if (!container) return;\r\n
\r\n
 container.innerHTML = '';\r\n
\r\n
 const activeSchs = getActiveSchedulesForDate(date);\r\n
 activeSchs.sort((a, b) => a.start_time.localeCompare(b.start_time));\r\n
\r\n
 if (activeSchs.length > 0) {\r\n
 activeSchs.forEach((sch, idx) => {\r\n
 const start = sch.start_time.substring(0, 5);\r\n
 const end = sch.end_time.substring(0, 5);\r\n
\r\n
 const el = document.createElement('div');\r\n
 el.className = 'mini-cal-time-item';\r\n
 el.textContent = `${start} - ${sch.title}`;\r\n
 el.style.fontSize = '0.75rem';\r\n
 el.style.padding = '0.45rem 0.6rem';\r\n
 el.style.textAlign = 'left';\r\n
 el.style.overflow = 'hidden';\r\n
 el.style.textOverflow = 'ellipsis';\r\n
 el.style.whiteSpace = 'nowrap';\r\n
\r\n
 el.addEventListener('click', () => {\r\n
 container.querySelectorAll('.mini-cal-time-item').forEach(x => x.classList.remove('active'));\r\n
 el.classList.add('active');\r\n
\r\n
 const statusInfo = classifyScheduleStatusForDate(sch, date);\r\n
\r\n
 document.getElementById('miniCalEvtTime').innerHTML = `\r\n
 <div style="font-size:0.7rem; color:#8b8591;">${start} - ${end} (${statusInfo.label})</div>\r\n
 <div style="font-size:0.72rem; color:rgba(255,255,255,0.7); margin-top:3px; line-height:1.3; word-break:break-word; display:-webkit-box; -webkit-line-clamp:2; -webkit-box-orient:vertical; overflow:hidden;">\r\n
 ${sch.description || 'Tidak ada deskripsi'}\r\n
 </div>\r\n
 `;\r\n
\r\n
 const titleEl = document.querySelector('.mini-cal-event-title');\r\n
 if (titleEl) titleEl.textContent = sch.title;\r\n
 });\r\n
\r\n
 container.appendChild(el);\r\n
\r\n
 if (idx === 0) {\r\n
 el.click();\r\n
 }\r\n
 });\r\n
 } else {\r\n
 container.innerHTML = `\r\n
 <div style="font-size: 0.72rem; color: #6b6570; text-align: center; padding: 2rem 0.5rem; line-height: 1.4;">\r\n
 Bebas belajar<br>\r\n
 <span style="font-size: 0.65rem; opacity: 0.8;">Tidak ada jadwal</span>\r\n
 </div>\r\n
 `;\r\n
 document.getElementById('miniCalEvtTime').textContent = '-';\r\n
 const titleEl = document.querySelector('.mini-cal-event-title');\r\n
 if (titleEl) titleEl.textContent = 'Bebas belajar';\r\n
 }\r\n
 }\r\n
\r\n
 // Sync calendar popup elements\r\n
 window.updateMiniCalendarUI = function (date) {\r\n
 displayDate = new Date(date.getTime());\r\n
 renderCal();\r\n
 renderTimesForDate(date);\r\n
 };\r\n
\r\n
 // Month navigation bindings\r\n
 document.getElementById('prevMonthBtn').addEventListener('click', (e) => {\r\n
 e.stopPropagation();\r\n
 displayDate.setMonth(displayDate.getMonth() - 1);\r\n
 renderCal();\r\n
 });\r\n
\r\n
 document.getElementById('nextMonthBtn').addEventListener('click', (e) => {\r\n
 e.stopPropagation();\r\n
 displayDate.setMonth(displayDate.getMonth() + 1);\r\n
 renderCal();\r\n
 });\r\n
\r\n
 // Position popup near the button\r\n
 function positionPopup() {\r\n
 const rect = btn.getBoundingClientRect();\r\n
 const popupW = 340;\r\n
 let left = rect.right + 8;\r\n
 if (left + popupW > window.innerWidth) left = rect.left - popupW - 8;\r\n
 popup.style.left = left + 'px';\r\n
 popup.style.top = (rect.top + window.scrollY) + 'px';\r\n
 }\r\n
\r\n
 renderCal();\r\n
 renderTimesForDate(selectedDate);\r\n
\r\n
 let isOpen = false;\r\n
 btn.addEventListener('click', (e) => {\r\n
 e.stopPropagation();\r\n
 isOpen = !isOpen;\r\n
 positionPopup();\r\n
 if (isOpen) {\r\n
 popup.style.display = 'flex';\r\n
 requestAnimationFrame(() => popup.classList.add('open'));\r\n
 } else {\r\n
 popup.classList.remove('open');\r\n
 setTimeout(() => { popup.style.display = 'none'; }, 250);\r\n
 }\r\n
 });\r\n
\r\n
 document.addEventListener('click', (e) => {\r\n
 if (isOpen && !popup.contains(e.target) && e.target !== btn) {\r\n
 isOpen = false;\r\n
 popup.classList.remove('open');\r\n
 setTimeout(() => { popup.style.display = 'none'; }, 250);\r\n
 }\r\n
 });\r\n
 }\r\n
\r\n
 // ----------------------------------------------------\r\n
 // BUDDY COMPONENT LOGIC\r\n
 // ----------------------------------------------------\r\n
 function initBuddySystem() {\r\n
 const state1 = document.getElementById('buddy-state-1');\r\n
 const state2 = document.getElementById('buddy-state-2');\r\n
 const state3 = document.getElementById('buddy-state-3');\r\n
\r\n
\r\n
\r\n
 const avatarOptions = document.querySelectorAll('.buddy-avatar-option');\r\n
 const previewAvatar = document.getElementById('selected-buddy-preview');\r\n
 const nameInput = document.getElementById('buddy-name-input');\r\n
 const btnSave = document.getElementById('btn-save-buddy');\r\n
 const errorMsg = document.getElementById('buddy-error-msg');\r\n
 const silhouette = document.getElementById('buddy-silhouette');\r\n
\r\n
 let selectedAvatarId = null;\r\n
\r\n
 if (avatarOptions.length > 0) {\r\n
 // Personality color map for hover glow\r\n
 const buddyColors = {\r\n
 '1': '#10b981', // Chill Mentor — emerald\r\n
 '2': '#f59e0b', // Energetic Coach — amber\r\n
 '3': '#818cf8', // Wise Sage — indigo\r\n
 '4': '#ec4899' // Hype Beast — pink\r\n
 };\r\n
 const buddyTitles = {\r\n
 '1': 'Si Paling Kalem <i class="fas fa-leaf" style="margin-left: 6px; font-size: 0.9em; opacity: 0.85;"></i>',\r\n
 '2': 'Si Paling Ambisius <i class="fas fa-fire" style="margin-left: 6px; font-size: 0.9em; opacity: 0.85;"></i>',\r\n
 '3': 'Si Paling Bijak <i class="fas fa-book" style="margin-left: 6px; font-size: 0.9em; opacity: 0.85;"></i>',\r\n
 '4': 'Si Paling Hype <i class="fas fa-bolt" style="margin-left: 6px; font-size: 0.9em; opacity: 0.85;"></i>'\r\n
 };\r\n
 const buddySubtitles = {\r\n
 '1': '"Pelan-pelan aja, yang penting sampai.."',\r\n
 '2': '"GASS!! Belajar terus sampai jago!!"',\r\n
 '3': '"Ilmu adalah cahaya yang tak pernah padam"',\r\n
 '4': '"Slay abis bestie, kita coding bareng~"'\r\n
 };\r\n
 let hoverTransitionTimer = null;\r\n
\r\n
 // Smooth text transition helper\r\n
 function animateTextChange(el, newText, newColor, newShadow) {\r\n
 if (!el) return;\r\n
 // Phase 1: fade out\r\n
 el.classList.remove('text-visible');\r\n
 el.classList.add('text-transitioning-out');\r\n
\r\n
 setTimeout(() => {\r\n
 // Phase 2: swap content while invisible, position for entry\r\n
 el.innerHTML = newText;\r\n
 if (newColor !== null) el.style.color = newColor;\r\n
 if (newShadow !== null) el.style.textShadow = newShadow;\r\n
 el.classList.remove('text-transitioning-out');\r\n
 el.classList.add('text-transitioning-in');\r\n
\r\n
 // Force reflow\r\n
 void el.offsetHeight;\r\n
\r\n
 // Phase 3: fade in from below\r\n
 requestAnimationFrame(() => {\r\n
 el.classList.remove('text-transitioning-in');\r\n
 el.classList.add('text-visible');\r\n
 });\r\n
 }, 180); // matches CSS transition-out duration\r\n
 }\r\n
\r\n
 avatarOptions.forEach(opt => {\r\n
 // Hover effect for silhouette + animated text\r\n
 opt.addEventListener('mouseenter', function () {\r\n
 if (silhouette) {\r\n
 silhouette.src = this.src;\r\n
 silhouette.classList.add('show');\r\n
 }\r\n
 // Cancel any pending reset\r\n
 if (hoverTransitionTimer) {\r\n
 clearTimeout(hoverTransitionTimer);\r\n
 hoverTransitionTimer = null;\r\n
 }\r\n
 const avatarId = this.dataset.id;\r\n
 const selHeader = document.getElementById('buddy-selection-header');\r\n
 const selSub = document.getElementById('buddy-selection-subtitle');\r\n
 const color = buddyColors[avatarId] || '#818cf8';\r\n
 const glowShadow = `0 0 20px ${color}44, 0 0 40px ${color}22`;\r\n
\r\n
 animateTextChange(selHeader, buddyTitles[avatarId] || 'Pilih teman belajar mu!', color, glowShadow);\r\n
 animateTextChange(selSub, buddySubtitles[avatarId] || 'Teman yang akan menemani mu sampai lulus', color, 'none');\r\n
 });\r\n
\r\n
 opt.addEventListener('mouseleave', function () {\r\n
 if (silhouette) {\r\n
 silhouette.classList.remove('show');\r\n
 }\r\n
 // Debounce: delay reset so quick hover between avatars doesn't flicker\r\n
 hoverTransitionTimer = setTimeout(() => {\r\n
 const selHeader = document.getElementById('buddy-selection-header');\r\n
 const selSub = document.getElementById('buddy-selection-subtitle');\r\n
 animateTextChange(selHeader, 'Pilih teman belajar mu!', '', 'none');\r\n
 animateTextChange(selSub, 'Teman yang akan menemani mu sampai lulus', 'var(--text-muted)', 'none');\r\n
 }, 100);\r\n
 });\r\n
\r\n
 opt.addEventListener('click', function () {\r\n
 avatarOptions.forEach(o => o.classList.remove('selected'));\r\n
 this.classList.add('selected');\r\n
\r\n
 selectedAvatarId = this.dataset.id;\r\n
 previewAvatar.src = this.src;\r\n
\r\n
 const container = document.querySelector('.buddy-card-container');\r\n
\r\n
 // 1. Get exact current height\r\n
 const startHeight = container.getBoundingClientRect().height;\r\n
\r\n
 // 2. Temporarily swap states to measure new height\r\n
 state1.style.display = 'none';\r\n
 state2.style.display = 'flex';\r\n
 const endHeight = container.getBoundingClientRect().height;\r\n
\r\n
 // 3. Revert back to prepare for animation\r\n
 state1.style.display = 'flex';\r\n
 state2.style.display = 'none';\r\n
\r\n
 // 4. Lock container height\r\n
 container.style.boxSizing = 'border-box';\r\n
 container.style.height = startHeight + 'px';\r\n
 container.style.overflow = 'hidden';\r\n
 container.style.position = 'relative';\r\n
\r\n
 // 5. Position state1 absolutely so it can crossfade out smoothly\r\n
 const state1Rect = state1.getBoundingClientRect();\r\n
 const containerRect = container.getBoundingClientRect();\r\n
 state1.style.position = 'absolute';\r\n
 state1.style.top = (state1Rect.top - containerRect.top) + 'px';\r\n
 state1.style.left = (state1Rect.left - containerRect.left) + 'px';\r\n
 state1.style.width = state1Rect.width + 'px';\r\n
\r\n
 // Force reflow\r\n
 void container.offsetHeight;\r\n
\r\n
 // 6. Start transitions\r\n
 container.style.transition = 'height 0.4s cubic-bezier(0.4, 0, 0.2, 1)';\r\n
 container.style.height = endHeight + 'px';\r\n
\r\n
 state1.style.transition = 'opacity 0.3s ease, transform 0.3s ease';\r\n
 state1.style.opacity = '0';\r\n
 state1.style.transform = 'scale(0.95)';\r\n
\r\n
 state2.style.display = 'flex';\r\n
 state2.style.opacity = '0';\r\n
 void state2.offsetWidth; // force reflow for state 2\r\n
\r\n
 state2.style.transition = 'opacity 0.4s ease 0.1s';\r\n
 state2.style.opacity = '1';\r\n
\r\n
 // Trigger inner animations\r\n
 previewAvatar.classList.remove('anim-enter');\r\n
 document.querySelector('.buddy-form').classList.remove('anim-enter');\r\n
 void previewAvatar.offsetWidth;\r\n
 previewAvatar.classList.add('anim-enter');\r\n
 document.querySelector('.buddy-form').classList.add('anim-enter');\r\n
\r\n
 setTimeout(() => {\r\n
 state1.style.display = 'none';\r\n
 state1.style.position = '';\r\n
 state1.style.top = '';\r\n
 state1.style.left = '';\r\n
 state1.style.width = '';\r\n
 state1.style.opacity = '';\r\n
 state1.style.transform = '';\r\n
\r\n
 container.style.height = 'auto';\r\n
 container.style.overflow = 'visible';\r\n
 container.style.transition = '';\r\n
 container.style.boxSizing = '';\r\n
 nameInput.focus();\r\n
 }, 500);\r\n
 });\r\n
 });\r\n
 }\r\n
\r\n
 if (btnSave) {\r\n
 btnSave.addEventListener('click', async function () {\r\n
 const name = nameInput.value.trim();\r\n
 if (!name) {\r\n
 errorMsg.style.display = 'block';\r\n
 nameInput.style.borderColor = '#ef4444';\r\n
 return;\r\n
 }\r\n
\r\n
 errorMsg.style.display = 'none';\r\n
 nameInput.style.borderColor = 'rgba(255, 255, 255, 0.2)';\r\n
 btnSave.textContent = 'Menyimpan..';\r\n
\r\n
 try {\r\n
 const response = await fetch('/api/user/buddy', {\r\n
 method: 'POST',\r\n
 headers: {\r\n
 'Content-Type': 'application/json',\r\n
 'X-CSRF-TOKEN': document.querySelector('meta[name="csrf-token"]').content\r\n
 },\r\n
 body: JSON.stringify({\r\n
 buddy_avatar: selectedAvatarId,\r\n
 buddy_name: name\r\n
 })\r\n
 });\r\n
\r\n
 const data = await response.json();\r\n
\r\n
 if (data.success) {\r\n
 const container = document.querySelector('.buddy-card-container');\r\n
\r\n
 // 1. Get exact current height and original avatar rect (while state2 is visible)\r\n
 const startHeight = container.getBoundingClientRect().height;\r\n
 const selectedBuddyPreview = document.getElementById('selected-buddy-preview');\r\n
 const rect2 = selectedBuddyPreview.getBoundingClientRect();\r\n
\r\n
 // 2. Temporarily swap states to measure new height & target positions\r\n
 state2.style.display = 'none';\r\n
 state3.style.display = 'flex';\r\n
\r\n
 // Inject name and thinking text so height is accurate before measurement\r\n
 const activeAvatar = document.getElementById('active-buddy-avatar');\r\n
 const activeName = document.getElementById('active-buddy-name');\r\n
 const textContainer = document.getElementById('buddy-typing-text');\r\n
\r\n
 activeAvatar.src = previewAvatar.src;\r\n
 const nameSpan = activeName.querySelector('span');\r\n
 if (nameSpan) nameSpan.textContent = data.buddy_name;\r\n
 if (textContainer) {\r\n
 textContainer.innerHTML = '<i><span style="opacity:0.6">Sedang memikirkan..</span></i>';\r\n
 }\r\n
\r\n
 const endHeight = container.getBoundingClientRect().height;\r\n
\r\n
 // Measure avatar target position\r\n
 const containerRect = container.getBoundingClientRect();\r\n
 const rect3 = activeAvatar.getBoundingClientRect();\r\n
\r\n
 const startTop = rect2.top - containerRect.top;\r\n
 const startLeft = rect2.left - containerRect.left;\r\n
 const startWidth = rect2.width;\r\n
 const startHeightAvatar = rect2.height;\r\n
\r\n
 const endTop = rect3.top - containerRect.top;\r\n
 const endLeft = rect3.left - containerRect.left;\r\n
 const endWidth = rect3.width;\r\n
 const endHeightAvatar = rect3.height;\r\n
\r\n
 // 3. Revert back to prepare for animation\r\n
 state2.style.display = 'flex';\r\n
 state3.style.display = 'none';\r\n
\r\n
 // Create the flying avatar clone\r\n
 const clone = document.createElement('img');\r\n
 clone.src = selectedBuddyPreview.src;\r\n
 clone.className = 'buddy-avatar-preview';\r\n
 clone.style.position = 'absolute';\r\n
 clone.style.top = startTop + 'px';\r\n
 clone.style.left = startLeft + 'px';\r\n
 clone.style.width = startWidth + 'px';\r\n
 clone.style.height = startHeightAvatar + 'px';\r\n
 clone.style.zIndex = '999';\r\n
 clone.style.pointerEvents = 'none';\r\n
 clone.style.transition = 'all 0.6s cubic-bezier(0.16, 1, 0.3, 1)';\r\n
 container.appendChild(clone);\r\n
\r\n
 // Force reflow on clone to guarantee starting position is painted\r\n
 void clone.offsetHeight;\r\n
\r\n
 // Hide real avatars during transition\r\n
 selectedBuddyPreview.style.opacity = '0';\r\n
 activeAvatar.style.opacity = '0';\r\n
\r\n
 // 4. Lock container height\r\n
 container.style.boxSizing = 'border-box';\r\n
 container.style.height = startHeight + 'px';\r\n
 container.style.overflow = 'hidden';\r\n
 container.style.position = 'relative';\r\n
\r\n
 // 5. Position state2 absolutely\r\n
 const state2Rect = state2.getBoundingClientRect();\r\n
 state2.style.position = 'absolute';\r\n
 state2.style.top = (state2Rect.top - containerRect.top) + 'px';\r\n
 state2.style.left = (state2Rect.left - containerRect.left) + 'px';\r\n
 state2.style.width = state2Rect.width + 'px';\r\n
\r\n
 // Force reflow\r\n
 void container.offsetHeight;\r\n
\r\n
 // 6. Start transitions (Synchronized to 0.6s with premium easing)\r\n
 container.style.transition = 'height 0.6s cubic-bezier(0.16, 1, 0.3, 1)';\r\n
 container.style.height = endHeight + 'px';\r\n
\r\n
 state2.style.transition = 'opacity 0.4s cubic-bezier(0.16, 1, 0.3, 1), transform 0.4s cubic-bezier(0.16, 1, 0.3, 1)';\r\n
 state2.style.opacity = '0';\r\n
 state2.style.transform = 'scale(0.96)';\r\n
\r\n
 state3.style.display = 'flex';\r\n
 state3.style.opacity = '0';\r\n
 void state3.offsetWidth;\r\n
\r\n
 state3.style.transition = 'opacity 0.6s cubic-bezier(0.16, 1, 0.3, 1)';\r\n
 state3.style.opacity = '1';\r\n
\r\n
 // Animate the flying clone\r\n
 requestAnimationFrame(() => {\r\n
 clone.style.top = endTop + 'px';\r\n
 clone.style.left = endLeft + 'px';\r\n
 clone.style.width = endWidth + 'px';\r\n
 clone.style.height = endHeightAvatar + 'px';\r\n
 });\r\n
\r\n
 setTimeout(() => {\r\n
 state2.style.display = 'none';\r\n
 state2.style.position = '';\r\n
 state2.style.top = '';\r\n
 state2.style.left = '';\r\n
 state2.style.width = '';\r\n
 state2.style.opacity = '';\r\n
 state2.style.transform = '';\r\n
\r\n
 container.style.height = 'auto';\r\n
 container.style.overflow = 'visible';\r\n
 container.style.transition = '';\r\n
 container.style.boxSizing = '';\r\n
\r\n
 // Cleanup the flying clone and restore original avatars\r\n
 clone.remove();\r\n
 activeAvatar.style.opacity = '1';\r\n
 selectedBuddyPreview.style.opacity = '';\r\n
\r\n
 startTypingEffect();\r\n
 }, 650);\r\n
 }\r\n
 } catch (err) {\r\n
 console.error('Error saving buddy:', err);\r\n
 btnSave.textContent = 'Selesai';\r\n
 }\r\n
 });\r\n
 }\r\n
\r\n
 if (state3 && state3.style.display !== 'none') {\r\n
 startTypingEffect();\r\n
 }\r\n
\r\n
 function computeBuddyMood(ctx) {\r\n
 const hour = ctx.hour_of_day;\r\n
 // 1. Sleepy trigger: between 22:00 (10 PM) and 05:00 (5 AM)\r\n
 if (hour >= 22 || hour < 5) {\r\n
 return 'sleepy';\r\n
 }\r\n
 // 2. Excited trigger: streak >= 5 and all daily missions done\r\n
 if (ctx.streak >= 5 && ctx.missions_total > 0 && ctx.missions_done === ctx.missions_total) {\r\n
 return 'excited';\r\n
 }\r\n
 // 3. Happy trigger: streak >= 1 or missions > 50% completed\r\n
 if (ctx.streak >= 1 || (ctx.missions_total > 0 && (ctx.missions_done / ctx.missions_total) >= 0.5)) {\r\n
 return 'happy';\r\n
 }\r\n
 // 4. Sad trigger: streak === 0 and no missions done (not happy)\r\n
 if (ctx.streak === 0 && ctx.missions_done === 0) {\r\n
 return 'sad';\r\n
 }\r\n
 // 5. Default Neutral\r\n
 return 'neutral';\r\n
 }\r\n
\r\n
 function applyBuddyMood(mood, ctx) {\r\n
 const activeStateEl = document.getElementById('buddy-state-3');\r\n
 if (!activeStateEl) return;\r\n
\r\n
 // Remove previous mood classes\r\n
 activeStateEl.classList.remove('mood-excited', 'mood-happy', 'mood-neutral', 'mood-sleepy', 'mood-sad');\r\n
 // Add new mood class\r\n
 activeStateEl.classList.add('mood-' + mood);\r\n
\r\n
 // Update status text\r\n
 const statusTextEl = document.getElementById('buddy-status-text');\r\n
 if (statusTextEl) {\r\n
 const moodLabels = {\r\n
 excited: '🔥 Sangat Bersemangat!',\r\n
 happy: '😊 Online',\r\n
 neutral: '😐 Siap menemanimu',\r\n
 sleepy: '😴 Mengantuk..',\r\n
 sad: '😢 Kangen belajar..'\r\n
 };\r\n
 statusTextEl.textContent = moodLabels[mood] || 'Online';\r\n
 }\r\n
 }\r\n
\r\n
 async function startTypingEffect() {\r\n
 const textContainer = document.getElementById('buddy-typing-text');\r\n
 if (!textContainer) return;\r\n
\r\n
 textContainer.innerHTML = '<i><span style="opacity:0.6">Sedang memikirkan..</span></i>';\r\n
\r\n
 let messages = ["Halo! Salam kenal.. hehehe"];\r\n
\r\n
 try {\r\n
 const response = await fetch('/api/user/buddy-context', {\r\n
 headers: {\r\n
 'Accept': 'application/json',\r\n
 'X-Requested-With': 'XMLHttpRequest'\r\n
 }\r\n
 });\r\n
\r\n
 if (response.ok) {\r\n
 const context = await response.json();\r\n
\r\n
 // Resolve personality first so greeting list can adapt\r\n
 currentPersonality = getPersonalityName(context.buddy_avatar);\r\n
\r\n
 messages = generateBuddyMessages(context);\r\n
\r\n
 // Compute and Apply Mood\r\n
 const mood = computeBuddyMood(context);\r\n
 applyBuddyMood(mood, context);\r\n
\r\n
 // Update micro-stats visually\r\n
 const elStreak = document.getElementById('buddy-stat-streak');\r\n
 const elMissions = document.getElementById('buddy-stat-missions');\r\n
 const elLevel = document.getElementById('buddy-stat-level');\r\n
 const elTier = document.getElementById('buddy-stat-tier');\r\n
\r\n
 if (elStreak) elStreak.textContent = context.streak + ' hr';\r\n
 if (elMissions) elMissions.textContent = context.missions_done + '/' + context.missions_total;\r\n
 if (elLevel) elLevel.textContent = 'Lv ' + context.level;\r\n
 if (elTier) {\r\n
 if (elTier.dataset.currentTier && elTier.dataset.currentTier !== context.tier) {\r\n
 syncTierProgressionUI(context.tier);\r\n
 }\r\n
 elTier.dataset.currentTier = context.tier;\r\n
 elTier.textContent = context.tier;\r\n
 }\r\n
\r\n
 // Check streak milestone celebration\r\n
 if (context.streak === 3 || context.streak === 7 || context.streak === 14 || context.streak === 30) {\r\n
 setTimeout(() => {\r\n
 const streakMsgs = {\r\n
 chill: `Wih.. streak ${context.streak} hari. Santai dan gokil! 🌿`,\r\n
 energetic: `GILA!!! STREAK ${context.streak} HARI!!! LUAR BIASA! PUSH TERUSS!!! 🔥💪🚀`,\r\n
 wise: `Pencapaian luar biasa. Dirimu telah menuntut ilmu selama ${context.streak} hari berturut-turut. 💎📚`,\r\n
 hype: `Slay abis! Streak ${context.streak} hari bestie! Proud of you! 😎👑`\r\n
 };\r\n
 showBuddyToast(streakMsgs[currentPersonality] || `Streak ${context.streak} hari!`, 'celebration');\r\n
 }, 3000);\r\n
 }\r\n
\r\n
 // Check all daily missions completed celebration\r\n
 if (context.missions_total > 0 && context.missions_done === context.missions_total) {\r\n
 setTimeout(() => {\r\n
 const missionMsgs = {\r\n
 chill: "Semua misi hari ini beres.. chill time! 🌿☕",\r\n
 energetic: "SEMUA MISI HARI INI RATA KANAN!!! LUAR BIASA! KAMU JUARA!! 🔥🏆💪",\r\n
 wise: "Setiap kewajiban hari ini telah tertunaikan dengan sempurna. Indah sekali. 📚💎",\r\n
 hype: "Misi harian dibabat habis! Slay banget, no debat! 👑😎"\r\n
 };\r\n
 showBuddyToast(missionMsgs[currentPersonality] || "Misi selesai semua! 🎉", 'celebration');\r\n
 }, 5000);\r\n
 }\r\n
\r\n
 // Populate learning recommendation\r\n
 const recCard = document.getElementById('buddy-recommendation-card');\r\n
 const recCourse = document.getElementById('buddy-rec-course-title');\r\n
 const recLesson = document.getElementById('buddy-rec-lesson-title');\r\n
 const recProgress = document.getElementById('buddy-rec-progress-bar');\r\n
 const recProgressText = document.getElementById('buddy-rec-progress-text');\r\n
 const recActionBtn = document.getElementById('buddy-rec-action-btn');\r\n
\r\n
 if (context.recommendation && context.recommendation.has_recommendation) {\r\n
 if (recCourse) recCourse.textContent = context.recommendation.course_title;\r\n
 if (recLesson) recLesson.textContent = 'Materi: ' + context.recommendation.lesson_title;\r\n
 if (recProgress) recProgress.style.width = context.recommendation.progress_percent + '%';\r\n
 if (recProgressText) recProgressText.textContent = 'Progress: ' + context.recommendation.progress_percent + '%';\r\n
 if (recActionBtn) {\r\n
 recActionBtn.href = '/lessons/' + context.recommendation.lesson_id;\r\n
 recActionBtn.style.display = 'inline-flex';\r\n
 }\r\n
 if (recCard) recCard.style.display = 'block';\r\n
 } else if (context.recommendation && context.recommendation.course_title) {\r\n
 // Enrolled but completed course!\r\n
 if (recCourse) recCourse.textContent = context.recommendation.course_title;\r\n
 if (recLesson) recLesson.textContent = '🎉 Semua materi kelas selesai!';\r\n
 if (recProgress) recProgress.style.width = '100%';\r\n
 if (recProgressText) recProgressText.textContent = 'Progress: 100%';\r\n
 if (recActionBtn) recActionBtn.style.display = 'none';\r\n
 if (recCard) recCard.style.display = 'block';\r\n
 } else {\r\n
 if (recCard) recCard.style.display = 'none';\r\n
 }\r\n
 }\r\n
 } catch (e) {\r\n
 console.error("Failed to fetch buddy context", e);\r\n
 }\r\n
\r\n
 let msgIndex = 0;\r\n
 let charIndex = 0;\r\n
 let isDeleting = false;\r\n
 let typeSpeed = 50;\r\n
\r\n
 function type() {\r\n
 let currentObj = messages[msgIndex];\r\n
 if (typeof currentObj === 'string') {\r\n
 currentObj = { text: currentObj };\r\n
 }\r\n
 const currentMsg = currentObj.text;\r\n
\r\n
 // Hide pills container smoothly at start of typing or deleting\r\n
 const pillsWrapper = document.getElementById('buddy-pills-wrapper');\r\n
 if (pillsWrapper && (charIndex === 0 || isDeleting)) {\r\n
 pillsWrapper.classList.remove('visible');\r\n
 }\r\n
\r\n
 if (isDeleting) {\r\n
 textContainer.innerHTML = currentMsg.substring(0, charIndex - 1) + '<span class="typed-cursor">|</span>';\r\n
 charIndex--;\r\n
 typeSpeed = 20; // faster deletion\r\n
 } else {\r\n
 textContainer.innerHTML = currentMsg.substring(0, charIndex + 1) + '<span class="typed-cursor">|</span>';\r\n
 charIndex++;\r\n
 typeSpeed = 40 + Math.random() * 30; // human like typing\r\n
 }\r\n
\r\n
 if (!isDeleting && charIndex === currentMsg.length) {\r\n
 if (currentObj.type === "mission_prompt") {\r\n
 // Show buttons with smooth CSS grid animation\r\n
 const wrapper = document.getElementById('buddy-prompt-wrapper');\r\n
 requestAnimationFrame(() => {\r\n
 wrapper.classList.add('visible');\r\n
 });\r\n
\r\n
 function hideButtons(callback) {\r\n
 wrapper.classList.remove('visible');\r\n
 wrapper.addEventListener('transitionend', function handler(e) {\r\n
 if (e.propertyName === 'grid-template-rows') {\r\n
 wrapper.removeEventListener('transitionend', handler);\r\n
 callback();\r\n
 }\r\n
 });\r\n
 // Fallback if transitionend doesn't fire\r\n
 setTimeout(callback, 500);\r\n
 }\r\n
\r\n
 // Auto-select "Tidak" after 20 seconds of no interaction\r\n
 if (window.buddyAutoNoTimeout) {\r\n
 clearTimeout(window.buddyAutoNoTimeout);\r\n
 }\r\n
 window.buddyAutoNoTimeout = setTimeout(() => {\r\n
 const noBtn = document.getElementById('btn-prompt-no');\r\n
 if (noBtn) {\r\n
 noBtn.click();\r\n
 }\r\n
 }, 20000);\r\n
\r\n
 document.getElementById('btn-prompt-yes').onclick = function () {\r\n
 if (window.buddyAutoNoTimeout) {\r\n
 clearTimeout(window.buddyAutoNoTimeout);\r\n
 window.buddyAutoNoTimeout = null;\r\n
 }\r\n
 this.onclick = null; // prevent double-click\r\n
 hideButtons(() => {\r\n
 setTimeout(() => {\r\n
 const statsCard = document.getElementById('buddy-stats-card');\r\n
 statsCard.style.display = 'flex';\r\n
 void statsCard.offsetWidth;\r\n
 statsCard.style.opacity = '1';\r\n
 statsCard.style.transform = 'translateY(0)';\r\n
\r\n
 messages.splice(msgIndex + 1, 0, { text: 'Ini dia! Semangat ya ngerjainnya! 🎯' });\r\n
 isDeleting = true;\r\n
 typeSpeed = 20;\r\n
 type();\r\n
 }, 600);\r\n
 });\r\n
 };\r\n
\r\n
 document.getElementById('btn-prompt-no').onclick = function () {\r\n
 if (window.buddyAutoNoTimeout) {\r\n
 clearTimeout(window.buddyAutoNoTimeout);\r\n
 window.buddyAutoNoTimeout = null;\r\n
 }\r\n
 this.onclick = null; // prevent double-click\r\n
 hideButtons(() => {\r\n
 setTimeout(() => {\r\n
 messages.splice(msgIndex + 1, 0, { text: 'Oke deh, kabari aja kalau udah siap! 😊' });\r\n
 isDeleting = true;\r\n
 typeSpeed = 20;\r\n
 type();\r\n
 }, 600);\r\n
 });\r\n
 };\r\n
\r\n
 return; // Wait for user interaction\r\n
 }\r\n
\r\n
 // Show "Tanya Buddy" pills row smoothly\r\n
 const pillsWrapper = document.getElementById('buddy-pills-wrapper');\r\n
 if (pillsWrapper && localStorage.getItem('buddy_pills_disabled') !== 'true') {\r\n
 pillsWrapper.classList.add('visible');\r\n
 }\r\n
\r\n
 typeSpeed = 20000; // wait 20 seconds before deleting\r\n
 isDeleting = true;\r\n
 } else if (isDeleting && charIndex === 0) {\r\n
 isDeleting = false;\r\n
 msgIndex = (msgIndex + 1) % messages.length;\r\n
 typeSpeed = 500; // wait half second before typing next\r\n
 }\r\n
\r\n
 if (window.buddyTypingTimeout) {\r\n
 clearTimeout(window.buddyTypingTimeout);\r\n
 }\r\n
 window.buddyTypingTimeout = setTimeout(type, typeSpeed);\r\n
 }\r\n
\r\n
 // Clear any existing typing timeout to prevent overlaps\r\n
 if (window.buddyTypingTimeout) {\r\n
 clearTimeout(window.buddyTypingTimeout);\r\n
 }\r\n
 if (window.buddyAutoNoTimeout) {\r\n
 clearTimeout(window.buddyAutoNoTimeout);\r\n
 window.buddyAutoNoTimeout = null;\r\n
 }\r\n
\r\n
 // Clear the thinking text and start typing\r\n
 textContainer.innerHTML = '';\r\n
 type();\r\n
 }\r\n
\r\n
 // Chatbot Personality, History Log & Input logic\r\n
 let currentPersonality = 'chill';\r\n
 let toastTimeout = null;\r\n
 let idleTimer = null;\r\n
\r\n
 function showBuddyToast(message, type = '') {\r\n
 const toast = document.getElementById('buddy-toast');\r\n
 const toastText = document.getElementById('buddy-toast-text');\r\n
 if (!toast || !toastText) return;\r\n
\r\n
 toast.className = 'buddy-toast';\r\n
 if (type) {\r\n
 toast.classList.add('event-' + type);\r\n
 }\r\n
\r\n
 toastText.textContent = message;\r\n
 toast.classList.add('visible');\r\n
\r\n
 if (toastTimeout) {\r\n
 clearTimeout(toastTimeout);\r\n
 }\r\n
 toastTimeout = setTimeout(() => {\r\n
 toast.classList.remove('visible');\r\n
 }, 4000);\r\n
 }\r\n
\r\n
 function resetIdleTimer() {\r\n
 if (idleTimer) {\r\n
 clearTimeout(idleTimer);\r\n
 }\r\n
 idleTimer = setTimeout(triggerIdleReaction, 300000); // 5 minutes\r\n
 }\r\n
\r\n
 function triggerIdleReaction() {\r\n
 const reminders = {\r\n
 chill: "Masih di sini? Santai sejenak aja, terus lanjut lagi.. 🌿☕",\r\n
 energetic: "WOII!! LARI DARI KENYATAAN YA?? AYO LANJUT NGODING!!! 🔥💪🚀",\r\n
 wise: "Ingatlah bahwa penundaan adalah pencuri waktu. Mari lanjutkan perjuanganmu. 📚🧠",\r\n
 hype: "Bestie.. masih hidup kan? Yuk lanjut belajar biar makin slay! 😎👑"\r\n
 };\r\n
 const msg = reminders[currentPersonality] || "Masih di sini? Yuk lanjut belajar~ 😊";\r\n
 showBuddyToast(msg, 'warning');\r\n
 }\r\n
\r\n
 // Register global event listeners for idle tracking\r\n
 document.addEventListener('mousemove', resetIdleTimer);\r\n
 document.addEventListener('keypress', resetIdleTimer);\r\n
 document.addEventListener('scroll', resetIdleTimer);\r\n
 document.addEventListener('click', resetIdleTimer);\r\n
 resetIdleTimer();\r\n
\r\n
 function getPersonalityName(avatarId) {\r\n
 const mapping = {\r\n
 '1': 'chill',\r\n
 '2': 'energetic',\r\n
 '3': 'wise',\r\n
 '4': 'hype'\r\n
 };\r\n
 return mapping[avatarId] || 'chill';\r\n
 }\r\n
\r\n
 function addChatBubble(sender, text) {\r\n
 const logContainer = document.getElementById('buddy-chat-log');\r\n
 if (!logContainer) return;\r\n
\r\n
 // Make logContainer visible\r\n
 logContainer.style.display = 'flex';\r\n
\r\n
 const bubble = document.createElement('div');\r\n
 bubble.className = `buddy-msg-bubble ${sender}`;\r\n
\r\n
 // Parse bold notation **text**\r\n
 bubble.innerHTML = text.replace(/\*\*(.*?)\*\*/g, '<strong>$1</strong>');\r\n
\r\n
 logContainer.appendChild(bubble);\r\n
 logContainer.scrollTop = logContainer.scrollHeight;\r\n
 }\r\n
\r\n
 function loadBuddyMemory() {\r\n
 const defaultMemory = {\r\n
 total_interactions: 0,\r\n
 last_topic: '',\r\n
 favorite_topic: '',\r\n
 topic_counts: { tips: 0, motivasi: 0, humor: 0, status: 0 },\r\n
 days_active: 1,\r\n
 last_visit_date: new Date().toDateString(),\r\n
 chat_history: []\r\n
 };\r\n
\r\n
 try {\r\n
 const stored = localStorage.getItem('buddy_memory');\r\n
 if (stored) {\r\n
 return JSON.parse(stored);\r\n
 }\r\n
 } catch (e) {\r\n
 console.error("Failed to parse buddy memory", e);\r\n
 }\r\n
\r\n
 return defaultMemory;\r\n
 }\r\n
\r\n
 function saveBuddyMemory(memory) {\r\n
 try {\r\n
 localStorage.setItem('buddy_memory', JSON.stringify(memory));\r\n
 } catch (e) {\r\n
 console.error("Failed to save buddy memory", e);\r\n
 }\r\n
 }\r\n
\r\n
 function trackBuddyInteraction(topic, userMsg, replyMsg) {\r\n
 const memory = loadBuddyMemory();\r\n
\r\n
 memory.total_interactions += 1;\r\n
 memory.last_topic = topic;\r\n
\r\n
 if (memory.topic_counts[topic] !== undefined) {\r\n
 memory.topic_counts[topic] += 1;\r\n
 } else {\r\n
 memory.topic_counts[topic] = 1;\r\n
 }\r\n
\r\n
 // Recalculate favorite topic\r\n
 let fav = memory.favorite_topic || topic;\r\n
 let maxCount = memory.topic_counts[fav] || 0;\r\n
 for (const t in memory.topic_counts) {\r\n
 if (memory.topic_counts[t] > maxCount) {\r\n
 fav = t;\r\n
 maxCount = memory.topic_counts[t];\r\n
 }\r\n
 }\r\n
 memory.favorite_topic = fav;\r\n
\r\n
 // Track active days\r\n
 const today = new Date().toDateString();\r\n
 if (memory.last_visit_date !== today) {\r\n
 memory.days_active += 1;\r\n
 memory.last_visit_date = today;\r\n
 }\r\n
\r\n
 // Add to history (keep max 10 messages = 20 entries)\r\n
 memory.chat_history.push({\r\n
 role: 'user',\r\n
 text: userMsg,\r\n
 ts: Date.now()\r\n
 });\r\n
 memory.chat_history.push({\r\n
 role: 'buddy',\r\n
 text: replyMsg,\r\n
 ts: Date.now()\r\n
 });\r\n
 if (memory.chat_history.length > 20) {\r\n
 memory.chat_history.shift();\r\n
 memory.chat_history.shift();\r\n
 }\r\n
\r\n
 saveBuddyMemory(memory);\r\n
 }\r\n
\r\n
 // "Tanya Buddy" Interactive Chatbot Logic\r\n
 window.askBuddy = function (topic, btn) {\r\n
 if (window.buddyPillClicked) return;\r\n
 window.buddyPillClicked = true;\r\n
\r\n
 // Hide pills container smoothly\r\n
 const pillsWrapper = document.getElementById('buddy-pills-wrapper');\r\n
 if (pillsWrapper) {\r\n
 pillsWrapper.classList.remove('visible');\r\n
 }\r\n
\r\n
 if (window.buddyTypingTimeout) {\r\n
 clearTimeout(window.buddyTypingTimeout);\r\n
 }\r\n
 if (window.buddyAutoNoTimeout) {\r\n
 clearTimeout(window.buddyAutoNoTimeout);\r\n
 window.buddyAutoNoTimeout = null;\r\n
 }\r\n
\r\n
 // Add User Chat Bubble\r\n
 let topicLabel = "💡 Tips Belajar";\r\n
 if (topic === 'status') topicLabel = "🔥 Status";\r\n
 if (topic === 'motivasi') topicLabel = "🚀 Motivasi";\r\n
 if (topic === 'humor') topicLabel = "☕ Lelucon";\r\n
 addChatBubble('user', topicLabel);\r\n
\r\n
 // Get dynamic context data for responses\r\n
 const streak = document.getElementById('buddy-stat-streak')?.textContent || '0 hr';\r\n
 const missions = document.getElementById('buddy-stat-missions')?.textContent || '0/0';\r\n
 const level = document.getElementById('buddy-stat-level')?.textContent || 'Lv 1';\r\n
 const tier = document.getElementById('buddy-stat-tier')?.textContent || 'Initiate';\r\n
\r\n
 let replyText = "";\r\n
 if (topic === 'status') {\r\n
 replyText = `Status belajarmu saat ini: kamu ada di **${tier} (${level})** dengan streak **${streak}**. ${missions !== '0/0' ? `Hari ini kamu udah beresin ${missions} misi!` : 'Yuk selesaikan misimu hari ini!'} Semangat terus belajarnya ya! 🚀`;\r\n
 } else {\r\n
 replyText = getRandomBuddySentence(topic, currentPersonality);\r\n
 }\r\n
\r\n
 const textContainer = document.getElementById('buddy-typing-text');\r\n
 if (!textContainer) return;\r\n
\r\n
 let currentText = textContainer.textContent.replace('|', '');\r\n
 let deleteIndex = currentText.length;\r\n
\r\n
 function deleteAnimation() {\r\n
 if (deleteIndex > 0) {\r\n
 textContainer.innerHTML = currentText.substring(0, deleteIndex - 1) + '<span class="typed-cursor">|</span>';\r\n
 deleteIndex--;\r\n
 window.buddyTypingTimeout = setTimeout(deleteAnimation, 15);\r\n
 } else {\r\n
 let replyCharIndex = 0;\r\n
 function typeReply() {\r\n
 if (replyCharIndex <= replyText.length) {\r\n
 textContainer.innerHTML = replyText.substring(0, replyCharIndex) + '<span class="typed-cursor">|</span>';\r\n
 replyCharIndex++;\r\n
 window.buddyTypingTimeout = setTimeout(typeReply, 30 + Math.random() * 20);\r\n
 } else {\r\n
 window.buddyPillClicked = false;\r\n
\r\n
 // Append Buddy Response Bubble to Log\r\n
 addChatBubble('buddy', replyText);\r\n
\r\n
 // Track interaction to local storage memory\r\n
 trackBuddyInteraction(topic, topicLabel, replyText);\r\n
\r\n
 const pillsWrapper = document.getElementById('buddy-pills-wrapper');\r\n
 if (pillsWrapper && localStorage.getItem('buddy_pills_disabled') !== 'true') {\r\n
 pillsWrapper.classList.add('visible');\r\n
 }\r\n
\r\n
 window.buddyTypingTimeout = setTimeout(() => {\r\n
 let cleanIndex = replyText.length;\r\n
 function cleanReply() {\r\n
 if (cleanIndex > 0) {\r\n
 textContainer.innerHTML = replyText.substring(0, cleanIndex - 1) + '<span class="typed-cursor">|</span>';\r\n
 cleanIndex--;\r\n
 window.buddyTypingTimeout = setTimeout(cleanReply, 15);\r\n
 } else {\r\n
 startTypingEffect();\r\n
 }\r\n
 }\r\n
 cleanReply();\r\n
 }, 20000);\r\n
 }\r\n
 }\r\n
 typeReply();\r\n
 }\r\n
 }\r\n
 deleteAnimation();\r\n
 };\r\n
\r\n
 // Custom Free-Text Response Processing\r\n
 window.processBuddyChat = function (userMessage) {\r\n
 if (!userMessage.trim()) return;\r\n
 if (window.buddyPillClicked) return;\r\n
 window.buddyPillClicked = true;\r\n
\r\n
 // Add user bubble\r\n
 addChatBubble('user', userMessage);\r\n
\r\n
 // Clear input field\r\n
 const chatInput = document.getElementById('buddy-chat-input');\r\n
 if (chatInput) chatInput.value = '';\r\n
\r\n
 // Hide pills container smoothly\r\n
 const pillsWrapper = document.getElementById('buddy-pills-wrapper');\r\n
 if (pillsWrapper) {\r\n
 pillsWrapper.classList.remove('visible');\r\n
 }\r\n
\r\n
 if (window.buddyTypingTimeout) {\r\n
 clearTimeout(window.buddyTypingTimeout);\r\n
 }\r\n
 if (window.buddyAutoNoTimeout) {\r\n
 clearTimeout(window.buddyAutoNoTimeout);\r\n
 window.buddyAutoNoTimeout = null;\r\n
 }\r\n
\r\n
 // Match Intent Topic\r\n
 const topic = matchBuddyIntent(userMessage);\r\n
\r\n
 // Get dynamic context data for responses\r\n
 const streak = document.getElementById('buddy-stat-streak')?.textContent || '0 hr';\r\n
 const missions = document.getElementById('buddy-stat-missions')?.textContent || '0/0';\r\n
 const level = document.getElementById('buddy-stat-level')?.textContent || 'Lv 1';\r\n
 const tier = document.getElementById('buddy-stat-tier')?.textContent || 'Initiate';\r\n
\r\n
 let replyText = "";\r\n
 if (topic === 'status') {\r\n
 replyText = `Status belajarmu saat ini: kamu ada di **${tier} (${level})** dengan streak **${streak}**. ${missions !== '0/0' ? `Hari ini kamu udah beresin ${missions} misi!` : 'Yuk selesaikan misimu hari ini!'} Semangat terus belajarnya ya! 🚀`;\r\n
 } else {\r\n
 replyText = getRandomBuddySentence(topic, currentPersonality);\r\n
 }\r\n
\r\n
 const textContainer = document.getElementById('buddy-typing-text');\r\n
 if (!textContainer) return;\r\n
\r\n
 let currentText = textContainer.textContent.replace('|', '');\r\n
 let deleteIndex = currentText.length;\r\n
\r\n
 function deleteAnimation() {\r\n
 if (deleteIndex > 0) {\r\n
 textContainer.innerHTML = currentText.substring(0, deleteIndex - 1) + '<span class="typed-cursor">|</span>';\r\n
 deleteIndex--;\r\n
 window.buddyTypingTimeout = setTimeout(deleteAnimation, 15);\r\n
 } else {\r\n
 let replyCharIndex = 0;\r\n
 function typeReply() {\r\n
 if (replyCharIndex <= replyText.length) {\r\n
 textContainer.innerHTML = replyText.substring(0, replyCharIndex) + '<span class="typed-cursor">|</span>';\r\n
 replyCharIndex++;\r\n
 window.buddyTypingTimeout = setTimeout(typeReply, 30 + Math.random() * 20);\r\n
 } else {\r\n
 window.buddyPillClicked = false;\r\n
\r\n
 // Append Buddy Response Bubble to Log\r\n
 addChatBubble('buddy', replyText);\r\n
\r\n
 // Track interaction to local storage memory\r\n
 trackBuddyInteraction(topic, userMessage, replyText);\r\n
\r\n
 const pillsWrapper = document.getElementById('buddy-pills-wrapper');\r\n
 if (pillsWrapper && localStorage.getItem('buddy_pills_disabled') !== 'true') {\r\n
 pillsWrapper.classList.add('visible');\r\n
 }\r\n
\r\n
 window.buddyTypingTimeout = setTimeout(() => {\r\n
 let cleanIndex = replyText.length;\r\n
 function cleanReply() {\r\n
 if (cleanIndex > 0) {\r\n
 textContainer.innerHTML = replyText.substring(0, cleanIndex - 1) + '<span class="typed-cursor">|</span>';\r\n
 cleanIndex--;\r\n
 window.buddyTypingTimeout = setTimeout(cleanReply, 15);\r\n
 } else {\r\n
 startTypingEffect();\r\n
 }\r\n
 }\r\n
 cleanReply();\r\n
 }, 20000);\r\n
 }\r\n
 }\r\n
 typeReply();\r\n
 }\r\n
 }\r\n
 deleteAnimation();\r\n
 };\r\n
\r\n
 // Wire input events\r\n
 const chatInput = document.getElementById('buddy-chat-input');\r\n
 const chatSendBtn = document.getElementById('btn-buddy-chat-send');\r\n
\r\n
 if (chatInput && chatSendBtn) {\r\n
 chatSendBtn.addEventListener('click', () => {\r\n
 processBuddyChat(chatInput.value);\r\n
 });\r\n
\r\n
 chatInput.addEventListener('keypress', (e) => {\r\n
 if (e.key === 'Enter') {\r\n
 processBuddyChat(chatInput.value);\r\n
 }\r\n
 });\r\n
 }\r\n
\r\n
 // Restore chat history from memory on initial load\r\n
 try {\r\n
 const storedMemory = loadBuddyMemory();\r\n
 if (storedMemory.chat_history && storedMemory.chat_history.length > 0) {\r\n
 storedMemory.chat_history.forEach(msg => {\r\n
 addChatBubble(msg.role, msg.text);\r\n
 });\r\n
 }\r\n
 } catch (e) {\r\n
 console.error("Restoring buddy chat history failed", e);\r\n
 }\r\n
\r\n
 // ─── Mode Switch Logic (Auto ↔ Chat) ───\r\n
 function switchBuddyMode(mode) {\r\n
 const chatContainer = document.querySelector('#buddy-state-3 .buddy-chat');\r\n
 const switchEl = document.getElementById('buddy-mode-switch');\r\n
 const btnAuto = document.getElementById('btn-mode-auto');\r\n
 const btnChat = document.getElementById('btn-mode-chat');\r\n
 const chatInput = document.getElementById('buddy-chat-input');\r\n
\r\n
 if (!chatContainer || !switchEl) return;\r\n
\r\n
 if (mode === 'chat') {\r\n
 chatContainer.classList.add('mode-chat');\r\n
 switchEl.setAttribute('data-active', 'chat');\r\n
 if (btnAuto) btnAuto.classList.remove('active');\r\n
 if (btnChat) btnChat.classList.add('active');\r\n
 localStorage.setItem('buddy_chat_mode', 'chat');\r\n
\r\n
 // Auto-focus the chat input\r\n
 if (chatInput) {\r\n
 setTimeout(() => chatInput.focus(), 400);\r\n
 }\r\n
 } else {\r\n
 chatContainer.classList.remove('mode-chat');\r\n
 switchEl.setAttribute('data-active', 'auto');\r\n
 if (btnAuto) btnAuto.classList.add('active');\r\n
 if (btnChat) btnChat.classList.remove('active');\r\n
 localStorage.setItem('buddy_chat_mode', 'auto');\r\n
\r\n
 // Clear input and blur focus\r\n
 if (chatInput) {\r\n
 chatInput.value = '';\r\n
 chatInput.blur();\r\n
 }\r\n
 }\r\n
 }\r\n
\r\n
 // Wire mode switch buttons\r\n
 const btnModeAuto = document.getElementById('btn-mode-auto');\r\n
 const btnModeChat = document.getElementById('btn-mode-chat');\r\n
 if (btnModeAuto) btnModeAuto.addEventListener('click', () => switchBuddyMode('auto'));\r\n
 if (btnModeChat) btnModeChat.addEventListener('click', () => switchBuddyMode('chat'));\r\n
\r\n
 // Restore saved mode preference (default: auto)\r\n
 const savedMode = localStorage.getItem('buddy_chat_mode') || 'auto';\r\n
 switchBuddyMode(savedMode);\r\n
\r\n
 // Keep dismissBuddyPills for the ✕ button in pills row (only relevant in auto mode)\r\n
 window.dismissBuddyPills = function () {\r\n
 const pillsWrapper = document.getElementById('buddy-pills-wrapper');\r\n
 if (pillsWrapper) {\r\n
 pillsWrapper.classList.remove('visible');\r\n
 }\r\n
 localStorage.setItem('buddy_pills_disabled', 'true');\r\n
 };\r\n
\r\n
 // Restore toggleBuddyPills to toggle visibility of pill tags\r\n
 window.toggleBuddyPills = function () {\r\n
 const pillsWrapper = document.getElementById('buddy-pills-wrapper');\r\n
 if (!pillsWrapper) return;\r\n
\r\n
 const isCurrentlyVisible = pillsWrapper.classList.contains('visible');\r\n
 if (isCurrentlyVisible) {\r\n
 pillsWrapper.classList.remove('visible');\r\n
 localStorage.setItem('buddy_pills_disabled', 'true');\r\n
 } else {\r\n
 pillsWrapper.classList.add('visible');\r\n
 localStorage.setItem('buddy_pills_disabled', 'false');\r\n
 }\r\n
 };\r\n
\r\n
 function generateBuddyMessages(ctx) {\r\n
 const msgs = [];\r\n
\r\n
 // 1. Time & Day based dynamic greeting (Personality & Context Aware)\r\n
 let greeting = window.getDynamicBuddyGreeting(currentPersonality, ctx);\r\n
 msgs.push(greeting);\r\n
\r\n
 // 2. Mission context\r\n
 if (ctx.missions_total > 0) {\r\n
 if (ctx.missions_done === ctx.missions_total) {\r\n
 msgs.push("Wah, semua misi hari ini udah beres! Keren banget! 🎉");\r\n
 } else if (ctx.missions_done === 0) {\r\n
 msgs.push({ text: "Misi harianmu belum ada yang dikerjain nih. Mau kulihatkan?", type: "mission_prompt" });\r\n
 } else {\r\n
 msgs.push({ text: `Misi harianmu baru selesai ${ctx.missions_done} dari ${ctx.missions_total}. Mau kulihatkan?`, type: "mission_prompt" });\r\n
 }\r\n
 }\r\n
\r\n
 // 3. Streak context\r\n
 if (ctx.streak > 3) {\r\n
 msgs.push(`Gokil! Udah ${ctx.streak} hari berturut-turut kamu belajar. Pertahankan apinya! 🔥`);\r\n
 } else if (ctx.streak === 0) {\r\n
 msgs.push("Udah lama nggak kelihatan.. Jangan kendor belajarnya ya!");\r\n
 }\r\n
\r\n
 // 4. Avatar personality flavor\r\n
 if (ctx.buddy_avatar === '1') {\r\n
 msgs.push("Btw, aku suka banget ngoding sambil dengerin musik lofi~");\r\n
 } else if (ctx.buddy_avatar === '2') {\r\n
 msgs.push("Jangan lupa minum air putih yang banyak ya biar tetap fokus!");\r\n
 } else if (ctx.buddy_avatar === '3') {\r\n
 msgs.push("Kalau materinya susah, santai aja. Pelan-pelan pasti paham kok.");\r\n
 } else if (ctx.buddy_avatar === '4') {\r\n
 msgs.push("Aku siap nemenin kamu sampai jadi pro!");\r\n
 }\r\n
\r\n
 // 5. Level context\r\n
 if (ctx.exp_percentage > 80) {\r\n
 msgs.push(`Dikit lagi naik level nih! Tinggal push dikit lagi. 📈`);\r\n
 } else {\r\n
 msgs.push(`Sekarang kamu ada di tier ${ctx.tier}, terus kumpulkan EXP ya!`);\r\n
 }\r\n
\r\n
 return msgs;\r\n
 }\r\n
\r\n
 const btnCloseStats = document.getElementById('btn-close-stats');\r\n
 if (btnCloseStats) {\r\n
 btnCloseStats.addEventListener('click', () => {\r\n
 const statsCard = document.getElementById('buddy-stats-card');\r\n
 statsCard.style.opacity = '0';\r\n
 statsCard.style.transform = 'translateY(-10px)';\r\n
 setTimeout(() => {\r\n
 statsCard.style.display = 'none';\r\n
 }, 400); // match CSS transition duration\r\n
 });\r\n
 }\r\n
\r\n
 // ============================================\r\n
 // PHASE 9: Floating Buddy Widget\r\n
 // Shows when main buddy card scrolls out of view\r\n
 // Uses scroll + getBoundingClientRect for max reliability\r\n
 // ============================================\r\n
 (function initFloatingBuddy() {\r\n
 const floatWidget = document.getElementById('buddy-floating-widget');\r\n
 const floatAvatar = document.getElementById('buddy-float-avatar');\r\n
 const floatName = document.getElementById('buddy-float-name');\r\n
 const buddySection = document.querySelector('.buddy-section');\r\n
\r\n
 if (!floatWidget || !buddySection) return;\r\n
\r\n
 // Sync avatar & name from the main buddy card\r\n
 function syncFloatWidget() {\r\n
 const mainAvatar = document.getElementById('active-buddy-avatar');\r\n
 const mainName = document.getElementById('active-buddy-name');\r\n
\r\n
 if (mainAvatar && mainAvatar.src && !mainAvatar.src.endsWith('/')) {\r\n
 floatAvatar.src = mainAvatar.src;\r\n
 }\r\n
 if (mainName) {\r\n
 const nameSpan = mainName.querySelector('span:first-child');\r\n
 const name = nameSpan ? nameSpan.textContent.trim() : '';\r\n
 if (name) floatName.textContent = name;\r\n
 }\r\n
 }\r\n
\r\n
 // Check if buddy is "active" (buddy has been set up)\r\n
 function isBuddyActive() {\r\n
 const state3 = document.getElementById('buddy-state-3');\r\n
 if (!state3) return false;\r\n
 // Use getComputedStyle for maximum reliability\r\n
 return window.getComputedStyle(state3).display !== 'none';\r\n
 }\r\n
\r\n
 // Update floating widget visibility based on scroll position\r\n
 let ticking = false;\r\n
 function updateFloatVisibility() {\r\n
 if (!ticking) {\r\n
 requestAnimationFrame(function () {\r\n
 const rect = buddySection.getBoundingClientRect();\r\n
 // Card is "out of view" when its bottom has scrolled above the top of viewport\r\n
 // OR when its top has scrolled below the bottom of viewport\r\n
 const isOutOfView = rect.bottom < 0 || rect.top > window.innerHeight;\r\n
\r\n
 if (isOutOfView && isBuddyActive()) {\r\n
 syncFloatWidget();\r\n
 floatWidget.classList.add('visible');\r\n
 } else {\r\n
 floatWidget.classList.remove('visible');\r\n
 }\r\n
 ticking = false;\r\n
 });\r\n
 ticking = true;\r\n
 }\r\n
 }\r\n
\r\n
 // Listen to scroll on both window and any parent\r\n
 window.addEventListener('scroll', updateFloatVisibility, { passive: true });\r\n
 document.addEventListener('scroll', updateFloatVisibility, { passive: true, capture: true });\r\n
\r\n
 // --- HOVER DESCRIPTION LOGIC ---\r\n
 let hoverTimer = null;\r\n
 let hideTimer = null;\r\n
 let currentHoverDesc = null;\r\n
 let currentHoverTarget = null;\r\n
 const defaultHintText = 'Online';\r\n
 let isExpandedDesc = false;\r\n
\r\n
 // Shared FLIP helper: animates width+height from current to target\r\n
 const FLIP_DURATION = 500; // ms\r\n
 const FLIP_EASING = 'cubic-bezier(0.4, 0.0, 0.2, 1)';\r\n
 let flipInProgress = false;\r\n
\r\n
 function flipAnimate(onMutate, onTextReady) {\r\n
 if (flipInProgress) return;\r\n
 flipInProgress = true;\r\n
\r\n
 const hintEl = floatWidget.querySelector('.buddy-float-hint');\r\n
 const nameEl = floatWidget.querySelector('.buddy-float-name');\r\n
\r\n
 // 1. FIRST — capture current rendered size & styles\r\n
 const firstComputed = window.getComputedStyle(floatWidget);\r\n
 const firstW = floatWidget.offsetWidth;\r\n
 const firstH = floatWidget.offsetHeight;\r\n
 const firstBR = firstComputed.borderRadius;\r\n
 const firstPad = firstComputed.padding;\r\n
\r\n
 // 2. Fade out text\r\n
 if (hintEl) {\r\n
 hintEl.style.transition = 'opacity 0.15s ease';\r\n
 hintEl.style.opacity = '0';\r\n
 }\r\n
 if (nameEl) {\r\n
 nameEl.style.transition = 'opacity 0.15s ease';\r\n
 nameEl.style.opacity = '0';\r\n
 }\r\n
\r\n
 // 3. Lock at current size + remove CSS constraints\r\n
 floatWidget.style.transition = 'none';\r\n
 floatWidget.style.width = firstW + 'px';\r\n
 floatWidget.style.height = firstH + 'px';\r\n
 floatWidget.style.borderRadius = firstBR;\r\n
 floatWidget.style.padding = firstPad;\r\n
 floatWidget.style.maxWidth = 'none';\r\n
 floatWidget.style.maxHeight = 'none';\r\n
 floatWidget.style.overflow = 'hidden';\r\n
\r\n
 // Small delay to let fade-out render\r\n
 setTimeout(() => {\r\n
 // 4. MUTATE — apply class/text changes while size is locked\r\n
 onMutate(hintEl);\r\n
\r\n
 // 5. LAST — measure natural target size (temporarily unlock)\r\n
 floatWidget.style.width = 'auto';\r\n
 floatWidget.style.height = 'auto';\r\n
 floatWidget.style.borderRadius = '';\r\n
 floatWidget.style.padding = '';\r\n
\r\n
 const targetComputed = window.getComputedStyle(floatWidget);\r\n
 const lastW = floatWidget.offsetWidth;\r\n
 const lastH = floatWidget.offsetHeight;\r\n
 const lastBR = targetComputed.borderRadius;\r\n
 const lastPad = targetComputed.padding;\r\n
\r\n
 // 6. INVERT — snap back to first size\r\n
 floatWidget.style.width = firstW + 'px';\r\n
 floatWidget.style.height = firstH + 'px';\r\n
 floatWidget.style.borderRadius = firstBR;\r\n
 floatWidget.style.padding = firstPad;\r\n
 floatWidget.offsetHeight; // force reflow\r\n
\r\n
 // 7. PLAY — animate to target with gentle easing\r\n
 const dur = FLIP_DURATION;\r\n
 const ease = 'cubic-bezier(0.25, 0.1, 0.25, 1)';\r\n
 floatWidget.style.transition = [\r\n
 `width ${dur}ms ${ease}`,\r\n
 `height ${dur}ms ${ease}`,\r\n
 `border-radius ${dur}ms ${ease}`,\r\n
 `padding ${dur}ms ${ease}`,\r\n
 `background ${dur}ms ease`\r\n
 ].join(', ');\r\n
\r\n
 floatWidget.style.width = lastW + 'px';\r\n
 floatWidget.style.height = lastH + 'px';\r\n
 floatWidget.style.borderRadius = lastBR;\r\n
 floatWidget.style.padding = lastPad;\r\n
\r\n
 // 8. Fade text back in after size has begun settling\r\n
 setTimeout(() => {\r\n
 if (hintEl) {\r\n
 hintEl.style.transition = 'opacity 0.35s ease';\r\n
 hintEl.style.opacity = '1';\r\n
 }\r\n
 if (nameEl) {\r\n
 nameEl.style.transition = 'opacity 0.35s ease';\r\n
 nameEl.style.opacity = '1';\r\n
 }\r\n
 if (onTextReady) onTextReady();\r\n
 }, dur * 0.4);\r\n
\r\n
 // 9. Cleanup — remove ALL inline overrides so CSS takes over\r\n
 setTimeout(() => {\r\n
 floatWidget.style.width = '';\r\n
 floatWidget.style.height = '';\r\n
 floatWidget.style.borderRadius = '';\r\n
 floatWidget.style.padding = '';\r\n
 floatWidget.style.maxWidth = '';\r\n
 floatWidget.style.maxHeight = '';\r\n
 floatWidget.style.overflow = '';\r\n
 floatWidget.style.transition = '';\r\n
 if (hintEl) hintEl.style.transition = '';\r\n
 if (nameEl) nameEl.style.transition = '';\r\n
 flipInProgress = false;\r\n
 }, dur + 80);\r\n
 }, 140);\r\n
 }\r\n
\r\n
 function resetWidgetToDefault() {\r\n
 if (isExpandedDesc) return;\r\n
\r\n
 const wasExpanded = floatWidget.classList.contains('expanded-desc');\r\n
 const hintEl = floatWidget.querySelector('.buddy-float-hint');\r\n
\r\n
 if (wasExpanded) {\r\n
 // Use FLIP for smooth collapse\r\n
 flipAnimate((hint) => {\r\n
 floatWidget.classList.remove('expanded-desc');\r\n
 if (currentHoverTarget && currentHoverDesc) {\r\n
 floatWidget.classList.add('question-state');\r\n
 if (hint) hint.textContent = 'Tentang ini?';\r\n
 } else {\r\n
 floatWidget.classList.remove('question-state');\r\n
 if (hint) hint.innerHTML = defaultHintText;\r\n
 currentHoverDesc = null;\r\n
 currentHoverTarget = null;\r\n
 }\r\n
 });\r\n
 } else if (hintEl) {\r\n
 const nameEl = floatWidget.querySelector('.buddy-float-name');\r\n
 // Simple text swap (e.g. Tentang ini? -> Online)\r\n
 hintEl.style.transition = 'opacity 0.2s ease';\r\n
 hintEl.style.opacity = '0';\r\n
 if (nameEl) {\r\n
 nameEl.style.transition = 'opacity 0.2s ease';\r\n
 nameEl.style.opacity = '0';\r\n
 }\r\n
 setTimeout(() => {\r\n
 floatWidget.classList.remove('expanded-desc');\r\n
 if (currentHoverTarget && currentHoverDesc) {\r\n
 floatWidget.classList.add('question-state');\r\n
 hintEl.textContent = 'Tentang ini?';\r\n
 } else {\r\n
 floatWidget.classList.remove('question-state');\r\n
 hintEl.innerHTML = defaultHintText;\r\n
 currentHoverDesc = null;\r\n
 currentHoverTarget = null;\r\n
 }\r\n
 hintEl.style.opacity = '1';\r\n
 if (nameEl) nameEl.style.opacity = '1';\r\n
 setTimeout(() => {\r\n
 hintEl.style.transition = '';\r\n
 if (nameEl) nameEl.style.transition = '';\r\n
 }, 250);\r\n
 }, 200);\r\n
 } else {\r\n
 floatWidget.classList.remove('expanded-desc', 'question-state');\r\n
 currentHoverDesc = null;\r\n
 currentHoverTarget = null;\r\n
 }\r\n
 }\r\n
\r\n
 const descMap = {\r\n
 'material-card': 'Menampilkan materi berdasarkan interest dan fokus yang kamu pilih.',\r\n
 'missions-container': 'Menampilkan misi harian yang bisa kamu selesaikan untuk mendapatkan EXP ekstra.',\r\n
 'android-exam-card': 'Ujian akhir untuk mengevaluasi pemahamanmu secara menyeluruh dan mendapatkan Sertifikat Fokus.',\r\n
 'schedule-column': 'Jadwal belajar kamu hari ini. Pastikan kamu tidak kelewatan ya!',\r\n
 'season-timers': 'Waktu tersisa sebelum season ini berakhir, ayo kumpulkan EXP sebanyak mungkin!',\r\n
 'leaderboard-list': 'Peringkat global berdasarkan total EXP. Ayo kejar peringkat pertama!',\r\n
 'tier-progression-card': 'Tingkatan rank berdasarkan seberapa rajin kamu belajar dan mengumpulkan EXP.'\r\n
 };\r\n
 const selector = '[data-buddy-desc], ' + Object.keys(descMap).map(cls => '.' + cls).join(', ');\r\n
\r\n
 document.addEventListener('mouseover', (e) => {\r\n
 // Only run logic if widget is visible and not already expanded\r\n
 if (!floatWidget.classList.contains('visible') || isExpandedDesc) return;\r\n
\r\n
 // If moving cursor to the widget itself, don't hide the "Tentang ini?" text\r\n
 if (e.target.closest('#buddy-floating-widget')) {\r\n
 clearTimeout(hideTimer);\r\n
 return;\r\n
 }\r\n
\r\n
 const target = e.target.closest(selector);\r\n
\r\n
 if (target) {\r\n
 clearTimeout(hideTimer);\r\n
 // If hovering a NEW target\r\n
 if (target !== currentHoverTarget) {\r\n
 currentHoverTarget = target;\r\n
 clearTimeout(hoverTimer);\r\n
\r\n
 let desc = target.getAttribute('data-buddy-desc');\r\n
 if (!desc) {\r\n
 for (const [cls, txt] of Object.entries(descMap)) {\r\n
 if (target.classList.contains(cls)) {\r\n
 desc = txt;\r\n
 break;\r\n
 }\r\n
 }\r\n
 }\r\n
\r\n
 if (desc) {\r\n
 // 100ms delay before showing "Tentang ini?" (super quick but prevents glitching when scrolling past)\r\n
 hoverTimer = setTimeout(() => {\r\n
 if (!isExpandedDesc) {\r\n
 const hintEl = floatWidget.querySelector('.buddy-float-hint');\r\n
 if (hintEl) {\r\n
 hintEl.style.opacity = '0';\r\n
 setTimeout(() => {\r\n
 floatWidget.classList.add('question-state');\r\n
 hintEl.textContent = 'Tentang ini?';\r\n
 hintEl.style.opacity = '1';\r\n
 }, 150);\r\n
 }\r\n
 currentHoverDesc = desc;\r\n
 }\r\n
 }, 100);\r\n
 }\r\n
 }\r\n
 } else {\r\n
 // Moving to empty space (not a container and not the widget)\r\n
 if (currentHoverTarget) {\r\n
 currentHoverTarget = null;\r\n
 clearTimeout(hoverTimer);\r\n
\r\n
 // If it's already showing "Tentang ini?", give it 3s before hiding\r\n
 // so the user has time to move their cursor to it\r\n
 if (floatWidget.classList.contains('question-state')) {\r\n
 hideTimer = setTimeout(() => {\r\n
 resetWidgetToDefault();\r\n
 }, 3000);\r\n
 } else {\r\n
 currentHoverDesc = null;\r\n
 }\r\n
 }\r\n
 }\r\n
 });\r\n
\r\n
 // Click → expand description OR smooth scroll back to buddy section\r\n
 floatWidget.addEventListener('click', function (e) {\r\n
 if (currentHoverDesc && !isExpandedDesc && !flipInProgress) {\r\n
 // Expand to show description using FLIP\r\n
 e.preventDefault();\r\n
 e.stopPropagation();\r\n
 isExpandedDesc = true;\r\n
\r\n
 flipAnimate((hint) => {\r\n
 floatWidget.classList.remove('question-state');\r\n
 floatWidget.classList.add('expanded-desc');\r\n
 if (hint) hint.textContent = currentHoverDesc;\r\n
 });\r\n
\r\n
 // Auto collapse after 10s\r\n
 setTimeout(() => {\r\n
 isExpandedDesc = false;\r\n
 resetWidgetToDefault();\r\n
 }, 10000);\r\n
 return;\r\n
 }\r\n
\r\n
 if (isExpandedDesc && !flipInProgress) {\r\n
 // Collapse back\r\n
 isExpandedDesc = false;\r\n
 resetWidgetToDefault();\r\n
 return;\r\n
 }\r\n
\r\n
 if (!flipInProgress) {\r\n
 buddySection.scrollIntoView({ behavior: 'smooth', block: 'start' });\r\n
 }\r\n
 });\r\n
\r\n
 // Watch for buddy becoming active mid-session (state-3 display changes)\r\n
 const state3El = document.getElementById('buddy-state-3');\r\n
 if (state3El) {\r\n
 new MutationObserver(updateFloatVisibility)\r\n
 .observe(state3El, { attributes: true, attributeFilter: ['style'] });\r\n
 }\r\n
\r\n
 // Initial check\r\n
 updateFloatVisibility();\r\n
 })();\r\n
 }\r\n
\r\n
 initBuddySystem();\r\n
\r\n
 if (!window.dashboardTurboBound) {\r\n
 window.dashboardTurboBound = true;\r\n
 document.addEventListener('turbo:load', function () {\r\n
 if (typeof initDashboardJs === 'function') initDashboardJs();\r\n
 });\r\n
 }\r\n
 </script>\r\n
\r\n
 <!-- MODAL TAMBAH JADWAL WIZARD -->\r\n
 <div class="modal-overlay" id="jadwalModal">\r\n
 <div class="modal-glass">\r\n
 <div class="wizard-error-toast" id="wizardError"></div>\r\n
 <div class="modal-header">\r\n
 <h2>Tambah Jadwal Baru</h2>\r\n
 <button class="btn-close" id="btnCloseModal">&times;</button>\r\n
 </div>\r\n
\r\n
 <div class="modal-body">\r\n
 <div class="wizard-container" id="wizardSlider">\r\n
\r\n
 <!-- Slide 1: Pilih Topik -->\r\n
 <div class="wizard-slide">\r\n
 <div class="slide-header">\r\n
 <h3>Materi Belajar</h3>\r\n
 <p>Gass!!, yok mulai belajar pilih yang kamu tertarik</p>\r\n
 </div>\r\n
 <div class="topic-slider">\r\n
 <!-- Card 1: Front End -->\r\n
 <div class="topic-card active" style="background-image: url('https://ninja-immunity-radiance.ngrok-free.dev/images/course-hero.png');">\r\n
 <div class="topic-content-active">\r\n
 <div class="topic-title-active">Front End</div>\r\n
 <div class="topic-desc-active">orang yang kerjaan nya bikin user interface, desain yang unik aneh tapi keren, disini lah luu belajar cara bikin UI yang keren..</div>\r\n
\r\n
 </div>\r\n
 <div class="topic-content-inactive">\r\n
 <div class="topic-title-vertical">Front End</div>\r\n
 <div class="btn-topic-arrow"><i class='bx bx-right-arrow-alt'></i></div>\r\n
 </div>\r\n
 </div>\r\n
\r\n
 <!-- Card 2: Back End -->\r\n
 <div class="topic-card" style="background-image: url('https://ninja-immunity-radiance.ngrok-free.dev/images/course-hero.png');">\r\n
 <div class="topic-content-active">\r\n
 <div class="topic-title-active">Back End</div>\r\n
 <div class="topic-desc-active">Bangun logika dan kelola database.</div>\r\n
\r\n
 </div>\r\n
 <div class="topic-content-inactive">\r\n
 <div class="topic-title-vertical">Back End</div>\r\n
 <div class="btn-topic-arrow"><i class='bx bx-right-arrow-alt'></i></div>\r\n
 </div>\r\n
 </div>\r\n
\r\n
 <!-- Card 3: Data Analyze -->\r\n
 <div class="topic-card" style="background-image: url('https://ninja-immunity-radiance.ngrok-free.dev/images/course-hero.png');">\r\n
 <div class="topic-content-active">\r\n
 <div class="topic-title-active">Data Analyze</div>\r\n
 <div class="topic-desc-active">Analisis data skala besar untuk kebutuhan bisnis.</div>\r\n
\r\n
 </div>\r\n
 <div class="topic-content-inactive">\r\n
 <div class="topic-title-vertical">Data Analyze</div>\r\n
 <div class="btn-topic-arrow"><i class='bx bx-right-arrow-alt'></i></div>\r\n
 </div>\r\n
 </div>\r\n
\r\n
 <!-- Card 4: Full Stack Dev -->\r\n
 <div class="topic-card" style="background-image: url('https://ninja-immunity-radiance.ngrok-free.dev/images/course-hero.png');">\r\n
 <div class="topic-content-active">\r\n
 <div class="topic-title-active">Full Stack Dev</div>\r\n
 <div class="topic-desc-active">Kuasai front end dan back end sekaligus.</div>\r\n
\r\n
 </div>\r\n
 <div class="topic-content-inactive">\r\n
 <div class="topic-title-vertical">Full Stack Dev</div>\r\n
 <div class="btn-topic-arrow"><i class='bx bx-right-arrow-alt'></i></div>\r\n
 </div>\r\n
 </div>\r\n
 </div>\r\n
 </div>\r\n
\r\n
 <!-- Slide 2: Pilih Course Grid -->\r\n
 <div class="wizard-slide">\r\n
 <div class="slide-title">Pilih Course yang Spesifik</div>\r\n
 <div class="course-grid">\r\n
 <div class="course-box">\r\n
 <i class='bx bxl-html5 course-icon'></i>\r\n
 <div class="course-name">Dasar HTML</div>\r\n
 </div>\r\n
 <div class="course-box selected">\r\n
 <i class='bx bxl-css3 course-icon'></i>\r\n
 <div class="course-name">CSS Modern</div>\r\n
 </div>\r\n
 <div class="course-box">\r\n
 <i class='bx bxl-javascript course-icon'></i>\r\n
 <div class="course-name">Javascript</div>\r\n
 </div>\r\n
 <div class="course-box">\r\n
 <i class='bx bxl-react course-icon'></i>\r\n
 <div class="course-name">React JS</div>\r\n
 </div>\r\n
 </div>\r\n
 </div>\r\n
\r\n
 <!-- Slide 3: Form Detail -->\r\n
 <div class="wizard-slide">\r\n
 <div class="slide-title" style="display: flex; justify-content: space-between; align-items: center;">\r\n
 Atur Detail Jadwal\r\n
 <button id="btnAutoGenerate" class="btn-wizard" style="padding: 0.5rem 1rem; background: rgba(167, 139, 250, 0.1); color: #a78bfa; border: 1px solid rgba(167, 139, 250, 0.3); font-size: 0.85rem;"><i class='bx bx-magic-wand'></i> Auto Generate</button>\r\n
 </div>\r\n
 <div class="form-group">\r\n
 <label class="form-label">Judul Jadwal</label>\r\n
 <input type="text" class="form-control" id="inputJudul" placeholder="Contoh: Belajar Flexbox">\r\n
 </div>\r\n
 <div class="form-group">\r\n
 <label class="form-label">Deskripsi / Catatan Tambahan</label>\r\n
 <textarea class="form-control" id="inputDeskripsi" placeholder="Target hari ini harus paham grid dan flexbox.."></textarea>\r\n
 </div>\r\n
 </div>\r\n
\r\n
 <!-- Slide 4: Pilih Warna Penanda -->\r\n
 <div class="wizard-slide">\r\n
 <div class="slide-title">Pilih Warna Penanda</div>\r\n
 <p style="color: #a1a1aa; font-size: 0.9rem; margin-top: -1rem; margin-bottom: 1.5rem;">Pilih warna penanda visual untuk membedakan jadwal belajarmu di dashboard dan kalender.</p>\r\n
\r\n
 <div class="color-picker-container">\r\n
 <div class="color-option green selected" data-color="green">\r\n
 <div class="color-preview"></div>\r\n
 <div class="color-name">Hijau</div>\r\n
 </div>\r\n
 <div class="color-option purple" data-color="purple">\r\n
 <div class="color-preview"></div>\r\n
 <div class="color-name">Ungu</div>\r\n
 </div>\r\n
 <div class="color-option blue" data-color="blue">\r\n
 <div class="color-preview"></div>\r\n
 <div class="color-name">Biru</div>\r\n
 </div>\r\n
 <div class="color-option white" data-color="white">\r\n
 <div class="color-preview"></div>\r\n
 <div class="color-name">Putih</div>\r\n
 </div>\r\n
 </div>\r\n
 </div>\r\n
\r\n
 <!-- Slide 5: Pilih Waktu -->\r\n
 <div class="wizard-slide">\r\n
 <div class="slide-title">Pilih Rutinitas Waktu</div>\r\n
 <div class="time-grid">\r\n
 <div class="time-box selected" data-type="Harian">\r\n
 <i class='bx bx-calendar-event time-icon'></i>\r\n
 <div>\r\n
 <div style="font-weight:600;">Harian</div>\r\n
 <div style="font-size:0.8rem; color:#a1a1aa;">Setiap hari di jam yang sama</div>\r\n
 </div>\r\n
 </div>\r\n
 <div class="time-box" data-type="Mingguan">\r\n
 <i class='bx bx-calendar-week time-icon'></i>\r\n
 <div>\r\n
 <div style="font-weight:600;">Mingguan</div>\r\n
 <div style="font-size:0.8rem; color:#a1a1aa;">Pilih hari dalam seminggu</div>\r\n
 </div>\r\n
 </div>\r\n
 <div class="time-box" data-type="Bulanan">\r\n
 <i class='bx bx-calendar time-icon'></i>\r\n
 <div>\r\n
 <div style="font-weight:600;">Bulanan</div>\r\n
 <div style="font-size:0.8rem; color:#a1a1aa;">Setiap tanggal tertentu</div>\r\n
 </div>\r\n
 </div>\r\n
 <div class="time-box" data-type="Custom">\r\n
 <i class='bx bx-time time-icon'></i>\r\n
 <div>\r\n
 <div style="font-weight:600;">Custom</div>\r\n
 <div style="font-size:0.8rem; color:#a1a1aa;">Tentukan waktu spesifik</div>\r\n
 </div>\r\n
 </div>\r\n
 </div>\r\n
\r\n
 <!-- Dynamic Config Panels -->\r\n
 <div class="routine-config">\r\n
 <!-- Harian Config -->\r\n
 <div id="configHarian" class="config-panel active">\r\n
 <label class="form-label" style="margin-bottom: 0.75rem;">Pilih hari apa saja:</label>\r\n
 <div class="day-picker">\r\n
 <div class="day-btn">Sen</div>\r\n
 <div class="day-btn">Sel</div>\r\n
 <div class="day-btn">Rab</div>\r\n
 <div class="day-btn">Kam</div>\r\n
 <div class="day-btn">Jum</div>\r\n
 <div class="day-btn">Sab</div>\r\n
 <div class="day-btn">Min</div>\r\n
 </div>\r\n
 </div>\r\n
\r\n
 <!-- Mingguan Config -->\r\n
 <div id="configMingguan" class="config-panel">\r\n
 <div class="form-group">\r\n
 <label class="form-label" style="margin-bottom: 0.75rem;">Hari dalam seminggu:</label>\r\n
 <div class="day-picker">\r\n
 <div class="day-btn">Sen</div>\r\n
 <div class="day-btn">Sel</div>\r\n
 <div class="day-btn">Rab</div>\r\n
 <div class="day-btn">Kam</div>\r\n
 <div class="day-btn">Jum</div>\r\n
 <div class="day-btn">Sab</div>\r\n
 <div class="day-btn">Min</div>\r\n
 </div>\r\n
 </div>\r\n
 <div class="form-group" style="margin-bottom: 0;">\r\n
 <label class="form-label" style="margin-bottom: 0.75rem;">Di minggu ke berapa?</label>\r\n
 <div class="day-picker">\r\n
 <div class="day-btn">Minggu 1</div>\r\n
 <div class="day-btn">Minggu 2</div>\r\n
 <div class="day-btn">Minggu 3</div>\r\n
 <div class="day-btn">Minggu 4</div>\r\n
 <div class="day-btn">Tiap Minggu</div>\r\n
 </div>\r\n
 </div>\r\n
 </div>\r\n
\r\n
 <!-- Bulanan Config -->\r\n
 <div id="configBulanan" class="config-panel">\r\n
 <div class="form-group">\r\n
 <label class="form-label" style="margin-bottom: 0.75rem;">Pilih bulan apa saja dalam setahun:</label>\r\n
 <div class="day-picker">\r\n
 <div class="day-btn">Jan</div>\r\n
 <div class="day-btn">Feb</div>\r\n
 <div class="day-btn">Mar</div>\r\n
 <div class="day-btn">Apr</div>\r\n
 <div class="day-btn">Mei</div>\r\n
 <div class="day-btn">Jun</div>\r\n
 <div class="day-btn">Jul</div>\r\n
 <div class="day-btn">Ags</div>\r\n
 <div class="day-btn">Sep</div>\r\n
 <div class="day-btn">Okt</div>\r\n
 <div class="day-btn">Nov</div>\r\n
 <div class="day-btn">Des</div>\r\n
 </div>\r\n
 </div>\r\n
 <div class="form-group" style="margin-bottom: 0;">\r\n
 <label class="form-label" style="margin-bottom: 0.75rem;">Minggu ke berapa saja?</label>\r\n
 <div class="day-picker">\r\n
 <div class="day-btn">M1</div>\r\n
 <div class="day-btn">M2</div>\r\n
 <div class="day-btn">M3</div>\r\n
 <div class="day-btn">M4</div>\r\n
 </div>\r\n
 </div>\r\n
 </div>\r\n
\r\n
 <!-- Custom Config -->\r\n
 <div id="configCustom" class="config-panel">\r\n
 <div class="form-group" style="margin-bottom: 0;">\r\n
 <label class="form-label">Pilih Tanggal Spesifik:</label>\r\n
 <input type="date" class="form-control select-dark">\r\n
 </div>\r\n
 </div>\r\n
 </div>\r\n
 </div>\r\n
\r\n
 <!-- Slide 6: Waktu Awal & Akhir -->\r\n
 <div class="wizard-slide">\r\n
 <div class="slide-title">Tentukan Waktu Belajar</div>\r\n
 <div class="timepicker-row">\r\n
 <div class="timepicker-group">\r\n
 <label class="timepicker-label">Waktu Mulai</label>\r\n
 <input type="time" class="timepicker-input" id="timeStart" value="08:00">\r\n
 </div>\r\n
 <div class="timepicker-group">\r\n
 <label class="timepicker-label">Waktu Selesai</label>\r\n
 <input type="time" class="timepicker-input" id="timeEnd" value="09:30">\r\n
 </div>\r\n
 </div>\r\n
\r\n
 <div class="duration-preview">\r\n
 <div class="duration-preview-label">Total Durasi Belajar</div>\r\n
 <div class="duration-display">\r\n
 <div class="dur-block">\r\n
 <div class="dur-value" id="durHours">01</div>\r\n
 <div class="dur-unit">Jam</div>\r\n
 </div>\r\n
 <div class="dur-separator">:</div>\r\n
 <div class="dur-block">\r\n
 <div class="dur-value" id="durMinutes">30</div>\r\n
 <div class="dur-unit">Menit</div>\r\n
 </div>\r\n
 <div class="dur-separator">:</div>\r\n
 <div class="dur-block">\r\n
 <div class="dur-value" id="durSeconds">00</div>\r\n
 <div class="dur-unit">Detik</div>\r\n
 </div>\r\n
 </div>\r\n
 <div class="duration-note" id="durationNote">Sesi berlangsung dari <strong>08:00</strong> sampai <strong>09:30</strong></div>\r\n
 </div>\r\n
 </div>\r\n
\r\n
 </div>\r\n
 </div>\r\n
\r\n
 <div class="modal-footer">\r\n
 <button class="btn-wizard btn-prev" id="btnPrev" style="visibility: hidden;">Kembali</button>\r\n
 <button class="btn-wizard btn-next" id="btnNext">Lanjut</button>\r\n
 </div>\r\n
 </div>\r\n
 </div>\r\n
\r\n
 <!-- Premium Toast Success Notification -->\r\n
 <div class="premium-toast" id="premiumToast">\r\n
 <div class="premium-toast-icon">\r\n
 <i class='bx bx-check-circle'></i>\r\n
 </div>\r\n
 <div class="premium-toast-content">\r\n
 <div class="premium-toast-title" id="premiumToastTitle">Sukses!</div>\r\n
 <div class="premium-toast-desc" id="premiumToastDesc">Jadwal berhasil disimpan.</div>\r\n
 </div>\r\n
 </div>\r\n
\r\n
 <!-- BOTTOM-LEFT PAGE NAV MENU -->\r\n
 <div class="page-nav" id="pageNav">\r\n
 <div class="page-nav-items" id="pageNavItems">\r\n
 <a href="https://ninja-immunity-radiance.ngrok-free.dev/dashboard" class="page-nav-item active">Dashboard</a>\r\n
 <a href="https://ninja-immunity-radiance.ngrok-free.dev/jadwal" class="page-nav-item">Jadwal</a>\r\n
 <a href="https://ninja-immunity-radiance.ngrok-free.dev/history" class="page-nav-item">History</a>\r\n
 <a href="#" class="page-nav-item"\r\n
 onclick="event.preventDefault(); document.getElementById('logoutFormNav').submit();"\r\n
 style="backdrop-filter: blur(15px); background-color: rgba(15, 23, 42, 0.9); color: #ef4444; border-color: rgba(239, 68, 68, 0.15); background: rgba(239, 68, 68, 0.03);">\r\n
 <i class='bx bx-log-out' style="margin-right: 6px; font-size: 1.15rem; vertical-align: middle;"></i>Log\r\n
 Out\r\n
 </a>\r\n
 </div>\r\n
 <form method="POST" action="https://ninja-immunity-radiance.ngrok-free.dev/logout" id="logoutFormNav" style="display: none;">\r\n
 <input type="hidden" name="_token" value="X1DmLv2lTxQWtc6xPyFvmgdH4hMZzhTljV7jaCX5" autocomplete="off"> </form>\r\n
 <button class="page-nav-btn" id="pageNavBtn" aria-label="Menu halaman">\r\n
 <span class="page-nav-line"></span>\r\n
 <span class="page-nav-line"></span>\r\n
 <span class="page-nav-line"></span>\r\n
 </button>\r\n
 </div>\r\n
\r\n
 <script src="https://ninja-immunity-radiance.ngrok-free.dev/js/modal-jadwal.js"></script>\r\n
 <script src="https://ninja-immunity-radiance.ngrok-free.dev/js/panel.js"></script>\r\n
 <script src="https://ninja-immunity-radiance.ngrok-free.dev/js/layout.js"></script>\r\n
\r\n
</html>' [UTF-8](length: 242487) contains "Membangun Struktur Web" [ASCII](length: 22).
Tests\Feature\DashboardTest::test_dashboard_displays_backend_course_submaterials_for_backend_focused_user -- Failed asserting that '<!DOCTYPE html>\r\n
<html lang="id">\r\n
\r\n
<head>\r\n
 <meta charset="UTF-8">\r\n
 <meta name="viewport" content="width=device-width, initial-scale=1.0">\r\n
 <meta name="csrf-token" content="gzKldRPGheArgnKnFn6qnODiAbVNMmNPjEDcnP72">\r\n
 <title>Dashboard - TurnCode</title>\r\n
 <link\r\n
 href="https://fonts.googleapis.com/css2?family=Inter:wght@400;500;600;700;800;900&family=DotGothic16&family=Silkscreen:wght@400;700&display=swap"\r\n
 rel="stylesheet">\r\n
 <link href='https://unpkg.com/boxicons@2.1.4/css/boxicons.min.css' rel='stylesheet'>\r\n
 <link rel="preload" as="style" href="https://ninja-immunity-radiance.ngrok-free.dev/build/assets/app-DK7R37Ds.css" /><link rel="modulepreload" as="script" href="https://ninja-immunity-radiance.ngrok-free.dev/build/assets/app-B0pqr1qB.js" /><link rel="stylesheet" href="https://ninja-immunity-radiance.ngrok-free.dev/build/assets/app-DK7R37Ds.css" /><script type="module" src="https://ninja-immunity-radiance.ngrok-free.dev/build/assets/app-B0pqr1qB.js"></script> <link rel="stylesheet" href="https://ninja-immunity-radiance.ngrok-free.dev/css/global.css">\r\n
 <link rel="stylesheet" href="https://ninja-immunity-radiance.ngrok-free.dev/css/dashboard.css">\r\n
 <link rel="stylesheet" href="https://ninja-immunity-radiance.ngrok-free.dev/css/modal-jadwal.css">\r\n
 <style>\r\n
 .kelola-jadwal-btn {\r\n
 display: flex;\r\n
 align-items: center;\r\n
 gap: 0.5rem;\r\n
 padding: 0.5rem 1rem;\r\n
 border-radius: 12px;\r\n
 background: rgba(255, 255, 255, 0.04);\r\n
 border: 1px solid rgba(255, 255, 255, 0.08);\r\n
 color: rgba(255, 255, 255, 0.85);\r\n
 text-decoration: none;\r\n
 font-size: 0.8rem;\r\n
 font-weight: 500;\r\n
 backdrop-filter: blur(8px);\r\n
 transition: all 0.3s cubic-bezier(0.4, 0, 0.2, 1);\r\n
 box-shadow: 0 4px 12px rgba(0, 0, 0, 0.1);\r\n
 }\r\n
\r\n
 .kelola-jadwal-btn:hover {\r\n
 background: rgba(255, 255, 255, 0.09);\r\n
 border-color: rgba(255, 255, 255, 0.15);\r\n
 color: #fff;\r\n
 transform: translateY(-2px);\r\n
 box-shadow: 0 6px 18px rgba(0, 0, 0, 0.15);\r\n
 }\r\n
\r\n
 .kelola-jadwal-btn i {\r\n
 font-size: 1.1rem;\r\n
 color: #38b2ac;\r\n
 transition: transform 0.3s cubic-bezier(0.4, 0, 0.2, 1);\r\n
 }\r\n
\r\n
 .kelola-jadwal-btn:hover i {\r\n
 transform: scale(1.15) rotate(5deg);\r\n
 }\r\n
\r\n
 .section-header-flex {\r\n
 display: flex;\r\n
 justify-content: space-between;\r\n
 align-items: flex-end;\r\n
 margin-bottom: 1.5rem;\r\n
 }\r\n
\r\n
 .section-header-flex .section-header {\r\n
 margin-bottom: 0;\r\n
 }\r\n
\r\n
 @media (max-width: 576px) {\r\n
 .section-header-flex {\r\n
 flex-direction: column;\r\n
 align-items: flex-start;\r\n
 gap: 0.75rem;\r\n
 }\r\n
\r\n
 .kelola-jadwal-btn {\r\n
 width: 100%;\r\n
 justify-content: center;\r\n
 }\r\n
 }\r\n
\r\n
 /* Custom scrollbar for our timeline */\r\n
 .dashboard-timeline-scroll::-webkit-scrollbar {\r\n
 width: 4px;\r\n
 }\r\n
\r\n
 .dashboard-timeline-scroll::-webkit-scrollbar-track {\r\n
 background: transparent;\r\n
 }\r\n
\r\n
 .dashboard-timeline-scroll::-webkit-scrollbar-thumb:hover {\r\n
 background: rgba(255, 255, 255, 0.25);\r\n
 }\r\n
\r\n
 /* Android Modern & Dot Matrix Styles */\r\n
 .android-exam-wrapper {\r\n
 margin-bottom: 2.5rem;\r\n
 }\r\n
\r\n
 .android-exam-card {\r\n
 background: #2b272f;\r\n
 border-radius: 28px;\r\n
 border: 1px solid var(--border-color);\r\n
 padding: 2.5rem;\r\n
 position: relative;\r\n
 overflow: hidden;\r\n
 display: flex;\r\n
 gap: 2rem;\r\n
 align-items: center;\r\n
 box-shadow: rgba(0, 0, 0, 0.16) 0px 3px 6px, rgba(0, 0, 0, 0.23) 0px 3px 6px;\r\n
 transition: border-color 0.3s ease, box-shadow 0.3s ease;\r\n
 }\r\n
\r\n
 .android-exam-card:hover {\r\n
 border-color: rgba(var(--accent-rgb), 0.3);\r\n
 box-shadow: rgba(0, 0, 0, 0.19) 0px 10px 20px, rgba(0, 0, 0, 0.23) 0px 6px 6px;\r\n
 }\r\n
\r\n
 .android-exam-grid-bg {\r\n
 position: absolute;\r\n
 top: 0;\r\n
 left: 0;\r\n
 right: 0;\r\n
 bottom: 0;\r\n
 background-image: radial-gradient(rgba(255, 255, 255, 0.03) 1.2px, transparent 1.2px);\r\n
 background-size: 10px 10px;\r\n
 z-index: 1;\r\n
 pointer-events: none;\r\n
 }\r\n
\r\n
 .android-exam-content {\r\n
 flex: 1.3;\r\n
 position: relative;\r\n
 z-index: 2;\r\n
 display: flex;\r\n
 flex-direction: column;\r\n
 gap: 1rem;\r\n
 align-items: flex-start;\r\n
 }\r\n
\r\n
 .android-exam-badge {\r\n
 display: inline-flex;\r\n
 align-items: center;\r\n
 gap: 8px;\r\n
 background: rgba(255, 255, 255, 0.03);\r\n
 border: 1px solid rgba(255, 255, 255, 0.06);\r\n
 border-radius: 30px;\r\n
 padding: 0.45rem 1.1rem;\r\n
 font-size: 0.72rem;\r\n
 font-family: 'Silkscreen', monospace;\r\n
 text-transform: uppercase;\r\n
 letter-spacing: 1px;\r\n
 color: var(--text-muted);\r\n
 }\r\n
\r\n
 .android-exam-badge .badge-dot {\r\n
 width: 6px;\r\n
 height: 6px;\r\n
 background-color: rgb(var(--accent-rgb));\r\n
 border-radius: 50%;\r\n
 box-shadow: 0 0 8px rgb(var(--accent-rgb));\r\n
 animation: pulse 1.5s infinite;\r\n
 }\r\n
\r\n
 .android-exam-title {\r\n
 font-family: 'Inter', sans-serif;\r\n
 font-size: 1.8rem;\r\n
 font-weight: 900;\r\n
 color: var(--text-main);\r\n
 margin: 0;\r\n
 line-height: 1.2;\r\n
 letter-spacing: -0.5px;\r\n
 }\r\n
\r\n
 .android-exam-desc {\r\n
 font-size: 0.92rem;\r\n
 color: var(--text-muted);\r\n
 line-height: 1.6;\r\n
 margin: 0;\r\n
 max-width: 500px;\r\n
 }\r\n
\r\n
 .btn-android-pill {\r\n
 display: inline-flex;\r\n
 align-items: center;\r\n
 gap: 10px;\r\n
 background: #ffffff;\r\n
 color: #000000;\r\n
 padding: 0.85rem 2.2rem;\r\n
 border-radius: 50px;\r\n
 /* font-family: 'Silkscreen', monospace; */\r\n
 font-size: 0.85rem;\r\n
 font-weight: 700;\r\n
 letter-spacing: 0.5px;\r\n
 text-decoration: none;\r\n
 border: 1.5px solid #ffffff;\r\n
 transition: all 0.25s cubic-bezier(0.4, 0, 0.2, 1);\r\n
 margin-top: 0.5rem;\r\n
 box-shadow: 0 8px 20px rgba(255, 255, 255, 0.1);\r\n
 }\r\n
\r\n
 .btn-android-pill:hover {\r\n
 background: rgb(var(--accent-rgb));\r\n
 color: #ffffff;\r\n
 border-color: rgb(var(--accent-rgb));\r\n
 transform: translateY(-2px);\r\n
 box-shadow: 0 12px 24px rgba(var(--accent-rgb), 0.35);\r\n
 }\r\n
\r\n
 .btn-android-pill i {\r\n
 font-size: 1.1rem;\r\n
 transition: transform 0.2s ease;\r\n
 }\r\n
\r\n
 .btn-android-pill:hover i {\r\n
 transform: translateX(4px);\r\n
 }\r\n
\r\n
 .android-exam-widget {\r\n
 flex: 0.7;\r\n
 position: relative;\r\n
 z-index: 2;\r\n
 background: var(--bg-body);\r\n
 border: 1px solid var(--border-color);\r\n
 border-radius: 22px;\r\n
 padding: 1.2rem;\r\n
 display: flex;\r\n
 flex-direction: column;\r\n
 align-items: center;\r\n
 justify-content: center;\r\n
 min-height: 200px;\r\n
 aspect-ratio: 1.1;\r\n
 overflow: hidden;\r\n
 box-shadow: inset 0 0 20px rgba(0, 0, 0, 0.4);\r\n
 }\r\n
\r\n
 .android-exam-screen {\r\n
 background: rgba(0, 0, 0, 0.25);\r\n
 border: 1px solid rgba(255, 255, 255, 0.03);\r\n
 border-radius: 14px;\r\n
 width: 100%;\r\n
 height: 100%;\r\n
 display: flex;\r\n
 flex-direction: column;\r\n
 align-items: center;\r\n
 justify-content: center;\r\n
 padding: 1.2rem;\r\n
 position: relative;\r\n
 background-image: radial-gradient(rgba(var(--accent-rgb), 0.06) 1.5px, transparent 1.5px);\r\n
 background-size: 8px 8px;\r\n
 }\r\n
\r\n
 .android-exam-screen-dot-matrix {\r\n
 font-family: 'Silkscreen', monospace;\r\n
 color: rgb(var(--accent-rgb));\r\n
 font-size: 0.65rem;\r\n
 letter-spacing: 1px;\r\n
 text-transform: uppercase;\r\n
 opacity: 0.9;\r\n
 text-align: center;\r\n
 text-shadow: 0 0 6px rgba(var(--accent-rgb), 0.5);\r\n
 margin-top: 0.8rem;\r\n
 }\r\n
\r\n
 .android-exam-svg-dot {\r\n
 fill: rgba(255, 255, 255, 0.05);\r\n
 }\r\n
\r\n
 .android-exam-svg-dot.active {\r\n
 fill: rgb(var(--accent-rgb));\r\n
 filter: drop-shadow(0 0 2.5px rgba(var(--accent-rgb), 0.8));\r\n
 }\r\n
\r\n
 @media (max-width: 768px) {\r\n
 .android-exam-card {\r\n
 flex-direction: column;\r\n
 padding: 1.75rem;\r\n
 gap: 1.5rem;\r\n
 }\r\n
\r\n
 .android-exam-widget {\r\n
 width: 100%;\r\n
 aspect-ratio: auto;\r\n
 min-height: 180px;\r\n
 }\r\n
 }\r\n
 </style>\r\n
</head>\r\n
\r\n
<body class="dashboard-page">\r\n
\r\n
 <!-- FIXED NAVBAR -->\r\n
 <nav class="fixed-navbar">\r\n
 <div class="navbar-left">\r\n
 <div class="navbar-avatar"\r\n
 style="background: url('https://ui-avatars.com/api/?name=Annie+Bergstrom&background=random') center/cover; border: 2.5px solid rgba(168, 162, 158, 0.4);">\r\n
 </div>\r\n
 <div class="navbar-user-info">\r\n
 <div class="navbar-username">Annie Bergstrom</div>\r\n
 <div class="navbar-role" style="display: flex; align-items: center; gap: 4px;">\r\n
 <span\r\n
 style="background: rgba(168, 162, 158, 0.15); color: rgb(168, 162, 158); font-size: 0.6rem; font-weight: 700; padding: 1px 6px; border-radius: 6px; margin: 5px 5px 0 0; border: 1px solid rgba(168, 162, 158, 0.3);">LV.\r\n
 1</span>\r\n
 <span class="user-tier-display">Initiate</span>\r\n
 </div>\r\n
 </div>\r\n
 </div>\r\n
\r\n
 <div class="navbar-right">\r\n
 <button class="navbar-menu-btn" id="navMenuBtn" style="position: relative;">\r\n
 <i class='bx bx-grid-alt'></i>\r\n
 <span class="nav-unread-dot"\r\n
 style="position: absolute; top: 12px; right: 12px; width: 8px; height: 8px; background: #ef4444; border-radius: 50%; box-shadow: 0 0 8px #ef4444; transition: opacity 0.3s ease, transform 0.3s ease; display: none; opacity: 0; transform: scale(0);"></span>\r\n
 </button>\r\n
 </div>\r\n
 </nav>\r\n
 <!-- MENU PANEL OVERLAY -->\r\n
 <div class="panel-overlay" id="menuPanel" data-turbo-permanent>\r\n
 <div class="panel-content" id="panelContentMain">\r\n
\r\n
 <!-- Left: Notifications -->\r\n
 <div class="panel-notif" id="panelNotif">\r\n
 <div class="panel-notif-header">\r\n
 Notifikasi\r\n
 <button class="panel-notif-checkall" title="Tandai semua dibaca">\r\n
 <i class='bx bx-check-double'></i>\r\n
 </button>\r\n
 </div>\r\n
 <div class="panel-notif-list" id="panelNotifList">\r\n
 <div class="panel-notif-empty" style="padding: 3rem 1.5rem; text-align: center; color: #615f66; display: flex; flex-direction: column; align-items: center; gap: 0.75rem;">\r\n
 <i class="bx bx-bell-off" style="font-size: 2.5rem; color: rgba(255,255,255,0.08);"></i>\r\n
 <div style="font-size: 0.88rem; font-weight: 500;">Belum ada notifikasi</div>\r\n
 </div>\r\n
 </div>\r\n
 </div>\r\n
\r\n
 <!-- Right: Quick Actions -->\r\n
 <div class="panel-right-col">\r\n
 <div class="panel-actions">\r\n
 <!-- Volume Slider -->\r\n
 <div class="panel-volume-row" id="volumeRow">\r\n
 <div class="panel-volume-track"></div>\r\n
 <div class="panel-volume-fill" id="volumeFill">\r\n
 <svg viewBox="0 0 24 24">\r\n
 <polygon points="11 5 6 9 2 9 2 15 6 15 11 19 11 5" />\r\n
 <path d="M19.07 4.93a10 10 0 0 1 0 14.14" />\r\n
 <path d="M15.54 8.46a5 5 0 0 1 0 7.07" />\r\n
 </svg>\r\n
 </div>\r\n
 <input type="range" class="panel-volume-input" id="volumeInput" min="0" max="100" value="60">\r\n
 </div>\r\n
\r\n
 <!-- 2x2 Grid (Swipeable Carousel) -->\r\n
 <div class="panel-grid">\r\n
 <!-- PAGE 1 -->\r\n
 <div class="panel-grid-page">\r\n
 <button class="panel-grid-btn" id="btnAccount">\r\n
 <div class="panel-grid-icon">\r\n
 <svg viewBox="0 0 24 24">\r\n
 <path d="M20 21v-2a4 4 0 0 0-4-4H8a4 4 0 0 0-4 4v2" />\r\n
 <circle cx="12" cy="7" r="4" />\r\n
 </svg>\r\n
 </div>\r\n
 <div class="panel-grid-text">\r\n
 <div class="panel-grid-label">Account</div>\r\n
 <div class="panel-grid-sub">lihat akun mu</div>\r\n
 </div>\r\n
 </button>\r\n
 <button class="panel-grid-btn active" id="btnNotif">\r\n
 <div class="panel-grid-icon">\r\n
 <svg viewBox="0 0 24 24">\r\n
 <path d="M18 8A6 6 0 0 0 6 8c0 7-3 9-3 9h18s-3-2-3-9" />\r\n
 <path d="M13.73 21a2 2 0 0 1-3.46 0" />\r\n
 </svg>\r\n
 </div>\r\n
 <div class="panel-grid-text">\r\n
 <div class="panel-grid-label">Notifikasi</div>\r\n
 <div class="panel-grid-sub">lihat notif</div>\r\n
 </div>\r\n
 </button>\r\n
 <button class="panel-grid-btn">\r\n
 <div class="panel-grid-icon">\r\n
 <svg viewBox="0 0 24 24">\r\n
 <path d="M21 12.79A9 9 0 1 1 11.21 3 7 7 0 0 0 21 12.79z" />\r\n
 </svg>\r\n
 </div>\r\n
 <div class="panel-grid-text">\r\n
 <div class="panel-grid-label">Mode</div>\r\n
 <div class="panel-grid-sub">terang</div>\r\n
 </div>\r\n
 </button>\r\n
 <button class="panel-grid-btn" id="btnFriend">\r\n
 <div class="panel-grid-icon">\r\n
 <svg viewBox="0 0 24 24">\r\n
 <path d="M16 21v-2a4 4 0 0 0-4-4H6a4 4 0 0 0-4 4v2" />\r\n
 <circle cx="9" cy="7" r="4" />\r\n
 <line x1="19" y1="8" x2="19" y2="14" />\r\n
 <line x1="22" y1="11" x2="16" y2="11" />\r\n
 </svg>\r\n
 </div>\r\n
 <div class="panel-grid-text">\r\n
 <div class="panel-grid-label">Friend</div>\r\n
 <div class="panel-grid-sub">cari teman</div>\r\n
 </div>\r\n
 </button>\r\n
 </div>\r\n
\r\n
 <!-- PAGE 2 -->\r\n
 <div class="panel-grid-page">\r\n
 <button class="panel-grid-btn" id="btnMusic">\r\n
 <div class="panel-grid-icon">\r\n
 <svg viewBox="0 0 24 24">\r\n
 <path d="M9 18V5l12-2v13" />\r\n
 <circle cx="6" cy="18" r="3" />\r\n
 <circle cx="18" cy="16" r="3" />\r\n
 </svg>\r\n
 </div>\r\n
 <div class="panel-grid-text">\r\n
 <div class="panel-grid-label">Music</div>\r\n
 <div class="panel-grid-sub">putar lagu</div>\r\n
 </div>\r\n
 </button>\r\n
 <button class="panel-grid-btn" id="btnSetting">\r\n
 <div class="panel-grid-icon">\r\n
 <svg viewBox="0 0 24 24">\r\n
 <circle cx="12" cy="12" r="3" />\r\n
 <path\r\n
 d="M19.4 15a1.65 1.65 0 0 0 .33 1.82l.06.06a2 2 0 0 1 0 2.83 2 2 0 0 1-2.83 0l-.06-.06a1.65 1.65 0 0 0-1.82-.33 1.65 1.65 0 0 0-1 1.51V21a2 2 0 0 1-2 2 2 2 0 0 1-2-2v-.09A1.65 1.65 0 0 0 9 19.4a1.65 1.65 0 0 0-1.82.33l-.06.06a2 2 0 0 1-2.83 0 2 2 0 0 1 0-2.83l.06-.06a1.65 1.65 0 0 0 .33-1.82 1.65 1.65 0 0 0-1.51-1H3a2 2 0 0 1-2-2 2 2 0 0 1 2-2h.09A1.65 1.65 0 0 0 4.6 9a1.65 1.65 0 0 0-.33-1.82l-.06-.06a2 2 0 0 1 0-2.83 2 2 0 0 1 2.83 0l.06.06a1.65 1.65 0 0 0 1.82.33H9a1.65 1.65 0 0 0 1-1.51V3a2 2 0 0 1 2-2 2 2 0 0 1 2 2v.09a1.65 1.65 0 0 0 1 1.51 1.65 1.65 0 0 0 1.82-.33l.06-.06a2 2 0 0 1 2.83 0 2 2 0 0 1 0 2.83l-.06.06a1.65 1.65 0 0 0-.33 1.82V9a1.65 1.65 0 0 0 1.51 1H21a2 2 0 0 1 2 2 2 2 0 0 1-2 2h-.09a1.65 1.65 0 0 0-1.51 1z" />\r\n
 </svg>\r\n
 </div>\r\n
 <div class="panel-grid-text">\r\n
 <div class="panel-grid-label">Setting</div>\r\n
 <div class="panel-grid-sub">pengaturan</div>\r\n
 </div>\r\n
 </button>\r\n
 <button class="panel-grid-btn" id="btnAbout">\r\n
 <div class="panel-grid-icon">\r\n
 <svg viewBox="0 0 24 24">\r\n
 <circle cx="12" cy="12" r="10" />\r\n
 <line x1="12" y1="16" x2="12" y2="12" />\r\n
 <line x1="12" y1="8" x2="12.01" y2="8" />\r\n
 </svg>\r\n
 </div>\r\n
 <div class="panel-grid-text">\r\n
 <div class="panel-grid-label">About</div>\r\n
 <div class="panel-grid-sub">tentang web</div>\r\n
 </div>\r\n
 </button>\r\n
 <button class="panel-grid-btn" id="btnBug">\r\n
 <div class="panel-grid-icon">\r\n
 <svg viewBox="0 0 24 24">\r\n
 <path\r\n
 d="M10.29 3.86L1.82 18a2 2 0 0 0 1.71 3h16.94a2 2 0 0 0 1.71-3L13.71 3.86a2 2 0 0 0-3.42 0z" />\r\n
 <line x1="12" y1="9" x2="12" y2="13" />\r\n
 <line x1="12" y1="17" x2="12.01" y2="17" />\r\n
 </svg>\r\n
 </div>\r\n
 <div class="panel-grid-text">\r\n
 <div class="panel-grid-label">Lapor Bug</div>\r\n
 <div class="panel-grid-sub">laporkan isu</div>\r\n
 </div>\r\n
 </button>\r\n
 </div>\r\n
 </div>\r\n
\r\n
 <!-- Page dots -->\r\n
 <div class="panel-dots">\r\n
 <div class="panel-dot active"></div>\r\n
 <div class="panel-dot"></div>\r\n
 </div>\r\n
 </div>\r\n
\r\n
 <!-- Music Player Component -->\r\n
 <div class="panel-music" id="panelMusic" style="display: none;">\r\n
 <div class="music-header">\r\n
 <div class="music-title">Music Player</div>\r\n
 <label for="musicUpload" class="music-upload-btn">\r\n
 <svg viewBox="0 0 24 24">\r\n
 <line x1="12" y1="5" x2="12" y2="19" />\r\n
 <line x1="5" y1="12" x2="19" y2="12" />\r\n
 </svg>\r\n
 </label>\r\n
 <input type="file" id="musicUpload" accept="audio/*" style="display: none;">\r\n
 </div>\r\n
 <div class="music-visualizer" id="musicVisualizer">\r\n
 <div class="music-bar" style="--max: 20px;"></div>\r\n
 <div class="music-bar" style="--max: 36px;"></div>\r\n
 <div class="music-bar" style="--max: 56px;"></div>\r\n
 <div class="music-bar" style="--max: 80px;"></div>\r\n
 <div class="music-bar" style="--max: 56px;"></div>\r\n
 <div class="music-bar" style="--max: 36px;"></div>\r\n
 <div class="music-bar" style="--max: 20px;"></div>\r\n
 </div>\r\n
 <div class="music-controls">\r\n
 <div class="music-progress-bar" id="musicProgressBar">\r\n
 <div class="music-progress-track"></div>\r\n
 <div class="music-progress-fill" id="musicProgressFill"></div>\r\n
 </div>\r\n
 <button class="music-play-btn" id="musicPlayBtn">\r\n
 <svg viewBox="0 0 24 24" id="iconPlay">\r\n
 <polygon points="5 3 19 12 5 21 5 3" />\r\n
 </svg>\r\n
 <svg viewBox="0 0 24 24" id="iconPause" style="display: none;">\r\n
 <rect x="6" y="4" width="4" height="16" />\r\n
 <rect x="14" y="4" width="4" height="16" />\r\n
 </svg>\r\n
 </button>\r\n
 </div>\r\n
 <audio id="audioPlayer" style="display: none;"></audio>\r\n
 </div>\r\n
\r\n
 <!-- Friend Search Component -->\r\n
 <div class="panel-friend" id="panelFriend" style="display: none;">\r\n
 <div class="friend-search">\r\n
 <svg viewBox="0 0 24 24">\r\n
 <circle cx="11" cy="11" r="8" />\r\n
 <line x1="21" y1="21" x2="16.65" y2="16.65" />\r\n
 </svg>\r\n
 <input type="text" id="friendSearchInput" placeholder="cari nama teman..">\r\n
 </div>\r\n
 <div class="friend-list" id="friendListContainer">\r\n
 <!-- Rendered dynamically -->\r\n
 </div>\r\n
 </div>\r\n
\r\n
 <!-- Account Component -->\r\n
 <div class="panel-account" id="panelAccount" style="display: none;">\r\n
 <div class="account-header">\r\n
 <img src="https://ui-avatars.com/api/?name=Annie+Bergstrom&background=random" alt="Avatar"\r\n
 class="account-avatar" style="border: 2.5px solid rgba(168, 162, 158, 0.4); border-radius: 50%; object-fit: cover;">\r\n
 <div class="account-info">\r\n
 <div class="account-name">Annie Bergstrom</div>\r\n
 <div class="account-email">ondricka.alta@example.com</div>\r\n
 <div class="account-badge user-tier-display" style="background: rgba(168, 162, 158, 0.8)">Initiate</div>\r\n
 </div>\r\n
 </div>\r\n
\r\n
 <div class="account-stats">\r\n
 <div class="stat-item">\r\n
 <div class="stat-value">LV. 1</div>\r\n
 <div class="stat-label">Level</div>\r\n
 </div>\r\n
 <div class="stat-item">\r\n
 <div class="stat-value">0</div>\r\n
 <div class="stat-label">EXP</div>\r\n
 </div>\r\n
 <div class="stat-item">\r\n
 <div class="stat-value" id="accountFriendsCount">0</div>\r\n
 <div class="stat-label">Friends</div>\r\n
 </div>\r\n
 </div>\r\n
\r\n
 <div class="account-actions">\r\n
 <button class="btn-account-outline" onclick="window.location.href='https://ninja-immunity-radiance.ngrok-free.dev/profile'">Edit Profile</button>\r\n
 <button class="btn-account-primary" onclick="const btnSetting = document.getElementById('btnSetting'); if(btnSetting) btnSetting.click();">Settings</button>\r\n
 </div>\r\n
 </div>\r\n
\r\n
 <!-- Setting Component -->\r\n
 <div class="panel-setting" id="panelSetting" style="display: none;">\r\n
 <div class="setting-section-title">Tampilan</div>\r\n
 <div class="setting-row">\r\n
 <div class="setting-row-left">\r\n
 <div class="setting-row-icon">\r\n
 <svg viewBox="0 0 24 24">\r\n
 <path d="M21 12.79A9 9 0 1 1 11.21 3 7 7 0 0 0 21 12.79z" />\r\n
 </svg>\r\n
 </div>\r\n
 <div>\r\n
 <div class="setting-row-label">Mode Gelap</div>\r\n
 <div class="setting-row-sub">Tema antarmuka</div>\r\n
 </div>\r\n
 </div>\r\n
 <label class="toggle-switch">\r\n
 <input type="checkbox" checked>\r\n
 <span class="toggle-slider"></span>\r\n
 </label>\r\n
 </div>\r\n
 <div class="setting-row">\r\n
 <div class="setting-row-left">\r\n
 <div class="setting-row-icon">\r\n
 <svg viewBox="0 0 24 24">\r\n
 <circle cx="12" cy="12" r="4" />\r\n
 <path\r\n
 d="M12 2v2M12 20v2M4.93 4.93l1.41 1.41M17.66 17.66l1.41 1.41M2 12h2M20 12h2M4.93 19.07l1.41-1.41M17.66 6.34l1.41-1.41" />\r\n
 </svg>\r\n
 </div>\r\n
 <div>\r\n
 <div class="setting-row-label">Animasi</div>\r\n
 <div class="setting-row-sub">Efek visual</div>\r\n
 </div>\r\n
 </div>\r\n
 <label class="toggle-switch">\r\n
 <input type="checkbox" checked>\r\n
 <span class="toggle-slider"></span>\r\n
 </label>\r\n
 </div>\r\n
\r\n
 <div class="setting-section-title">Notifikasi</div>\r\n
 <div class="setting-row">\r\n
 <div class="setting-row-left">\r\n
 <div class="setting-row-icon">\r\n
 <svg viewBox="0 0 24 24">\r\n
 <path d="M18 8A6 6 0 0 0 6 8c0 7-3 9-3 9h18s-3-2-3-9" />\r\n
 <path d="M13.73 21a2 2 0 0 1-3.46 0" />\r\n
 </svg>\r\n
 </div>\r\n
 <div>\r\n
 <div class="setting-row-label">Push Notif</div>\r\n
 <div class="setting-row-sub">Peringatan real-time</div>\r\n
 </div>\r\n
 </div>\r\n
 <label class="toggle-switch">\r\n
 <input type="checkbox" checked>\r\n
 <span class="toggle-slider"></span>\r\n
 </label>\r\n
 </div>\r\n
 <div class="setting-row">\r\n
 <div class="setting-row-left">\r\n
 <div class="setting-row-icon">\r\n
 <svg viewBox="0 0 24 24">\r\n
 <path\r\n
 d="M4 4h16c1.1 0 2 .9 2 2v12c0 1.1-.9 2-2 2H4c-1.1 0-2-.9-2-2V6c0-1.1.9-2 2-2z" />\r\n
 <polyline points="22,6 12,13 2,6" />\r\n
 </svg>\r\n
 </div>\r\n
 <div>\r\n
 <div class="setting-row-label">Email Digest</div>\r\n
 <div class="setting-row-sub">Ringkasan mingguan</div>\r\n
 </div>\r\n
 </div>\r\n
 <label class="toggle-switch">\r\n
 <input type="checkbox">\r\n
 <span class="toggle-slider"></span>\r\n
 </label>\r\n
 </div>\r\n
\r\n
 <div class="setting-section-title">Privasi</div>\r\n
 <div class="setting-row">\r\n
 <div class="setting-row-left">\r\n
 <div class="setting-row-icon">\r\n
 <svg viewBox="0 0 24 24">\r\n
 <path d="M1 12s4-8 11-8 11 8 11 8-4 8-11 8-11-8-11-8z" />\r\n
 <circle cx="12" cy="12" r="3" />\r\n
 </svg>\r\n
 </div>\r\n
 <div>\r\n
 <div class="setting-row-label">Profil Publik</div>\r\n
 <div class="setting-row-sub">Bisa dilihat semua orang</div>\r\n
 </div>\r\n
 </div>\r\n
 <label class="toggle-switch">\r\n
 <input type="checkbox" checked>\r\n
 <span class="toggle-slider"></span>\r\n
 </label>\r\n
 </div>\r\n
\r\n
 <button class="btn-setting-logout">\r\n
 <svg viewBox="0 0 24 24">\r\n
 <path d="M9 21H5a2 2 0 0 1-2-2V5a2 2 0 0 1 2-2h4" />\r\n
 <polyline points="16 17 21 12 16 7" />\r\n
 <line x1="21" y1="12" x2="9" y2="12" />\r\n
 </svg>\r\n
 Keluar / Logout\r\n
 </button>\r\n
 </div>\r\n
\r\n
 <!-- About Component -->\r\n
 <div class="panel-about" id="panelAbout" style="display: none;">\r\n
 <div class="about-logo-row">\r\n
 <div class="about-logo">🚀</div>\r\n
 <div>\r\n
 <div class="about-app-name">TurnCode</div>\r\n
 <div class="about-version">Version 1.0.0 — Stable Release</div>\r\n
 </div>\r\n
 </div>\r\n
 <p class="about-desc">Platform belajar coding interaktif yang dirancang untuk membantu developer\r\n
 tumbuh lebih cepat dengan materi, tantangan, dan komunitas.</p>\r\n
 <div class="about-stack">\r\n
 <span class="about-badge">Laravel 11</span>\r\n
 <span class="about-badge">Blade</span>\r\n
 <span class="about-badge">Vite</span>\r\n
 <span class="about-badge">Web Audio API</span>\r\n
 <span class="about-badge">IndexedDB</span>\r\n
 </div>\r\n
 <div class="about-divider"></div>\r\n
 <div class="about-links">\r\n
 <a href="#" class="about-link-row">\r\n
 <div class="about-link-left">\r\n
 <svg viewBox="0 0 24 24">\r\n
 <circle cx="12" cy="12" r="10" />\r\n
 <line x1="12" y1="8" x2="12" y2="12" />\r\n
 <line x1="12" y1="16" x2="12.01" y2="16" />\r\n
 </svg>\r\n
 <span class="about-link-label">Dokumentasi</span>\r\n
 </div>\r\n
 <svg class="about-link-chevron" viewBox="0 0 24 24">\r\n
 <polyline points="9 18 15 12 9 6" />\r\n
 </svg>\r\n
 </a>\r\n
 <a href="#" class="about-link-row">\r\n
 <div class="about-link-left">\r\n
 <svg viewBox="0 0 24 24">\r\n
 <path\r\n
 d="M9 19c-5 1.5-5-2.5-7-3m14 6v-3.87a3.37 3.37 0 0 0-.94-2.61c3.14-.35 6.44-1.54 6.44-7A5.44 5.44 0 0 0 20 4.77 5.07 5.07 0 0 0 19.91 1S18.73.65 16 2.48a13.38 13.38 0 0 0-7 0C6.27.65 5.09 1 5.09 1A5.07 5.07 0 0 0 5 4.77a5.44 5.44 0 0 0-1.5 3.78c0 5.42 3.3 6.61 6.44 7A3.37 3.37 0 0 0 9 18.13V22" />\r\n
 </svg>\r\n
 <span class="about-link-label">GitHub Repository</span>\r\n
 </div>\r\n
 <svg class="about-link-chevron" viewBox="0 0 24 24">\r\n
 <polyline points="9 18 15 12 9 6" />\r\n
 </svg>\r\n
 </a>\r\n
 </div>\r\n
 <div class="about-copyright">© 2025 TurnCode. Dibuat dengan ❤️ di Indonesia.</div>\r\n
 </div>\r\n
 </div>\r\n
\r\n
 </div>\r\n
\r\n
 <!-- Bug Report Component (Outside panel-content) -->\r\n
 <div class="bug-report-wrapper" id="bugReportWrapper">\r\n
 <div class="bug-slides-container">\r\n
 <!-- Slide 1 -->\r\n
 <div class="bug-slide bug-slide-1">\r\n
 <svg class="bug-prompt-icon" viewBox="0 0 24 24" xmlns="http://www.w3.org/2000/svg">\r\n
 <path\r\n
 d="M12 2l3.09 6.26L22 9.27l-5 4.87 1.18 6.88L12 17.77l-6.18 3.25L7 14.14 2 9.27l6.91-1.01L12 2z" />\r\n
 </svg>\r\n
 <div class="bug-prompt-title">apakah kamu mau<br>melaporkan masalah</div>\r\n
 <div class="bug-actions">\r\n
 <button type="button" class="bug-btn bug-btn-no" id="btnBugClose">Tidak</button>\r\n
 <button type="button" class="bug-btn bug-btn-yes" id="btnBugNext">Laporkan</button>\r\n
 </div>\r\n
 </div>\r\n
\r\n
 <!-- Slide 2 -->\r\n
 <div class="bug-slide bug-slide-2" style="padding: 2rem;">\r\n
 <div class="bug2-layout">\r\n
 <!-- Left Column -->\r\n
 <div class="bug2-left">\r\n
 <div class="bug2-header-box">\r\n
 <p>Apa masalah yang<br>kamu alami saat ini?</p>\r\n
 </div>\r\n
 <label class="bug-upload-area" style="flex: 1; border-radius: 16px;">\r\n
 <svg viewBox="0 0 24 24" width="40" height="40" stroke="#8e8c94" stroke-width="1.5"\r\n
 fill="none" style="margin-bottom:0.5rem;">\r\n
 <rect x="3" y="3" width="18" height="18" rx="2" ry="2"></rect>\r\n
 <circle cx="8.5" cy="8.5" r="1.5"></circle>\r\n
 <polyline points="21 15 16 10 5 21"></polyline>\r\n
 </svg>\r\n
 <span style="font-size: 0.85rem; text-align: center;">Upload gambar bila ada atau\r\n
 drop<br>disini</span>\r\n
 <input type="file" style="display:none" accept="image/*">\r\n
 </label>\r\n
 </div>\r\n
\r\n
 <!-- Right Column -->\r\n
 <div class="bug2-right">\r\n
 <div class="bug2-title-row">\r\n
 <svg viewBox="0 0 24 24" xmlns="http://www.w3.org/2000/svg">\r\n
 <path\r\n
 d="M12 2l3.09 6.26L22 9.27l-5 4.87 1.18 6.88L12 17.77l-6.18 3.25L7 14.14 2 9.27l6.91-1.01L12 2z" />\r\n
 </svg>\r\n
 <p>Berani lapor demi kemajuan Turning Code!!,<br>kami siap selesaikan secepat mungkin\r\n
 </p>\r\n
 </div>\r\n
\r\n
 <div class="bug-input-group">\r\n
 <label class="bug-label" style="color: #e8e8e8; font-size: 0.9rem;">Judul\r\n
 laporan</label>\r\n
 <input type="text" class="bug-input" placeholder="isi dengan topik masalah nya"\r\n
 style="background: rgba(255,255,255,0.03); border: none;">\r\n
 </div>\r\n
\r\n
 <div class="bug-input-group" style="flex:1;">\r\n
 <label class="bug-label" style="color: #e8e8e8; font-size: 0.9rem;">Deskripsi\r\n
 Laporan</label>\r\n
 <textarea class="bug-textarea" placeholder="Isi keluhan yang kamu rasakan"\r\n
 style="background: rgba(255,255,255,0.03); border: none; flex:1;"></textarea>\r\n
 </div>\r\n
\r\n
 <div class="bug-actions" style="margin-top: 0.5rem;">\r\n
 <button type="button" class="bug-btn bug-btn-no" id="btnBugPrev">Batalkan</button>\r\n
 <button type="button" class="bug-btn bug-btn-yes" id="btnBugSubmit">Laporkan</button>\r\n
 </div>\r\n
 </div>\r\n
 </div>\r\n
 </div>\r\n
 </div>\r\n
 </div>\r\n
 \r\n
 <script>\r\n
 function updateNavUnreadDot() {\r\n
 const hasUnread = document.querySelectorAll('.panel-notif-item.unread').length > 0;\r\n
 const navDots = document.querySelectorAll('.nav-unread-dot');\r\n
 navDots.forEach(dot => {\r\n
 if (hasUnread) {\r\n
 dot.style.display = 'block';\r\n
 // force reflow\r\n
 dot.offsetHeight;\r\n
 dot.style.opacity = '1';\r\n
 dot.style.transform = 'scale(1)';\r\n
 } else {\r\n
 dot.style.transition = 'opacity 0.3s ease, transform 0.3s ease';\r\n
 dot.style.opacity = '0';\r\n
 dot.style.transform = 'scale(0)';\r\n
 setTimeout(() => {\r\n
 dot.style.display = 'none';\r\n
 }, 300);\r\n
 }\r\n
 });\r\n
 }\r\n
\r\n
 function markNotificationAsRead(element, id) {\r\n
 if (!element.classList.contains('unread')) return;\r\n
\r\n
 const csrfTokenMeta = document.querySelector('meta[name="csrf-token"]');\r\n
 const token = csrfTokenMeta ? csrfTokenMeta.getAttribute('content') : '';\r\n
\r\n
 fetch(`/api/notifications/${id}/read`, {\r\n
 method: 'POST',\r\n
 headers: {\r\n
 'Content-Type': 'application/json',\r\n
 'X-CSRF-TOKEN': token,\r\n
 'Accept': 'application/json'\r\n
 }\r\n
 })\r\n
 .then(response => response.json())\r\n
 .then(data => {\r\n
 if (data.success) {\r\n
 element.classList.remove('unread');\r\n
 element.style.opacity = '0.6';\r\n
\r\n
 const dot = element.querySelector('.unread-dot');\r\n
 if (dot) {\r\n
 dot.style.transition = 'opacity 0.3s ease, transform 0.3s ease';\r\n
 dot.style.opacity = '0';\r\n
 dot.style.transform = 'scale(0)';\r\n
 setTimeout(() => dot.remove(), 300);\r\n
 }\r\n
 \r\n
 updateNavUnreadDot();\r\n
 }\r\n
 })\r\n
 .catch(error => console.error('Error marking notification as read:', error));\r\n
 }\r\n
\r\n
 function initMenuPanelJs() {\r\n
 const checkAllBtn = document.querySelector('.panel-notif-checkall');\r\n
 if (checkAllBtn) {\r\n
 checkAllBtn.addEventListener('click', function (e) {\r\n
 e.preventDefault();\r\n
 e.stopPropagation();\r\n
\r\n
 const csrfTokenMeta = document.querySelector('meta[name="csrf-token"]');\r\n
 const token = csrfTokenMeta ? csrfTokenMeta.getAttribute('content') : '';\r\n
\r\n
 const unreadItems = document.querySelectorAll('.panel-notif-item.unread');\r\n
 if (unreadItems.length === 0) return;\r\n
\r\n
 fetch('/api/notifications/read-all', {\r\n
 method: 'POST',\r\n
 headers: {\r\n
 'Content-Type': 'application/json',\r\n
 'X-CSRF-TOKEN': token,\r\n
 'Accept': 'application/json'\r\n
 }\r\n
 })\r\n
 .then(response => response.json())\r\n
 .then(data => {\r\n
 if (data.success) {\r\n
 unreadItems.forEach(item => {\r\n
 item.classList.remove('unread');\r\n
 item.style.opacity = '0.6';\r\n
\r\n
 const dot = item.querySelector('.unread-dot');\r\n
 if (dot) {\r\n
 dot.style.transition = 'opacity 0.3s ease, transform 0.3s ease';\r\n
 dot.style.opacity = '0';\r\n
 dot.style.transform = 'scale(0)';\r\n
 setTimeout(() => dot.remove(), 300);\r\n
 }\r\n
 });\r\n
 \r\n
 updateNavUnreadDot();\r\n
 }\r\n
 })\r\n
 .catch(error => console.error('Error marking all notifications as read:', error));\r\n
 });\r\n
 }\r\n
 }\r\n
\r\n
 document.addEventListener('turbo:load', initMenuPanelJs);\r\n
 if (document.readyState === 'loading') {\r\n
 document.addEventListener('DOMContentLoaded', initMenuPanelJs);\r\n
 } else {\r\n
 initMenuPanelJs();\r\n
 }\r\n
 </script>\r\n
</div>\r\n
\r\n
\r\n
 <div class="container">\r\n
 <!-- Header -->\r\n
 <div class="header-section">\r\n
 <div class="hero-card" id="heroCard">\r\n
 <div class="hero-bg-layer" id="heroBg1" style="opacity: 1;"></div>\r\n
 <div class="hero-bg-layer" id="heroBg2" style="opacity: 0;"></div>\r\n
 <script>\r\n
 (function () {\r\n
 var savedIndex = localStorage.getItem('heroBgIndex') || 0;\r\n
 var bgs = [\r\n
 '/images/scenery_header.gif',\r\n
 '/images/scenery_header01.gif',\r\n
 '/images/scenery_header02.gif',\r\n
 '/images/scenery_header03.gif',\r\n
 '/images/scenery_header04.gif'\r\n
 ];\r\n
 var bgImg = bgs[savedIndex] || bgs[0];\r\n
 document.getElementById('heroBg1').style.backgroundImage = 'url(' + bgImg + ')';\r\n
 })();\r\n
 </script>\r\n
 <div class="hero-overlay">\r\n
 <div class="hero-icons">\r\n
 <div class="hero-icon-wrapper">\r\n
 <div class="hero-icon" id="btnHeroCalendar" style="cursor:pointer;">\r\n
 <svg width="28" height="28" viewBox="0 0 24 24" fill="none"\r\n
 stroke="rgba(255,255,255,0.85)" stroke-width="1.8" stroke-linecap="round"\r\n
 stroke-linejoin="round">\r\n
 <rect x="3" y="4" width="18" height="18" rx="3" />\r\n
 <line x1="16" y1="2" x2="16" y2="6" />\r\n
 <line x1="8" y1="2" x2="8" y2="6" />\r\n
 <line x1="3" y1="10" x2="21" y2="10" />\r\n
 </svg>\r\n
 </div>\r\n
 </div>\r\n
 <div class="hero-icon-wrapper">\r\n
 <div class="hero-icon">\r\n
 <svg width="28" height="28" viewBox="0 0 24 24" fill="none"\r\n
 stroke="rgba(255,255,255,0.85)" stroke-width="1.8" stroke-linecap="round"\r\n
 stroke-linejoin="round">\r\n
 <path\r\n
 d="M16 4h2a2 2 0 0 1 2 2v14a2 2 0 0 1-2 2H6a2 2 0 0 1-2-2V6a2 2 0 0 1 2-2h2" />\r\n
 <rect x="8" y="2" width="8" height="4" rx="1" ry="1" />\r\n
 <line x1="9" y1="12" x2="15" y2="12" />\r\n
 <line x1="9" y1="16" x2="13" y2="16" />\r\n
 </svg>\r\n
 </div>\r\n
 </div>\r\n
 <div class="hero-icon-wrapper">\r\n
 <div class="hero-icon">\r\n
 <svg width="28" height="28" viewBox="0 0 24 24" fill="none"\r\n
 stroke="rgba(255,255,255,0.85)" stroke-width="1.8" stroke-linecap="round"\r\n
 stroke-linejoin="round">\r\n
 <path d="M18 8A6 6 0 0 0 6 8c0 7-3 9-3 9h18s-3-2-3-9" />\r\n
 <path d="M13.73 21a2 2 0 0 1-3.46 0" />\r\n
 </svg>\r\n
 </div>\r\n
 </div>\r\n
 <div class="hero-icon-wrapper">\r\n
 <div class="hero-icon">\r\n
 <svg width="28" height="28" viewBox="0 0 24 24" fill="none"\r\n
 stroke="rgba(255,255,255,0.85)" stroke-width="1.8" stroke-linecap="round"\r\n
 stroke-linejoin="round">\r\n
 <circle cx="12" cy="12" r="3" />\r\n
 <path\r\n
 d="M19.4 15a1.65 1.65 0 0 0 .33 1.82l.06.06a2 2 0 0 1-2.83 2.83l-.06-.06a1.65 1.65 0 0 0-1.82-.33 1.65 1.65 0 0 0-1 1.51V21a2 2 0 0 1-4 0v-.09A1.65 1.65 0 0 0 9 19.4a1.65 1.65 0 0 0-1.82.33l-.06.06a2 2 0 0 1-2.83-2.83l.06-.06A1.65 1.65 0 0 0 4.68 15a1.65 1.65 0 0 0-1.51-1H3a2 2 0 0 1 0-4h.09A1.65 1.65 0 0 0 4.6 9a1.65 1.65 0 0 0-.33-1.82l-.06-.06a2 2 0 0 1 2.83-2.83l.06.06A1.65 1.65 0 0 0 9 4.68a1.65 1.65 0 0 0 1-1.51V3a2 2 0 0 1 4 0v.09a1.65 1.65 0 0 0 1 1.51 1.65 1.65 0 0 0 1.82-.33l.06-.06a2 2 0 0 1 2.83 2.83l-.06.06A1.65 1.65 0 0 0 19.4 9a1.65 1.65 0 0 0 1.51 1H21a2 2 0 0 1 0 4h-.09a1.65 1.65 0 0 0-1.51 1z" />\r\n
 </svg>\r\n
 </div>\r\n
 </div>\r\n
 </div>\r\n
\r\n
 <div class="hero-clock-container">\r\n
 <div class="hero-clock-text">\r\n
 <div id="hero-clock-hours">12</div>\r\n
 <div id="hero-clock-minutes">32</div>\r\n
 </div>\r\n
 <div class="hero-clock-star"></div>\r\n
 </div>\r\n
\r\n
 <!-- Hero Wallpaper Scroller Dots -->\r\n
 <div class="hero-slider-dots">\r\n
 <div class="hero-dot active" data-bg="/images/scenery_header.gif"></div>\r\n
 <div class="hero-dot" data-bg="/images/scenery_header01.gif"></div>\r\n
 <div class="hero-dot" data-bg="/images/scenery_header02.gif"></div>\r\n
 <div class="hero-dot" data-bg="/images/scenery_header03.gif"></div>\r\n
 <div class="hero-dot" data-bg="/images/scenery_header04.gif"></div>\r\n
 </div>\r\n
 </div>\r\n
 </div>\r\n
\r\n
 <div class="stats-col">\r\n
 <div class="stat-card-dark">\r\n
 <div class="exp-row">\r\n
 <div class="exp-star"\r\n
 style="display: flex; align-items: center; justify-content: center; flex-direction: column; color: #fff; font-weight: 800; font-size: 0.8rem; line-height: 1.1; text-shadow: 0 1px 3px rgba(0,0,0,0.5);">\r\n
 <span\r\n
 style="font-size: 0.55rem; opacity: 0.85; font-weight: 600; letter-spacing: 0.5px;">LV</span>\r\n
 <span style="font-size: 1.35rem; font-weight: 900; margin-top: -2px;"\r\n
 class="user-level-display">1</span>\r\n
 </div>\r\n
 <div class="exp-text-col">\r\n
 <div class="exp-label user-next-tier-display" data-format="number">\r\n
 100\r\n
 </div>\r\n
 <div class="exp-amount">\r\n
 <span\r\n
 class="user-exp-display">0</span>\r\n
 <span class="exp-label"\r\n
 style="font-size: 0.65rem; color: #fff; align-self: baseline; margin-left: 2px;">EXP</span>\r\n
 </div>\r\n
 </div>\r\n
 </div>\r\n
 <div class="exp-bar-container">\r\n
 <div class="exp-bar-track"></div>\r\n
 <div class="exp-bar-fill user-exp-bar" style="width: 0%">\r\n
 0%\r\n
 </div>\r\n
 </div>\r\n
 </div>\r\n
\r\n
 <div class="stat-card new-tier-card" style="--tier-color: 168, 162, 158;">\r\n
 <div class="new-tier-bg-image"></div>\r\n
 <div class="new-tier-bg-gradient"></div>\r\n
 <div class="new-tier-content">\r\n
 <div class="new-tier-badge-row">\r\n
 <span class="new-tier-lvl">LV. <span\r\n
 class="user-level-display">1</span></span>\r\n
 <span class="new-tier-lbl">TIER</span>\r\n
 </div>\r\n
 <div class="new-tier-title user-tier-display">Initiate</div>\r\n
 </div>\r\n
 </div>\r\n
 </div>\r\n
 </div>\r\n
\r\n
 <!-- BUDDY COMPONENT -->\r\n
 <div class="buddy-section">\r\n
 <div class="buddy-card-container">\r\n
 <!-- Silhouette Cover -->\r\n
 <img id="buddy-silhouette" class="buddy-silhouette" src="" alt="">\r\n
\r\n
 <div id="buddy-state-1" class="buddy-state-inner"\r\n
 style="display: flex;">\r\n
 <div class="buddy-header text-center">\r\n
 <h3 id="buddy-selection-header" class="text-visible" style="margin-bottom: 5px;">Pilih teman\r\n
 belajar mu!</h3>\r\n
 <p id="buddy-selection-subtitle" class="text-visible"\r\n
 style="color: var(--text-muted); font-size: 0.9rem;">Teman yang akan menemani mu sampai\r\n
 lulus\r\n
 </p>\r\n
 </div>\r\n
 <div class="buddy-avatars-row">\r\n
 <img src="https://ninja-immunity-radiance.ngrok-free.dev/images/buddies/box-1.gif" class="buddy-avatar-option" data-id="1"\r\n
 alt="Buddy 1">\r\n
 <img src="https://ninja-immunity-radiance.ngrok-free.dev/images/buddies/box-2.gif" class="buddy-avatar-option" data-id="2"\r\n
 alt="Buddy 2">\r\n
 <img src="https://ninja-immunity-radiance.ngrok-free.dev/images/buddies/box-3.gif" class="buddy-avatar-option" data-id="3"\r\n
 alt="Buddy 3">\r\n
 <img src="https://ninja-immunity-radiance.ngrok-free.dev/images/buddies/box-4.gif" class="buddy-avatar-option" data-id="4"\r\n
 alt="Buddy 4">\r\n
 </div>\r\n
 </div>\r\n
\r\n
 <div id="buddy-state-2" class="buddy-state-inner buddy-naming-state" style="display: none;">\r\n
 <img id="selected-buddy-preview" src="" class="buddy-avatar-preview" alt="Selected Buddy">\r\n
 <div class="buddy-form">\r\n
 <h3 style="margin-bottom: 15px;">Siapa nama teman mu?</h3>\r\n
 <div class="buddy-input-row">\r\n
 <input type="text" id="buddy-name-input" placeholder="isi nama nya" class="buddy-input">\r\n
 <button type="button" id="btn-save-buddy" class="btn-buddy-submit">Selesai</button>\r\n
 </div>\r\n
 <span id="buddy-error-msg" class="buddy-error" style="display: none;">isi nama yang niat\r\n
 yak!!!..</span>\r\n
 </div>\r\n
 </div>\r\n
\r\n
 <div id="buddy-state-3" class="buddy-state-inner buddy-active-state"\r\n
 style="display: none; flex-direction: column; align-items: stretch;">\r\n
\r\n
 <div class="buddy-chat-header" style="display: flex; align-items: center; gap: 1rem; width: 100%;">\r\n
 <div style="position: relative;" id="active-buddy-avatar-wrapper">\r\n
 <img id="active-buddy-avatar"\r\n
 src=""\r\n
 class="buddy-avatar-preview" alt="My Buddy" style="width: 80px; height: 80px;">\r\n
 <div class="buddy-mood-dot"></div>\r\n
 <!-- Floating Speech Bubble / Toast -->\r\n
 <div id="buddy-toast" class="buddy-toast">\r\n
 <span id="buddy-toast-text"></span>\r\n
 <div class="buddy-toast-arrow"></div>\r\n
 </div>\r\n
 </div>\r\n
 <div class="buddy-chat" style="flex: 1;">\r\n
 <h3 id="active-buddy-name"\r\n
 style="margin-bottom: 5px; display: flex; align-items: center; justify-content: space-between;">\r\n
 <span></span>\r\n
 <div style="display: flex; align-items: center; gap: 8px;">\r\n
 <span id="buddy-status-label"\r\n
 style="font-size: 0.8rem; font-weight: normal; color: var(--buddy-mood-color, #10B981); display: flex; align-items: center; gap: 6px; transition: color 0.5s ease;">\r\n
 <div\r\n
 style="width: 8px; height: 8px; border-radius: 50%; background: var(--buddy-mood-color, #10B981); box-shadow: 0 0 8px var(--buddy-mood-color, #10B981); transition: background 0.5s ease, box-shadow 0.5s ease;">\r\n
 </div> <span id="buddy-status-text">Online</span>\r\n
 </span>\r\n
 <div id="buddy-mode-switch" class="buddy-mode-switch">\r\n
 <div class="buddy-mode-slider" id="buddy-mode-slider"></div>\r\n
 <button type="button" class="buddy-mode-btn active" data-mode="auto"\r\n
 id="btn-mode-auto" title="Chat Otomatis">\r\n
 <i class="fas fa-robot"></i>\r\n
 </button>\r\n
 <button type="button" class="buddy-mode-btn" data-mode="chat" id="btn-mode-chat"\r\n
 title="Chat Input">\r\n
 <i class="fas fa-keyboard"></i>\r\n
 </button>\r\n
 </div>\r\n
 <button type="button" id="btn-toggle-pills" class="buddy-settings-btn"\r\n
 onclick="toggleBuddyPills()" title="Pengaturan Pill Tags">\r\n
 <i class="fas fa-cog" id="buddy-settings-icon"></i>\r\n
 </button>\r\n
 </div>\r\n
 </h3>\r\n
 <div id="buddy-chat-log" class="buddy-chat-log"></div>\r\n
 <p id="buddy-typing-text"\r\n
 style="color: var(--text-muted); font-size: 0.95rem; min-height: 44px; line-height: 1.4;">\r\n
 </p>\r\n
 <div id="buddy-prompt-wrapper" class="buddy-prompt-wrapper">\r\n
 <div id="buddy-prompt-buttons" class="buddy-prompt-inner">\r\n
 <button id="btn-prompt-yes" class="buddy-action-btn primary"\r\n
 style="padding: 0.4rem 1rem; flex: none; width: auto; font-size: 0.85rem;">Iya</button>\r\n
 <button id="btn-prompt-no" class="buddy-action-btn"\r\n
 style="padding: 0.4rem 1rem; flex: none; width: auto; font-size: 0.85rem;">Tidak</button>\r\n
 </div>\r\n
 </div>\r\n
 <!-- Free Text Chat Input Row -->\r\n
 <div id="buddy-chat-input-wrapper" class="buddy-chat-input-row">\r\n
 <input type="text" id="buddy-chat-input" placeholder="Tanya buddy sesuatu.."\r\n
 autocomplete="off">\r\n
 <button type="button" id="btn-buddy-chat-send" class="btn-buddy-chat-send"\r\n
 title="Kirim">\r\n
 <i class="fas fa-paper-plane"></i>\r\n
 </button>\r\n
 </div>\r\n
 <!-- "Tanya Buddy" Pill-Tags -->\r\n
 <div id="buddy-pills-wrapper" class="buddy-pills-row">\r\n
 <div class="buddy-pills-inner">\r\n
 <button class="buddy-pill-btn" onclick="askBuddy('tips', this)">💡 Tips\r\n
 Belajar</button>\r\n
 <button class="buddy-pill-btn" onclick="askBuddy('status', this)">🔥 Status</button>\r\n
 <button class="buddy-pill-btn" onclick="askBuddy('motivasi', this)">🚀\r\n
 Motivasi</button>\r\n
 <button class="buddy-pill-btn" onclick="askBuddy('humor', this)">☕ Lelucon</button>\r\n
 <button class="buddy-pill-btn buddy-pill-dismiss" onclick="dismissBuddyPills()"\r\n
 title="Sembunyikan">✕</button>\r\n
 </div>\r\n
 </div>\r\n
 </div>\r\n
 </div>\r\n
 </div>\r\n
 </div>\r\n
\r\n
 <!-- SEPARATE EXTENDED INFO CARD -->\r\n
 <div id="buddy-stats-card" class="buddy-card-container"\r\n
 style="display: none; opacity: 0; transform: translateY(-10px); transition: all 0.4s ease; margin-top: 15px; flex-direction: column; width: 100%;">\r\n
 <div\r\n
 style="display: flex; justify-content: space-between; align-items: center; width: 100%; margin-bottom: 10px;">\r\n
 <h4 style="margin: 0; font-size: 1rem; color: var(--text-main);">Informasi Tambahan</h4>\r\n
 <button id="btn-close-stats"\r\n
 style="background: rgba(255,255,255,0.1); border: none; color: white; width: 30px; height: 30px; border-radius: 50%; cursor: pointer; display: flex; justify-content: center; align-items: center; transition: all 0.2s ease;"\r\n
 onmouseover="this.style.background='rgba(255,255,255,0.2)'"\r\n
 onmouseout="this.style.background='rgba(255,255,255,0.1)'">\r\n
 <i class="fas fa-times"></i>\r\n
 </button>\r\n
 </div>\r\n
\r\n
 <div class="buddy-stats-row" style="margin-top: 0;">\r\n
 <div class="buddy-stat-item">\r\n
 <span class="stat-icon">🔥</span>\r\n
 <div class="stat-info">\r\n
 <span class="stat-value" id="buddy-stat-streak">- hr</span>\r\n
 <span class="stat-label">Streak</span>\r\n
 </div>\r\n
 </div>\r\n
 <div class="buddy-stat-item">\r\n
 <span class="stat-icon">📚</span>\r\n
 <div class="stat-info">\r\n
 <span class="stat-value" id="buddy-stat-missions">-/-</span>\r\n
 <span class="stat-label">Misi Selesai</span>\r\n
 </div>\r\n
 </div>\r\n
 <div class="buddy-stat-item">\r\n
 <span class="stat-icon">⚡</span>\r\n
 <div class="stat-info">\r\n
 <span class="stat-value" id="buddy-stat-level">Lv 1</span>\r\n
 <span class="stat-label"\r\n
 id="buddy-stat-tier">Initiate</span>\r\n
 </div>\r\n
 </div>\r\n
 </div>\r\n
\r\n
 <!-- Rekomendasi Belajar -->\r\n
 <div id="buddy-recommendation-card" class="buddy-rec-card" style="display: none; margin-top: 15px;">\r\n
 <div class="buddy-rec-header">\r\n
 <span class="buddy-rec-icon">🎯</span>\r\n
 <span class="buddy-rec-tag">Rekomendasi Belajar</span>\r\n
 </div>\r\n
 <div class="buddy-rec-body">\r\n
 <div id="buddy-rec-course-title" class="buddy-rec-course">Memuat kelas..</div>\r\n
 <div id="buddy-rec-lesson-title" class="buddy-rec-lesson">Mencari materi selanjutnya..</div>\r\n
\r\n
 <div class="buddy-rec-progress-wrapper">\r\n
 <div class="buddy-rec-progress-track">\r\n
 <div id="buddy-rec-progress-bar" class="buddy-rec-progress-bar" style="width: 0%;">\r\n
 </div>\r\n
 </div>\r\n
 <span id="buddy-rec-progress-text" class="buddy-rec-progress-text">Progress: 0%</span>\r\n
 </div>\r\n
\r\n
 <a id="buddy-rec-action-btn" href="#" class="buddy-rec-btn">\r\n
 Mulai Belajar <i class="fas fa-arrow-right"></i>\r\n
 </a>\r\n
 </div>\r\n
 </div>\r\n
\r\n
 <div class="buddy-quick-actions">\r\n
 <a href="#materi-section" class="buddy-action-btn primary">\r\n
 <i class="fa-solid fa-play"></i> Lanjut Belajar\r\n
 </a>\r\n
 <a href="#misi-section" class="buddy-action-btn">\r\n
 <i class="fa-solid fa-list-check"></i> Cek Misi\r\n
 </a>\r\n
 </div>\r\n
 </div>\r\n
 </div>\r\n
\r\n
 <!-- PROGRESS & MISI HARIAN -->\r\n
 <div>\r\n
 <div class="section-header">\r\n
 <h2 class="section-title">Progress dan misi harian</h2>\r\n
 <p class="section-subtitle">Gasss!!, mulai aja dulu ntar tau mau kemana selanjutnya</p>\r\n
 </div>\r\n
\r\n
 <div class="missions-container">\r\n
 <div class="mission-list">\r\n
 <div\r\n
 class="mission-item ">\r\n
 <div class="mission-icon"></div>\r\n
 <div class="mission-text">Baca 1 SubMateri</div>\r\n
 <div class="mission-progress">0/1</div>\r\n
 <div class="mission-reward">+200 EXP</div>\r\n
 </div>\r\n
 <div\r\n
 class="mission-item ">\r\n
 <div class="mission-icon"></div>\r\n
 <div class="mission-text">Selesaikan 1 Quiz</div>\r\n
 <div class="mission-progress">0/1</div>\r\n
 <div class="mission-reward">+350 EXP</div>\r\n
 </div>\r\n
 <div\r\n
 class="mission-item ">\r\n
 <div class="mission-icon"></div>\r\n
 <div class="mission-text">Baca 3 SubMateri</div>\r\n
 <div class="mission-progress">0/3</div>\r\n
 <div class="mission-reward">+350 EXP</div>\r\n
 </div>\r\n
 </div>\r\n
\r\n
 <div class="web-dev-card">\r\n
 <div class="web-dev-pill">\r\n
 <div class="web-dev-dot"></div>\r\n
 Tujuanmu saat ini\r\n
 </div>\r\n
 <div class="web-dev-title">\r\n
 Back End\r\n
 </div>\r\n
 <div class="web-dev-bar-container">\r\n
 <div class="web-dev-bar-track"></div>\r\n
 <div class="web-dev-bar-fill" style="width: 0%">\r\n
 %\r\n
 </div>\r\n
 </div>\r\n
 </div>\r\n
 </div>\r\n
 </div>\r\n
\r\n
 <!-- UJIAN AKHIR / SERTIFIKAT FOKUS -->\r\n
 \r\n
 <!-- MATERI BELAJAR -->\r\n
 <div>\r\n
 <div class="section-header">\r\n
 <h2 class="section-title">Materi Belajar</h2>\r\n
 <p class="section-subtitle">Gasss, yok mulai belajar pilih yang kamu tertarik</p>\r\n
 </div>\r\n
\r\n
 <div class="materials-container">\r\n
 <div class="material-card expanded">\r\n
 <div class="collapsed-content">\r\n
 <div class="collapsed-text">PHP</div>\r\n
 <button class="arrow-btn">→</button>\r\n
 </div>\r\n
 <div class="material-expanded-content">\r\n
 <h3 class="material-title">PHP</h3>\r\n
 <p class="material-desc">\r\n
 PHP dasar\r\n
 </p>\r\n
 <div class="material-actions">\r\n
 <a href="https://ninja-immunity-radiance.ngrok-free.dev/courses/2?submateri_id=2"\r\n
 class="btn btn-white">Mulai Belajar</a>\r\n
 <a href="javascript:void(0)" class="btn btn-white btn-jadwalkan-modal"\r\n
 data-materi="Back End"\r\n
 data-submateri="PHP">Jadwalkan</a>\r\n
 </div>\r\n
 </div>\r\n
 </div>\r\n
 </div>\r\n
 </div>\r\n
\r\n
 <!-- JADWAL HARI INI -->\r\n
 <div>\r\n
 <div class="section-header-flex">\r\n
 <div class="section-header">\r\n
 <h2 class="section-title">Jadwal mu hari ini</h2>\r\n
 <p class="section-subtitle">Yok check hari ini kamu belajar apa..</p>\r\n
 </div>\r\n
 <a href="https://ninja-immunity-radiance.ngrok-free.dev/jadwal" class="kelola-jadwal-btn">\r\n
 <i class='bx bx-calendar'></i>\r\n
 <span>Kelola Jadwal</span>\r\n
 </a>\r\n
 </div>\r\n
\r\n
 \r\n
 <div class="calendar-row">\r\n
 \r\n
 <div class="date-card active" data-date="2026-06-02" data-day="Sel"\r\n
 data-num="02" data-month="Jun">\r\n
 <div class="date-active-top">\r\n
 <div class="date-num">02</div>\r\n
 <div class="date-divider"></div>\r\n
 <div style="text-align: left;">\r\n
 <div class="date-day">Sel</div>\r\n
 <div class="date-month">Jun</div>\r\n
 </div>\r\n
 </div>\r\n
 <div class="date-dots">\r\n
 </div>\r\n
 </div>\r\n
 \r\n
 <div class="date-card" data-date="2026-06-03" data-day="Rab"\r\n
 data-num="03" data-month="Jun">\r\n
 <div class="date-day">Rab</div>\r\n
 <div class="date-num">03</div>\r\n
 <div class="date-dots">\r\n
 </div>\r\n
 </div>\r\n
 \r\n
 <div class="date-card" data-date="2026-06-04" data-day="Kam"\r\n
 data-num="04" data-month="Jun">\r\n
 <div class="date-day">Kam</div>\r\n
 <div class="date-num">04</div>\r\n
 <div class="date-dots">\r\n
 </div>\r\n
 </div>\r\n
 \r\n
 <div class="date-card" data-date="2026-06-05" data-day="Jum"\r\n
 data-num="05" data-month="Jun">\r\n
 <div class="date-day">Jum</div>\r\n
 <div class="date-num">05</div>\r\n
 <div class="date-dots">\r\n
 </div>\r\n
 </div>\r\n
 \r\n
 <div class="date-card" data-date="2026-06-06" data-day="Sab"\r\n
 data-num="06" data-month="Jun">\r\n
 <div class="date-day">Sab</div>\r\n
 <div class="date-num">06</div>\r\n
 <div class="date-dots">\r\n
 </div>\r\n
 </div>\r\n
 \r\n
 <div class="date-card" data-date="2026-06-07" data-day="Min"\r\n
 data-num="07" data-month="Jun">\r\n
 <div class="date-day">Min</div>\r\n
 <div class="date-num">07</div>\r\n
 <div class="date-dots">\r\n
 </div>\r\n
 </div>\r\n
 \r\n
 <div class="date-card" data-date="2026-06-08" data-day="Sen"\r\n
 data-num="08" data-month="Jun">\r\n
 <div class="date-day">Sen</div>\r\n
 <div class="date-num">08</div>\r\n
 <div class="date-dots">\r\n
 </div>\r\n
 </div>\r\n
 </div>\r\n
\r\n
 <div class="schedule-details">\r\n
 <div class="schedule-column">\r\n
 <div class="section-subtitle"\r\n
 style="margin-bottom:1rem; color:white; font-weight:600; font-size: 1.1rem;">Jadwal saat ini\r\n
 </div>\r\n
 <div class="current-schedule">\r\n
 \r\n
 <div class="schedule-slider-container">\r\n
 <div class="schedule-slider" id="scheduleSlider">\r\n
 <div class="schedule-slide empty-state-slide"\r\n
 style="display: flex; flex-direction: column; align-items: center; justify-content: center; text-align: center; padding: 2rem; min-height: 180px; width: 100%;">\r\n
 <div style="font-size: 3rem; margin-bottom: 1rem; opacity: 0.8;">📅</div>\r\n
 <div\r\n
 style="font-size: 1.1rem; font-weight: 700; color: #fff; margin-bottom: 0.5rem;">\r\n
 Tidak Ada Jadwal Hari Ini</div>\r\n
 <div\r\n
 style="font-size: 0.85rem; color: #9ca3af; max-width: 250px; margin: 0 auto; line-height: 1.4;">\r\n
 Santai dulu, atau buat jadwal belajar baru di <a href="https://ninja-immunity-radiance.ngrok-free.dev/jadwal"\r\n
 style="color: #38b2ac; text-decoration: none; font-weight: 600; transition: color 0.2s;"\r\n
 onmouseover="this.style.color='#4fd1c5'"\r\n
 onmouseout="this.style.color='#38b2ac'">menu Jadwal</a>!</div>\r\n
 </div>\r\n
 </div>\r\n
 </div>\r\n
 </div>\r\n
 </div>\r\n
\r\n
 <div class="schedule-column">\r\n
 <div class="section-subtitle"\r\n
 style="margin-bottom:1rem; color:white; font-weight:600; font-size: 1.1rem;">Detail jadwal hari\r\n
 ini</div>\r\n
 <div class="schedule-list" id="scheduleList">\r\n
 <div\r\n
 style="display: flex; flex-direction: column; align-items: center; justify-content: center; text-align: center; padding: 2rem 1rem; background: rgba(255,255,255,0.02); border-radius: 20px; border: 1px dashed rgba(255,255,255,0.08); color: #9ca3af; min-height: 180px; height: 100%;">\r\n
 <div style="font-size: 2rem; margin-bottom: 0.5rem; opacity: 0.8;">✨</div>\r\n
 <div style="font-weight: 600; color: #fff; margin-bottom: 0.25rem;">Hari ini Bebas Belajar!\r\n
 </div>\r\n
 <div style="font-size: 0.8rem; color: #8b8591;">Kamu bebas membaca sub-materi apapun atau <a\r\n
 href="https://ninja-immunity-radiance.ngrok-free.dev/jadwal"\r\n
 style="color: #38b2ac; text-decoration: none; font-weight: 600; transition: color 0.2s;"\r\n
 onmouseover="this.style.color='#4fd1c5'"\r\n
 onmouseout="this.style.color='#38b2ac'">kelola jadwalmu</a>.</div>\r\n
 </div>\r\n
 </div>\r\n
 </div>\r\n
 </div>\r\n
 </div>\r\n
\r\n
 <!-- PROGRESS EMPTY CARDS -->\r\n
 <div>\r\n
 <div class="section-header">\r\n
 <h2 class="section-title">Kejar Rank Quota mu!!</h2>\r\n
 <p class="section-subtitle">Gasss!!, ayo kejar rank quota mu biar makin jago coding</p>\r\n
 </div>\r\n
 <div class="empty-cards-row">\r\n
 <div class="tier-progression-card current-tier" style="--tier-color: 168, 162, 158;">\r\n
 <div class="card-glow"></div>\r\n
 <div class="feather-texture">\r\n
 <svg viewBox="0 0 100 100" fill="none" xmlns="http://www.w3.org/2000/svg">\r\n
 <path d="M10 90C35 70 70 35 90 10" stroke="currentColor" stroke-width="2"\r\n
 stroke-linecap="round" opacity="0.8" />\r\n
 <path d="M22 78C12 70 8 60 10 50C15 62 25 70 30 71" stroke="currentColor" stroke-width="1.5"\r\n
 stroke-linecap="round" opacity="0.6" />\r\n
 <path d="M33 67C20 58 15 48 18 38C23 50 35 58 41 59" stroke="currentColor"\r\n
 stroke-width="1.5" stroke-linecap="round" opacity="0.6" />\r\n
 <path d="M45 55C32 45 28 35 30 25C35 37 47 45 53 46" stroke="currentColor"\r\n
 stroke-width="1.5" stroke-linecap="round" opacity="0.6" />\r\n
 <path d="M58 42C45 32 40 22 42 12C47 24 59 32 65 33" stroke="currentColor"\r\n
 stroke-width="1.5" stroke-linecap="round" opacity="0.6" />\r\n
 <path d="M22 78C32 82 42 82 50 78C40 74 30 74 25 75" stroke="currentColor"\r\n
 stroke-width="1.5" stroke-linecap="round" opacity="0.6" />\r\n
 <path d="M33 67C43 71 53 71 61 67C51 63 41 63 36 64" stroke="currentColor"\r\n
 stroke-width="1.5" stroke-linecap="round" opacity="0.6" />\r\n
 <path d="M45 55C65 59 65 59 73 55C63 51 53 51 48 52" stroke="currentColor"\r\n
 stroke-width="1.5" stroke-linecap="round" opacity="0.6" />\r\n
 <path d="M58 42C68 46 78 46 86 42C76 38 66 38 61 39" stroke="currentColor"\r\n
 stroke-width="1.5" stroke-linecap="round" opacity="0.6" />\r\n
 </svg>\r\n
 </div>\r\n
 <div class="card-content">\r\n
 <div class="card-header">\r\n
 <span class="badge-lv">LV. 1</span>\r\n
 <span class="label-tier">TIER</span>\r\n
 </div>\r\n
 <div class="tier-name">Initiate</div>\r\n
 </div>\r\n
 <span class="current-badge">Saat Ini</span>\r\n
 </div>\r\n
 <div class="tier-progression-card upcoming-tier" style="--tier-color: 34, 197, 94;">\r\n
 <div class="feather-texture mini">\r\n
 <svg viewBox="0 0 100 100" fill="none" xmlns="http://www.w3.org/2000/svg">\r\n
 <path d="M10 90C35 70 70 35 90 10" stroke="currentColor" stroke-width="2"\r\n
 stroke-linecap="round" opacity="0.8" />\r\n
 <path d="M22 78C12 70 8 60 10 50C15 62 25 70 30 71" stroke="currentColor" stroke-width="1.5"\r\n
 stroke-linecap="round" opacity="0.6" />\r\n
 <path d="M33 67C20 58 15 48 18 38C23 50 35 58 41 59" stroke="currentColor"\r\n
 stroke-width="1.5" stroke-linecap="round" opacity="0.6" />\r\n
 <path d="M45 55C32 45 28 35 30 25C35 37 47 45 53 46" stroke="currentColor"\r\n
 stroke-width="1.5" stroke-linecap="round" opacity="0.6" />\r\n
 <path d="M58 42C45 32 40 22 42 12C47 24 59 32 65 33" stroke="currentColor"\r\n
 stroke-width="1.5" stroke-linecap="round" opacity="0.6" />\r\n
 <path d="M22 78C32 82 42 82 50 78C40 74 30 74 25 75" stroke="currentColor"\r\n
 stroke-width="1.5" stroke-linecap="round" opacity="0.6" />\r\n
 <path d="M33 67C43 71 53 71 61 67C51 63 41 63 36 64" stroke="currentColor"\r\n
 stroke-width="1.5" stroke-linecap="round" opacity="0.6" />\r\n
 <path d="M45 55C65 59 65 59 73 55C63 51 53 51 48 52" stroke="currentColor"\r\n
 stroke-width="1.5" stroke-linecap="round" opacity="0.6" />\r\n
 <path d="M58 42C68 46 78 46 86 42C76 38 66 38 61 39" stroke="currentColor"\r\n
 stroke-width="1.5" stroke-linecap="round" opacity="0.6" />\r\n
 </svg>\r\n
 </div>\r\n
 <div class="card-content mini">\r\n
 <div class="card-header">\r\n
 <span class="badge-lv">LV. 2</span>\r\n
 <span class="label-tier">TIER</span>\r\n
 </div>\r\n
 <div class="tier-name">Explorer</div>\r\n
 </div>\r\n
 </div>\r\n
 <div class="tier-progression-card upcoming-tier" style="--tier-color: 59, 130, 246;">\r\n
 <div class="feather-texture mini">\r\n
 <svg viewBox="0 0 100 100" fill="none" xmlns="http://www.w3.org/2000/svg">\r\n
 <path d="M10 90C35 70 70 35 90 10" stroke="currentColor" stroke-width="2"\r\n
 stroke-linecap="round" opacity="0.8" />\r\n
 <path d="M22 78C12 70 8 60 10 50C15 62 25 70 30 71" stroke="currentColor" stroke-width="1.5"\r\n
 stroke-linecap="round" opacity="0.6" />\r\n
 <path d="M33 67C20 58 15 48 18 38C23 50 35 58 41 59" stroke="currentColor"\r\n
 stroke-width="1.5" stroke-linecap="round" opacity="0.6" />\r\n
 <path d="M45 55C32 45 28 35 30 25C35 37 47 45 53 46" stroke="currentColor"\r\n
 stroke-width="1.5" stroke-linecap="round" opacity="0.6" />\r\n
 <path d="M58 42C45 32 40 22 42 12C47 24 59 32 65 33" stroke="currentColor"\r\n
 stroke-width="1.5" stroke-linecap="round" opacity="0.6" />\r\n
 <path d="M22 78C32 82 42 82 50 78C40 74 30 74 25 75" stroke="currentColor"\r\n
 stroke-width="1.5" stroke-linecap="round" opacity="0.6" />\r\n
 <path d="M33 67C43 71 53 71 61 67C51 63 41 63 36 64" stroke="currentColor"\r\n
 stroke-width="1.5" stroke-linecap="round" opacity="0.6" />\r\n
 <path d="M45 55C65 59 65 59 73 55C63 51 53 51 48 52" stroke="currentColor"\r\n
 stroke-width="1.5" stroke-linecap="round" opacity="0.6" />\r\n
 <path d="M58 42C68 46 78 46 86 42C76 38 66 38 61 39" stroke="currentColor"\r\n
 stroke-width="1.5" stroke-linecap="round" opacity="0.6" />\r\n
 </svg>\r\n
 </div>\r\n
 <div class="card-content mini">\r\n
 <div class="card-header">\r\n
 <span class="badge-lv">LV. 6</span>\r\n
 <span class="label-tier">TIER</span>\r\n
 </div>\r\n
 <div class="tier-name">Operator</div>\r\n
 </div>\r\n
 </div>\r\n
 <div class="tier-progression-card upcoming-tier" style="--tier-color: 139, 92, 246;">\r\n
 <div class="feather-texture mini">\r\n
 <svg viewBox="0 0 100 100" fill="none" xmlns="http://www.w3.org/2000/svg">\r\n
 <path d="M10 90C35 70 70 35 90 10" stroke="currentColor" stroke-width="2"\r\n
 stroke-linecap="round" opacity="0.8" />\r\n
 <path d="M22 78C12 70 8 60 10 50C15 62 25 70 30 71" stroke="currentColor" stroke-width="1.5"\r\n
 stroke-linecap="round" opacity="0.6" />\r\n
 <path d="M33 67C20 58 15 48 18 38C23 50 35 58 41 59" stroke="currentColor"\r\n
 stroke-width="1.5" stroke-linecap="round" opacity="0.6" />\r\n
 <path d="M45 55C32 45 28 35 30 25C35 37 47 45 53 46" stroke="currentColor"\r\n
 stroke-width="1.5" stroke-linecap="round" opacity="0.6" />\r\n
 <path d="M58 42C45 32 40 22 42 12C47 24 59 32 65 33" stroke="currentColor"\r\n
 stroke-width="1.5" stroke-linecap="round" opacity="0.6" />\r\n
 <path d="M22 78C32 82 42 82 50 78C40 74 30 74 25 75" stroke="currentColor"\r\n
 stroke-width="1.5" stroke-linecap="round" opacity="0.6" />\r\n
 <path d="M33 67C43 71 53 71 61 67C51 63 41 63 36 64" stroke="currentColor"\r\n
 stroke-width="1.5" stroke-linecap="round" opacity="0.6" />\r\n
 <path d="M45 55C65 59 65 59 73 55C63 51 53 51 48 52" stroke="currentColor"\r\n
 stroke-width="1.5" stroke-linecap="round" opacity="0.6" />\r\n
 <path d="M58 42C68 46 78 46 86 42C76 38 66 38 61 39" stroke="currentColor"\r\n
 stroke-width="1.5" stroke-linecap="round" opacity="0.6" />\r\n
 </svg>\r\n
 </div>\r\n
 <div class="card-content mini">\r\n
 <div class="card-header">\r\n
 <span class="badge-lv">LV. 11</span>\r\n
 <span class="label-tier">TIER</span>\r\n
 </div>\r\n
 <div class="tier-name">Technician</div>\r\n
 </div>\r\n
 </div>\r\n
 <div class="tier-progression-card upcoming-tier" style="--tier-color: 236, 72, 153;">\r\n
 <div class="feather-texture mini">\r\n
 <svg viewBox="0 0 100 100" fill="none" xmlns="http://www.w3.org/2000/svg">\r\n
 <path d="M10 90C35 70 70 35 90 10" stroke="currentColor" stroke-width="2"\r\n
 stroke-linecap="round" opacity="0.8" />\r\n
 <path d="M22 78C12 70 8 60 10 50C15 62 25 70 30 71" stroke="currentColor" stroke-width="1.5"\r\n
 stroke-linecap="round" opacity="0.6" />\r\n
 <path d="M33 67C20 58 15 48 18 38C23 50 35 58 41 59" stroke="currentColor"\r\n
 stroke-width="1.5" stroke-linecap="round" opacity="0.6" />\r\n
 <path d="M45 55C32 45 28 35 30 25C35 37 47 45 53 46" stroke="currentColor"\r\n
 stroke-width="1.5" stroke-linecap="round" opacity="0.6" />\r\n
 <path d="M58 42C45 32 40 22 42 12C47 24 59 32 65 33" stroke="currentColor"\r\n
 stroke-width="1.5" stroke-linecap="round" opacity="0.6" />\r\n
 <path d="M22 78C32 82 42 82 50 78C40 74 30 74 25 75" stroke="currentColor"\r\n
 stroke-width="1.5" stroke-linecap="round" opacity="0.6" />\r\n
 <path d="M33 67C43 71 53 71 61 67C51 63 41 63 36 64" stroke="currentColor"\r\n
 stroke-width="1.5" stroke-linecap="round" opacity="0.6" />\r\n
 <path d="M45 55C65 59 65 59 73 55C63 51 53 51 48 52" stroke="currentColor"\r\n
 stroke-width="1.5" stroke-linecap="round" opacity="0.6" />\r\n
 <path d="M58 42C68 46 78 46 86 42C76 38 66 38 61 39" stroke="currentColor"\r\n
 stroke-width="1.5" stroke-linecap="round" opacity="0.6" />\r\n
 </svg>\r\n
 </div>\r\n
 <div class="card-content mini">\r\n
 <div class="card-header">\r\n
 <span class="badge-lv">LV. 21</span>\r\n
 <span class="label-tier">TIER</span>\r\n
 </div>\r\n
 <div class="tier-name">Specialist</div>\r\n
 </div>\r\n
 </div>\r\n
 </div>\r\n
 </div>\r\n
\r\n
 <!-- SEASON DYNAMIC -->\r\n
 <div>\r\n
 <div class="section-header">\r\n
 <h2 class="section-title">Season 1</h2>\r\n
 <p class="section-subtitle">season kali ini akan berakhir sesuai timer nya yak!!</p>\r\n
 </div>\r\n
\r\n
 <div class="season-timers" data-season-end="2026-06-30T23:59:59+07:00">\r\n
 <div class="season-row">\r\n
 <div class="season-label">Hari</div>\r\n
 <div class="season-bar-container">\r\n
 <div class="season-bar-track"></div>\r\n
 <div class="season-bar-fill" id="seasonDays" style="width: 0%;">0</div>\r\n
 </div>\r\n
 </div>\r\n
 <div class="season-row">\r\n
 <div class="season-label">Jam</div>\r\n
 <div class="season-bar-container">\r\n
 <div class="season-bar-track"></div>\r\n
 <div class="season-bar-fill" id="seasonHours" style="width: 0%;">0</div>\r\n
 </div>\r\n
 </div>\r\n
 <div class="season-row">\r\n
 <div class="season-label">Menit</div>\r\n
 <div class="season-bar-container">\r\n
 <div class="season-bar-track"></div>\r\n
 <div class="season-bar-fill" id="seasonMinutes" style="width: 0%;">0</div>\r\n
 </div>\r\n
 </div>\r\n
 <div class="season-row">\r\n
 <div class="season-label">Detik</div>\r\n
 <div class="season-bar-container">\r\n
 <div class="season-bar-track"></div>\r\n
 <div class="season-bar-fill" id="seasonSeconds" style="width: 0%;">0</div>\r\n
 </div>\r\n
 </div>\r\n
 </div>\r\n
 </div>\r\n
\r\n
 <!-- LEADERBOARD -->\r\n
 <div>\r\n
 <div class="section-header">\r\n
 <h2 class="section-title">Leaderboard Global</h2>\r\n
 <p class="section-subtitle">Leaderboard ini akan di reset di akhir season yak!!</p>\r\n
 </div>\r\n
\r\n
 <div class="leaderboard-list">\r\n
\r\n
 <!-- Rank 1 -->\r\n
 <div class="leaderboard-item rank-1 active-user">\r\n
 <div class="lb-rank">\r\n
 <span class="rank-num">01</span>\r\n
 </div>\r\n
 <div class="lb-card">\r\n
 <div class="lb-avatar"\r\n
 style="background: url('https://ui-avatars.com/api/?name=Annie+Bergstrom&background=random') center/cover;">\r\n
 </div>\r\n
 <div class="lb-info">\r\n
 <div class="lb-name">Annie Bergstrom\r\n
 \r\n
 </div>\r\n
 <div class="lb-role"><span\r\n
 class="user-tier-display">Initiate</span>\r\n
 </div>\r\n
 </div>\r\n
 <div class="lb-exp"><span\r\n
 class="user-exp-display">0</span>\r\n
 <span>EXP</span>\r\n
 </div>\r\n
 <div class="you-text">Me</div>\r\n
 </div>\r\n
 </div>\r\n
 </div>\r\n
\r\n
 <!-- Current User Card (Fixed below scroll area) -->\r\n
 <div class="leaderboard-item active-user current-user-lb-card" style="margin-top: 1rem;">\r\n
 <div class="lb-rank" style="background: #312b36;">\r\n
 <span class="rank-num">01</span>\r\n
 </div>\r\n
 <div class="lb-card" style="flex: 1; background: #3a3440; box-shadow: 0 -4px 20px rgba(0,0,0,0.3);">\r\n
 <div class="lb-avatar"\r\n
 style="background: url('https://ui-avatars.com/api/?name=Annie+Bergstrom&background=random') center/cover;">\r\n
 </div>\r\n
 <div class="lb-info">\r\n
 <div class="lb-name">Annie Bergstrom\r\n
 \r\n
 </div>\r\n
 <div class="lb-role"><span\r\n
 class="user-tier-display">Initiate</span>\r\n
 </div>\r\n
 </div>\r\n
 <div class="lb-exp"><span\r\n
 class="user-exp-display">0</span>\r\n
 <span>EXP</span>\r\n
 </div>\r\n
 <div class="you-text">Me</div>\r\n
 </div>\r\n
 </div>\r\n
 </div>\r\n
\r\n
 </div>\r\n
\r\n
 <!-- Pindahkan buddy-sentences.js ke sini agar bisa digunakan oleh initBuddySystem -->\r\n
 <script src="https://ninja-immunity-radiance.ngrok-free.dev/js/buddy-sentences.js"></script>\r\n
\r\n
 <!-- FLOATING BUDDY WIDGET (Phase 9) dipindah ke atas agar DOM-nya terbaca sebelum JS berjalan -->\r\n
 <div id="buddy-floating-widget" role="button" aria-label="Kembali ke Buddy" title="Kembali ke Buddy">\r\n
 <img id="buddy-float-avatar" src="" alt="Buddy">\r\n
 <div class="buddy-float-info">\r\n
 <span class="buddy-float-name" id="buddy-float-name">Buddy</span>\r\n
 <span class="buddy-float-hint">Online</span>\r\n
 </div>\r\n
 <i class="fas fa-arrow-up buddy-float-scroll-icon"></i>\r\n
 </div>\r\n
\r\n
 <script>\r\n
 const ALL_TIERS_DATA = [{"name":"Initiate","level":1,"color":"168, 162, 158"},{"name":"Explorer","level":2,"color":"34, 197, 94"},{"name":"Operator","level":6,"color":"59, 130, 246"},{"name":"Technician","level":11,"color":"139, 92, 246"},{"name":"Specialist","level":21,"color":"236, 72, 153"},{"name":"Professional","level":36,"color":"239, 68, 68"},{"name":"Senior Professional","level":56,"color":"249, 115, 22"},{"name":"Lead Engineer","level":81,"color":"234, 179, 8"},{"name":"Architect","level":111,"color":"6, 182, 212"},{"name":"Principal","level":141,"color":"15, 118, 110"},{"name":"Strategist","level":171,"color":"225, 29, 72"},{"name":"Visionary","level":196,"color":"218, 165, 32"}];\r\n
\r\n
 window.syncTierProgressionUI = function(newTierName) {\r\n
 let currentIndex = 0;\r\n
 for (let i = 0; i < ALL_TIERS_DATA.length; i++) {\r\n
 if (ALL_TIERS_DATA[i].name === newTierName) {\r\n
 currentIndex = i;\r\n
 break;\r\n
 }\r\n
 }\r\n
\r\n
 let startIdx = currentIndex;\r\n
 if (startIdx + 5 > ALL_TIERS_DATA.length) {\r\n
 startIdx = Math.max(0, ALL_TIERS_DATA.length - 5);\r\n
 }\r\n
\r\n
 const displayTiers = ALL_TIERS_DATA.slice(startIdx, startIdx + 5);\r\n
 const container = document.querySelector('.empty-cards-row');\r\n
 if (container) {\r\n
 let html = '';\r\n
 displayTiers.forEach((t, index) => {\r\n
 if (t.name === newTierName) {\r\n
 html += `\r\n
 <div class="tier-progression-card current-tier" style="--tier-color: ${t.color};">\r\n
 <div class="card-glow"></div>\r\n
 <div class="feather-texture">\r\n
 <svg viewBox="0 0 100 100" fill="none" xmlns="http://www.w3.org/2000/svg">\r\n
 <path d="M10 90C35 70 70 35 90 10" stroke="currentColor" stroke-width="2" stroke-linecap="round" opacity="0.8" />\r\n
 <path d="M22 78C12 70 8 60 10 50C15 62 25 70 30 71" stroke="currentColor" stroke-width="1.5" stroke-linecap="round" opacity="0.6" />\r\n
 <path d="M33 67C20 58 15 48 18 38C23 50 35 58 41 59" stroke="currentColor" stroke-width="1.5" stroke-linecap="round" opacity="0.6" />\r\n
 <path d="M45 55C32 45 28 35 30 25C35 37 47 45 53 46" stroke="currentColor" stroke-width="1.5" stroke-linecap="round" opacity="0.6" />\r\n
 <path d="M58 42C45 32 40 22 42 12C47 24 59 32 65 33" stroke="currentColor" stroke-width="1.5" stroke-linecap="round" opacity="0.6" />\r\n
 <path d="M22 78C32 82 42 82 50 78C40 74 30 74 25 75" stroke="currentColor" stroke-width="1.5" stroke-linecap="round" opacity="0.6" />\r\n
 <path d="M33 67C43 71 53 71 61 67C51 63 41 63 36 64" stroke="currentColor" stroke-width="1.5" stroke-linecap="round" opacity="0.6" />\r\n
 <path d="M45 55C65 59 65 59 73 55C63 51 53 51 48 52" stroke="currentColor" stroke-width="1.5" stroke-linecap="round" opacity="0.6" />\r\n
 <path d="M58 42C68 46 78 46 86 42C76 38 66 38 61 39" stroke="currentColor" stroke-width="1.5" stroke-linecap="round" opacity="0.6" />\r\n
 </svg>\r\n
 </div>\r\n
 <div class="card-content">\r\n
 <div class="card-header">\r\n
 <span class="badge-lv">LV. ${t.level}</span>\r\n
 <span class="label-tier">TIER</span>\r\n
 </div>\r\n
 <div class="tier-name">${t.name}</div>\r\n
 </div>\r\n
 <span class="current-badge">Saat Ini</span>\r\n
 </div>`;\r\n
 } else {\r\n
 html += `\r\n
 <div class="tier-progression-card upcoming-tier" style="--tier-color: ${t.color};">\r\n
 <div class="feather-texture mini">\r\n
 <svg viewBox="0 0 100 100" fill="none" xmlns="http://www.w3.org/2000/svg">\r\n
 <path d="M10 90C35 70 70 35 90 10" stroke="currentColor" stroke-width="2" stroke-linecap="round" opacity="0.8" />\r\n
 <path d="M22 78C12 70 8 60 10 50C15 62 25 70 30 71" stroke="currentColor" stroke-width="1.5" stroke-linecap="round" opacity="0.6" />\r\n
 <path d="M33 67C20 58 15 48 18 38C23 50 35 58 41 59" stroke="currentColor" stroke-width="1.5" stroke-linecap="round" opacity="0.6" />\r\n
 <path d="M45 55C32 45 28 35 30 25C35 37 47 45 53 46" stroke="currentColor" stroke-width="1.5" stroke-linecap="round" opacity="0.6" />\r\n
 <path d="M58 42C45 32 40 22 42 12C47 24 59 32 65 33" stroke="currentColor" stroke-width="1.5" stroke-linecap="round" opacity="0.6" />\r\n
 <path d="M22 78C32 82 42 82 50 78C40 74 30 74 25 75" stroke="currentColor" stroke-width="1.5" stroke-linecap="round" opacity="0.6" />\r\n
 <path d="M33 67C43 71 53 71 61 67C51 63 41 63 36 64" stroke="currentColor" stroke-width="1.5" stroke-linecap="round" opacity="0.6" />\r\n
 <path d="M45 55C65 59 65 59 73 55C63 51 53 51 48 52" stroke="currentColor" stroke-width="1.5" stroke-linecap="round" opacity="0.6" />\r\n
 <path d="M58 42C68 46 78 46 86 42C76 38 66 38 61 39" stroke="currentColor" stroke-width="1.5" stroke-linecap="round" opacity="0.6" />\r\n
 </svg>\r\n
 </div>\r\n
 <div class="card-content mini">\r\n
 <div class="card-header">\r\n
 <span class="badge-lv">LV. ${t.level}</span>\r\n
 <span class="label-tier">TIER</span>\r\n
 </div>\r\n
 <div class="tier-name">${t.name}</div>\r\n
 </div>\r\n
 </div>`;\r\n
 }\r\n
 });\r\n
 container.innerHTML = html;\r\n
 }\r\n
\r\n
 // Sync other tier displays\r\n
 document.querySelectorAll('.user-tier-display').forEach(el => {\r\n
 el.textContent = newTierName;\r\n
 });\r\n
\r\n
 // Sync new-tier-card color if exists\r\n
 const currentTierObj = ALL_TIERS_DATA[currentIndex];\r\n
 if (currentTierObj) {\r\n
 const newTierCard = document.querySelector('.new-tier-card');\r\n
 if (newTierCard) {\r\n
 newTierCard.style.setProperty('--tier-color', currentTierObj.color);\r\n
 }\r\n
 }\r\n
 }\r\n
 function initDashboardJs() {\r\n
 // Hero Clock Update\r\n
 const updateHeroClock = () => {\r\n
 const now = new Date();\r\n
 const hours = String(now.getHours()).padStart(2, '0');\r\n
 const minutes = String(now.getMinutes()).padStart(2, '0');\r\n
\r\n
 const hourEl = document.getElementById('hero-clock-hours');\r\n
 const minEl = document.getElementById('hero-clock-minutes');\r\n
\r\n
 if (hourEl) hourEl.textContent = hours;\r\n
 if (minEl) minEl.textContent = minutes;\r\n
 };\r\n
 updateHeroClock();\r\n
 if (window.heroClockInterval) clearInterval(window.heroClockInterval);\r\n
 window.heroClockInterval = setInterval(updateHeroClock, 1000);\r\n
\r\n
 // Interaktivitas untuk bagian Materi Belajar (Accordion effect) menggunakan Event Delegation\r\n
 if (!window.materialCardBound) {\r\n
 window.materialCardBound = true;\r\n
 document.addEventListener('click', function (e) {\r\n
 const card = e.target.closest('.material-card');\r\n
 if (!card) return;\r\n
\r\n
 // Jika klik terjadi pada tombol di dalam konten yang diperluas, jangan lakukan collapse\r\n
 if (e.target.closest('.btn-white') || e.target.closest('.lesson-card') || e.target.closest('.dashboard-timeline-scroll')) return;\r\n
\r\n
 // Jika kartu yang diklik sudah aktif, kita tutup (toggle off)\r\n
 if (card.classList.contains('expanded')) {\r\n
 card.classList.remove('expanded');\r\n
 card.classList.add('collapsed');\r\n
 return;\r\n
 }\r\n
\r\n
 // Tutup semua kartu (jadikan collapsed)\r\n
 document.querySelectorAll('.material-card').forEach(c => {\r\n
 c.classList.remove('expanded');\r\n
 c.classList.add('collapsed');\r\n
 });\r\n
\r\n
 // Buka kartu yang baru saja diklik\r\n
 card.classList.remove('collapsed');\r\n
 card.classList.add('expanded');\r\n
 });\r\n
 }\r\n
\r\n
 // Export schedules collection to JS\r\n
 const allSchedules = [];\r\n
 let selectedDate = new Date();\r\n
\r\n
 // Date Formatting utility (YYYY-MM-DD)\r\n
 function formatDateYYYYMMDD(date) {\r\n
 const y = date.getFullYear();\r\n
 const m = String(date.getMonth() + 1).padStart(2, '0');\r\n
 const d = String(date.getDate()).padStart(2, '0');\r\n
 return `${y}-${m}-${d}`;\r\n
 }\r\n
\r\n
 // Duration calculator utility\r\n
 function getDurationStr(startTime, endTime) {\r\n
 const [startH, startM] = startTime.split(':').map(Number);\r\n
 const [endH, endM] = endTime.split(':').map(Number);\r\n
\r\n
 let diffMinutes = (endH * 60 + endM) - (startH * 60 + startM);\r\n
 if (diffMinutes < 0) {\r\n
 diffMinutes += 24 * 60; // next day\r\n
 }\r\n
\r\n
 const hours = Math.floor(diffMinutes / 60);\r\n
 const mins = diffMinutes % 60;\r\n
\r\n
 let str = '';\r\n
 if (hours > 0) {\r\n
 str += hours + ' jam ';\r\n
 }\r\n
 if (mins > 0 || hours === 0) {\r\n
 str += mins + ' menit';\r\n
 }\r\n
 return str.trim();\r\n
 }\r\n
\r\n
 // Client-side schedules recurrence evaluator\r\n
 function isScheduleActiveOnDate(sch, date) {\r\n
 const dayNames = ['Min', 'Sen', 'Sel', 'Rab', 'Kam', 'Jum', 'Sab'];\r\n
 const dayName = dayNames[date.getDay()];\r\n
\r\n
 const d = date.getDate();\r\n
 const w = Math.ceil(d / 7);\r\n
 const weekStr = 'Minggu ' + w;\r\n
 const weekStrShort = 'M' + w;\r\n
\r\n
 const monthNames = ['Jan', 'Feb', 'Mar', 'Apr', 'Mei', 'Jun', 'Jul', 'Ags', 'Sep', 'Okt', 'Nov', 'Des'];\r\n
 const monthName = monthNames[date.getMonth()];\r\n
\r\n
 let config = sch.routine_config;\r\n
 if (typeof config === 'string') {\r\n
 try { config = JSON.parse(config); } catch (e) { config = {}; }\r\n
 }\r\n
 config = config || {};\r\n
\r\n
 if (sch.routine_type === 'Harian') {\r\n
 const days = config.days || [];\r\n
 return days.length === 0 || days.includes(dayName);\r\n
 } else if (sch.routine_type === 'Mingguan') {\r\n
 const days = config.days || [];\r\n
 const weeks = config.weeks || [];\r\n
 return days.includes(dayName) && (weeks.includes(weekStr) || weeks.includes('Tiap Minggu'));\r\n
 } else if (sch.routine_type === 'Bulanan') {\r\n
 const months = config.months || [];\r\n
 const weeks = config.weeks || [];\r\n
 return months.includes(monthName) && weeks.includes(weekStrShort);\r\n
 } else if (sch.routine_type === 'Custom') {\r\n
 const customDate = config.date || '';\r\n
 const yyyymmdd = formatDateYYYYMMDD(date);\r\n
 return customDate === yyyymmdd;\r\n
 }\r\n
 return false;\r\n
 }\r\n
\r\n
 // Get active schedules for date helper\r\n
 function getActiveSchedulesForDate(date) {\r\n
 return allSchedules.filter(sch => isScheduleActiveOnDate(sch, date));\r\n
 }\r\n
\r\n
 // Get schedules status classification helper\r\n
 function classifyScheduleStatusForDate(sch, date) {\r\n
 const today = new Date();\r\n
 const selectedDateStr = formatDateYYYYMMDD(date);\r\n
 const todayDateStr = formatDateYYYYMMDD(today);\r\n
\r\n
 if (selectedDateStr < todayDateStr) {\r\n
 return { label: 'Selesai' };\r\n
 } else if (selectedDateStr > todayDateStr) {\r\n
 return { label: 'Nanti' };\r\n
 } else {\r\n
 const currentH = today.getHours();\r\n
 const currentM = today.getMinutes();\r\n
 const currentTimeStr = String(currentH).padStart(2, '0') + ':' + String(currentM).padStart(2, '0');\r\n
 const start = sch.start_time.substring(0, 5);\r\n
 const end = sch.end_time.substring(0, 5);\r\n
\r\n
 if (currentTimeStr >= start && currentTimeStr <= end) {\r\n
 return { label: 'Saat ini' };\r\n
 } else if (currentTimeStr > end) {\r\n
 return { label: 'Selesai' };\r\n
 } else {\r\n
 return { label: 'Nanti' };\r\n
 }\r\n
 }\r\n
 }\r\n
\r\n
 // Rebuild card helper for active/inactive HTML structure\r\n
 function rebuildCardHtml(card, isActive) {\r\n
 const day = card.getAttribute('data-day');\r\n
 const num = card.getAttribute('data-num');\r\n
 const month = card.getAttribute('data-month');\r\n
 const dotsEl = card.querySelector('.date-dots');\r\n
 const dotsHtml = dotsEl ? dotsEl.innerHTML : '';\r\n
\r\n
 if (isActive) {\r\n
 card.innerHTML = `\r\n
 <div class="date-active-top">\r\n
 <div class="date-num">${num}</div>\r\n
 <div class="date-divider"></div>\r\n
 <div style="text-align: left;">\r\n
 <div class="date-day">${day}</div>\r\n
 <div class="date-month">${month}</div>\r\n
 </div>\r\n
 </div>\r\n
 <div class="date-dots">\r\n
 ${dotsHtml}\r\n
 </div>\r\n
 `;\r\n
 } else {\r\n
 card.innerHTML = `\r\n
 <div class="date-day">${day}</div>\r\n
 <div class="date-num">${num}</div>\r\n
 <div class="date-dots">\r\n
 ${dotsHtml}\r\n
 </div>\r\n
 `;\r\n
 }\r\n
 }\r\n
\r\n
 // Interaktivitas untuk Slider & Detail Jadwal (Dynamic update)\r\n
 let currentScheduleIndex = 0;\r\n
 const slider = document.getElementById('scheduleSlider');\r\n
 const prevBtn = document.getElementById('prevScheduleBtn');\r\n
 const nextBtn = document.getElementById('nextScheduleBtn');\r\n
 const controls = document.querySelector('.slider-controls');\r\n
\r\n
 function updateSliderNavigation() {\r\n
 if (!slider) return;\r\n
 const total = slider.children.length;\r\n
\r\n
 if (controls) {\r\n
 if (total > 1 && !slider.children[0].classList.contains('empty-state-slide')) {\r\n
 controls.style.display = 'flex';\r\n
 } else {\r\n
 controls.style.display = 'none';\r\n
 }\r\n
 }\r\n
\r\n
 currentScheduleIndex = 0;\r\n
 for (let i = 0; i < total; i++) {\r\n
 if (slider.children[i].getAttribute('data-status') === 'saat_ini') {\r\n
 currentScheduleIndex = i;\r\n
 break;\r\n
 }\r\n
 }\r\n
 slider.style.transform = `translateX(-${currentScheduleIndex * 100}%)`;\r\n
 }\r\n
\r\n
 if (prevBtn && nextBtn) {\r\n
 nextBtn.addEventListener('click', function () {\r\n
 if (!slider) return;\r\n
 const total = slider.children.length;\r\n
 if (total <= 1) return;\r\n
 currentScheduleIndex = (currentScheduleIndex + 1) % total;\r\n
 slider.style.transform = `translateX(-${currentScheduleIndex * 100}%)`;\r\n
 });\r\n
\r\n
 prevBtn.addEventListener('click', function () {\r\n
 if (!slider) return;\r\n
 const total = slider.children.length;\r\n
 if (total <= 1) return;\r\n
 currentScheduleIndex = (currentScheduleIndex - 1 + total) % total;\r\n
 slider.style.transform = `translateX(-${currentScheduleIndex * 100}%)`;\r\n
 });\r\n
 }\r\n
\r\n
 // Update main schedules HTML layouts dynamically\r\n
 function updateDashboardSchedules(date) {\r\n
 const activeSchedules = getActiveSchedulesForDate(date);\r\n
 activeSchedules.sort((a, b) => a.start_time.localeCompare(b.start_time));\r\n
\r\n
 const today = new Date();\r\n
 const selectedDateStr = formatDateYYYYMMDD(date);\r\n
 const todayDateStr = formatDateYYYYMMDD(today);\r\n
\r\n
 let classified = [];\r\n
 let nextScheduleFound = false;\r\n
\r\n
 activeSchedules.forEach(sch => {\r\n
 const start = sch.start_time.substring(0, 5);\r\n
 const end = sch.end_time.substring(0, 5);\r\n
\r\n
 let status = 'nanti';\r\n
 let statusLabel = 'Nanti';\r\n
 let statusDotColor = '#3b82f6';\r\n
\r\n
 if (selectedDateStr < todayDateStr) {\r\n
 status = 'selesai';\r\n
 statusLabel = 'Selesai';\r\n
 statusDotColor = '#a855f7';\r\n
 } else if (selectedDateStr > todayDateStr) {\r\n
 status = 'nanti';\r\n
 statusLabel = 'Nanti';\r\n
 statusDotColor = '#3b82f6';\r\n
 } else {\r\n
 const currentH = today.getHours();\r\n
 const currentM = today.getMinutes();\r\n
 const currentTimeStr = String(currentH).padStart(2, '0') + ':' + String(currentM).padStart(2, '0');\r\n
\r\n
 if (currentTimeStr >= start && currentTimeStr <= end) {\r\n
 status = 'saat_ini';\r\n
 statusLabel = 'Saat ini';\r\n
 statusDotColor = '#38b2ac';\r\n
 } else if (currentTimeStr > end) {\r\n
 status = 'selesai';\r\n
 statusLabel = 'Selesai';\r\n
 statusDotColor = '#a855f7';\r\n
 } else {\r\n
 status = 'pending';\r\n
 }\r\n
 }\r\n
\r\n
 let config = sch.routine_config;\r\n
 if (typeof config === 'string') {\r\n
 try { config = JSON.parse(config); } catch (e) { config = {}; }\r\n
 }\r\n
 config = config || {};\r\n
 const schColor = config.color || null;\r\n
 if (schColor) {\r\n
 if (schColor === 'green') statusDotColor = '#38b2ac';\r\n
 else if (schColor === 'purple') statusDotColor = '#a855f7';\r\n
 else if (schColor === 'blue') statusDotColor = '#3b82f6';\r\n
 else if (schColor === 'white') statusDotColor = '#e5e7eb';\r\n
 }\r\n
\r\n
 classified.push({\r\n
 model: sch,\r\n
 status: status,\r\n
 statusLabel: statusLabel,\r\n
 statusDotColor: statusDotColor,\r\n
 start: start,\r\n
 end: end,\r\n
 durationStr: getDurationStr(sch.start_time, sch.end_time)\r\n
 });\r\n
 });\r\n
\r\n
 if (selectedDateStr === todayDateStr) {\r\n
 classified.forEach(item => {\r\n
 if (item.status === 'pending') {\r\n
 if (!nextScheduleFound) {\r\n
 item.status = 'selanjutnya';\r\n
 item.statusLabel = 'Selanjutnya';\r\n
 item.statusDotColor = '#e5e7eb';\r\n
 nextScheduleFound = true;\r\n
 } else {\r\n
 item.status = 'nanti';\r\n
 item.statusLabel = 'Nanti';\r\n
 item.statusDotColor = '#3b82f6';\r\n
 }\r\n
 }\r\n
 });\r\n
 } else {\r\n
 classified.forEach(item => {\r\n
 if (item.status === 'pending') {\r\n
 item.status = 'nanti';\r\n
 item.statusLabel = 'Nanti';\r\n
 item.statusDotColor = '#3b82f6';\r\n
 }\r\n
 });\r\n
 }\r\n
\r\n
 const sliderEl = document.getElementById('scheduleSlider');\r\n
 const listEl = document.getElementById('scheduleList');\r\n
\r\n
 if (sliderEl) {\r\n
 sliderEl.innerHTML = '';\r\n
 if (classified.length > 0) {\r\n
 classified.forEach(cs => {\r\n
 const sch = cs.model;\r\n
 let timerHtml = '';\r\n
 if (cs.status === 'saat_ini') {\r\n
 timerHtml = `<span class="countdown-timer" data-end="${cs.end}">--:--:--</span><div class="timer-sub">waktu<br>tersisa</div>`;\r\n
 } else if (cs.status === 'selesai') {\r\n
 timerHtml = `<span>Selesai</span><div class="timer-sub">telah<br>berakhir</div>`;\r\n
 } else {\r\n
 timerHtml = `<span>0:00:00</span><div class="timer-sub">belum<br>dimulai</div>`;\r\n
 }\r\n
\r\n
 const slideEl = document.createElement('div');\r\n
 slideEl.className = 'schedule-slide';\r\n
 slideEl.setAttribute('data-status', cs.status);\r\n
 slideEl.setAttribute('data-start', cs.start);\r\n
 slideEl.setAttribute('data-end', cs.end);\r\n
 slideEl.innerHTML = `\r\n
 <div class="timer-tags">\r\n
 <div class="tag">\r\n
 <div class="tag-dot" style="background: ${cs.statusDotColor}; box-shadow: 0 0 10px ${cs.statusDotColor}90;"></div> ${cs.statusLabel.toLowerCase()}\r\n
 </div>\r\n
 <div class="tag">${cs.durationStr}</div>\r\n
 </div>\r\n
 <div class="timer-display">\r\n
 ${timerHtml}\r\n
 </div>\r\n
 <div class="current-subject">${sch.title}</div>\r\n
 `;\r\n
 sliderEl.appendChild(slideEl);\r\n
 });\r\n
 } else {\r\n
 sliderEl.innerHTML = `\r\n
 <div class="schedule-slide empty-state-slide" style="display: flex; flex-direction: column; align-items: center; justify-content: center; text-align: center; padding: 2rem; min-height: 180px; width: 100%;">\r\n
 <div style="font-size: 3rem; margin-bottom: 1rem; opacity: 0.8;">📅</div>\r\n
 <div style="font-size: 1.1rem; font-weight: 700; color: #fff; margin-bottom: 0.5rem;">Tidak Ada Jadwal</div>\r\n
 <div style="font-size: 0.85rem; color: #9ca3af; max-width: 250px; margin: 0 auto; line-height: 1.4;">Santai dulu, atau buat jadwal belajar baru di <a href="/jadwal" style="color: #38b2ac; text-decoration: none; font-weight: 600; transition: color 0.2s;" onmouseover="this.style.color='#4fd1c5'" onmouseout="this.style.color='#38b2ac'">menu Jadwal</a>!</div>\r\n
 </div>\r\n
 `;\r\n
 }\r\n
 }\r\n
\r\n
 if (listEl) {\r\n
 listEl.innerHTML = '';\r\n
 if (classified.length > 0) {\r\n
 classified.forEach(cs => {\r\n
 const sch = cs.model;\r\n
 let statusText = '';\r\n
 if (cs.status === 'saat_ini') {\r\n
 statusText = 'Sedang berlangsung..';\r\n
 } else if (cs.status === 'selesai') {\r\n
 statusText = '<span style="color: #a855f7;">Selesai</span>';\r\n
 } else if (cs.status === 'selanjutnya') {\r\n
 statusText = `<span style="color: #e5e7eb;">Berikutnya (${cs.start})</span>`;\r\n
 } else {\r\n
 statusText = `<span style="color: #8b8591;">Nanti (${cs.start})</span>`;\r\n
 }\r\n
\r\n
 const itemEl = document.createElement('div');\r\n
 itemEl.className = 'schedule-item';\r\n
 itemEl.innerHTML = `\r\n
 <div class="schedule-item-left" style="display: flex; align-items: center; gap: 1.25rem; font-size: 0.95rem; font-weight: 600; color: white; min-width: 0; flex: 1; margin-right: 1rem;">\r\n
 <div class="status-dot" style="background: ${cs.statusDotColor}; box-shadow: 0 0 10px ${cs.statusDotColor}90; flex-shrink: 0;"></div>\r\n
 <span style="white-space: nowrap; overflow: hidden; text-overflow: ellipsis; display: block;">${sch.title}</span>\r\n
 </div>\r\n
 <div class="schedule-status-text" style="flex-shrink: 0;">${statusText}</div>\r\n
 `;\r\n
 listEl.appendChild(itemEl);\r\n
 });\r\n
 } else {\r\n
 listEl.innerHTML = `\r\n
 <div style="display: flex; flex-direction: column; align-items: center; justify-content: center; text-align: center; padding: 2rem 1rem; background: rgba(255,255,255,0.02); border-radius: 20px; border: 1px dashed rgba(255,255,255,0.08); color: #9ca3af; min-height: 180px; width: 100%;">\r\n
 <div style="font-size: 2rem; margin-bottom: 0.5rem; opacity: 0.8;">✨</div>\r\n
 <div style="font-weight: 600; color: #fff; margin-bottom: 0.25rem;">Bebas Belajar!</div>\r\n
 <div style="font-size: 0.8rem; color: #8b8591;">Kamu bebas membaca sub-materi apapun atau <a href="/jadwal" style="color: #38b2ac; text-decoration: none; font-weight: 600; transition: color 0.2s;" onmouseover="this.style.color='#4fd1c5'" onmouseout="this.style.color='#38b2ac'">kelola jadwalmu</a>.</div>\r\n
 </div>\r\n
 `;\r\n
 }\r\n
 }\r\n
\r\n
 updateSliderNavigation();\r\n
 updateCountdowns();\r\n
 }\r\n
\r\n
 // Sync global date select action\r\n
 function selectDate(date) {\r\n
 selectedDate = date;\r\n
 const dateStr = formatDateYYYYMMDD(date);\r\n
\r\n
 // 1. Sync horizontal cards\r\n
 const cards = document.querySelectorAll('.calendar-row .date-card');\r\n
 cards.forEach(card => {\r\n
 const cardDate = card.getAttribute('data-date');\r\n
 if (cardDate === dateStr) {\r\n
 if (!card.classList.contains('active')) {\r\n
 card.classList.add('active');\r\n
 rebuildCardHtml(card, true);\r\n
 }\r\n
 } else {\r\n
 if (card.classList.contains('active')) {\r\n
 card.classList.remove('active');\r\n
 rebuildCardHtml(card, false);\r\n
 }\r\n
 }\r\n
 });\r\n
\r\n
 // 2. Sync main dashboard panels\r\n
 updateDashboardSchedules(date);\r\n
\r\n
 // 3. Sync mini calendar popup visual elements\r\n
 updateMiniCalendarUI(date);\r\n
 }\r\n
\r\n
 // Bind click listener to horizontal date cards\r\n
 document.querySelectorAll('.calendar-row .date-card').forEach(card => {\r\n
 card.addEventListener('click', function () {\r\n
 const dateStr = this.getAttribute('data-date');\r\n
 if (dateStr) {\r\n
 const parts = dateStr.split('-');\r\n
 const clickedDate = new Date(parseInt(parts[0]), parseInt(parts[1]) - 1, parseInt(parts[2]));\r\n
 selectDate(clickedDate);\r\n
 }\r\n
 });\r\n
 });\r\n
\r\n
 // Live Ticking Countdown Timer for active schedule\r\n
 const updateCountdowns = () => {\r\n
 const now = new Date();\r\n
 const timers = document.querySelectorAll('.countdown-timer');\r\n
\r\n
 timers.forEach(timer => {\r\n
 const endStr = timer.getAttribute('data-end');\r\n
 if (!endStr) return;\r\n
\r\n
 const [endHours, endMinutes] = endStr.split(':').map(Number);\r\n
 const endTime = new Date();\r\n
 endTime.setHours(endHours, endMinutes, 0, 0);\r\n
\r\n
 let diffMs = endTime.getTime() - now.getTime();\r\n
\r\n
 if (diffMs <= 0) {\r\n
 timer.textContent = "0:00:00";\r\n
 if (!timer.dataset.expired) {\r\n
 timer.dataset.expired = "true";\r\n
 setTimeout(() => {\r\n
 window.location.reload();\r\n
 }, 2000);\r\n
 }\r\n
 } else {\r\n
 const totalSecs = Math.floor(diffMs / 1000);\r\n
 const hours = Math.floor(totalSecs / 3600);\r\n
 const minutes = Math.floor((totalSecs % 3600) / 60);\r\n
 const seconds = totalSecs % 60;\r\n
\r\n
 const hStr = hours;\r\n
 const mStr = String(minutes).padStart(2, '0');\r\n
 const sStr = String(seconds).padStart(2, '0');\r\n
\r\n
 timer.textContent = `${hStr}:${mStr}:${sStr}`;\r\n
 }\r\n
 });\r\n
 };\r\n
\r\n
 updateCountdowns();\r\n
 setInterval(updateCountdowns, 1000);\r\n
 updateSliderNavigation();\r\n
\r\n
 // Mini Calendar Popup\r\n
 const btn = document.getElementById('btnHeroCalendar');\r\n
 if (!btn) return;\r\n
\r\n
 // Build popup HTML with elegant month selection navigators\r\n
 const popup = document.createElement('div');\r\n
 popup.className = 'mini-cal-popup';\r\n
 popup.id = 'miniCalPopup';\r\n
 popup.innerHTML = `\r\n
 <div class="mini-cal-main">\r\n
 <div class="mini-cal-grid">\r\n
 <div class="mini-cal-header" style="display: flex; justify-content: space-between; align-items: center; margin-bottom: 0.7rem;">\r\n
 <button id="prevMonthBtn" style="background: none; border: none; color: #6b6570; cursor: pointer; font-size: 0.9rem; transition: color 0.15s; outline: none;" onmouseover="this.style.color='white'" onmouseout="this.style.color='#6b6570'">❮</button>\r\n
 <span id="miniCalTitle" style="font-weight: 700; font-size: 0.95rem; color: white;"></span>\r\n
 <button id="nextMonthBtn" style="background: none; border: none; color: #6b6570; cursor: pointer; font-size: 0.9rem; transition: color 0.15s; outline: none;" onmouseover="this.style.color='white'" onmouseout="this.style.color='#6b6570'">❯</button>\r\n
 </div>\r\n
 <div class="mini-cal-days-header">\r\n
 <span>SUN</span><span>MON</span><span>TUE</span><span>WED</span><span>THU</span><span>FRI</span><span>SAT</span>\r\n
 </div>\r\n
 <div class="mini-cal-cells" id="miniCalCells"></div>\r\n
 </div>\r\n
 <div class="mini-cal-time">\r\n
 <div class="mini-cal-time-label">Jadwal Belajar</div>\r\n
 <div id="miniCalTimes"></div>\r\n
 </div>\r\n
 </div>\r\n
 <div class="mini-cal-event" id="miniCalEvent" style="backdrop-filter: blur(10px); background: rgba(28, 26, 31, 0.95);">\r\n
 <div class="mini-cal-event-date" style="background: rgba(56, 178, 172, 0.1); border: 1px solid rgba(56, 178, 172, 0.2); color: #38b2ac;">\r\n
 <div class="mini-cal-event-month" id="miniCalEvtMonth" style="color: #38b2ac;"></div>\r\n
 <div class="mini-cal-event-day" id="miniCalEvtDay"></div>\r\n
 </div>\r\n
 <div class="mini-cal-event-info" style="min-width: 0;">\r\n
 <div class="mini-cal-event-title" style="font-size: 0.85rem; font-weight: 700; margin-bottom: 2px; white-space: nowrap; overflow: hidden; text-overflow: ellipsis;">Bebas belajar</div>\r\n
 <div class="mini-cal-event-time" id="miniCalEvtTime">-</div>\r\n
 </div>\r\n
 </div>\r\n
 `;\r\n
 document.body.appendChild(popup);\r\n
\r\n
 // Style definitions injected directly to dashboard page\r\n
 const style = document.createElement('style');\r\n
 style.textContent = `\r\n
 .mini-cal-cell {\r\n
 position: relative !important;\r\n
 flex-direction: column !important;\r\n
 gap: 1px !important;\r\n
 }\r\n
 .mini-cal-cell-dots {\r\n
 display: flex;\r\n
 gap: 2px;\r\n
 justify-content: center;\r\n
 position: absolute;\r\n
 bottom: 2px;\r\n
 left: 50%;\r\n
 transform: translateX(-50%);\r\n
 }\r\n
 .mini-cal-dot {\r\n
 width: 3px;\r\n
 height: 3px;\r\n
 border-radius: 50%;\r\n
 }\r\n
 .mini-cal-dot.green { background: #38b2ac !important; }\r\n
 .mini-cal-dot.purple { background: #a855f7 !important; }\r\n
 .mini-cal-dot.blue { background: #3b82f6 !important; }\r\n
 .mini-cal-dot.white { background: #e5e7eb !important; }\r\n
\r\n
 .mini-cal-cell.selected-day {\r\n
 background: #38b2ac !important;\r\n
 color: #0a0a0a !important;\r\n
 font-weight: 800 !important;\r\n
 box-shadow: 0 0 10px rgba(56, 178, 172, 0.4);\r\n
 }\r\n
 `;\r\n
 document.head.appendChild(style);\r\n
\r\n
 let displayDate = new Date(selectedDate.getTime());\r\n
 const MONTHS = ['January', 'February', 'March', 'April', 'May', 'June', 'July', 'August', 'September', 'October', 'November', 'December'];\r\n
 const MONTHS_ID = ['JAN', 'FEB', 'MAR', 'APR', 'MEI', 'JUN', 'JUL', 'AGT', 'SEP', 'OKT', 'NOV', 'DES'];\r\n
\r\n
 // Render calendar grid\r\n
 function renderCal() {\r\n
 const year = displayDate.getFullYear();\r\n
 const month = displayDate.getMonth();\r\n
 document.getElementById('miniCalTitle').textContent = `${MONTHS[month]} ${year}`;\r\n
\r\n
 const firstDay = new Date(year, month, 1).getDay();\r\n
 const daysInMonth = new Date(year, month + 1, 0).getDate();\r\n
 const cells = document.getElementById('miniCalCells');\r\n
 cells.innerHTML = '';\r\n
\r\n
 for (let i = 0; i < firstDay; i++) {\r\n
 const el = document.createElement('div');\r\n
 el.className = 'mini-cal-cell empty';\r\n
 cells.appendChild(el);\r\n
 }\r\n
\r\n
 for (let d = 1; d <= daysInMonth; d++) {\r\n
 const cellDate = new Date(year, month, d);\r\n
 const cellDateStr = formatDateYYYYMMDD(cellDate);\r\n
 const selectedDateStr = formatDateYYYYMMDD(selectedDate);\r\n
\r\n
 // Render visual dots for days with active schedules\r\n
 const activeSchs = getActiveSchedulesForDate(cellDate);\r\n
 let dotsHtml = '';\r\n
 if (activeSchs.length > 0) {\r\n
 const colors = [];\r\n
 activeSchs.forEach(sch => {\r\n
 let config = sch.routine_config;\r\n
 if (typeof config === 'string') {\r\n
 try { config = JSON.parse(config); } catch (e) { config = {}; }\r\n
 }\r\n
 config = config || {};\r\n
 let schColor = config.color || null;\r\n
 if (!schColor) {\r\n
 if (sch.routine_type === 'Harian') schColor = 'green';\r\n
 else if (sch.routine_type === 'Mingguan') schColor = 'purple';\r\n
 else if (sch.routine_type === 'Bulanan') schColor = 'blue';\r\n
 else schColor = 'white';\r\n
 }\r\n
 colors.push(schColor);\r\n
 });\r\n
 const uniqueColors = [..new Set(colors)].slice(0, 4);\r\n
 dotsHtml = `<div class="mini-cal-cell-dots">` + uniqueColors.map(c => `<span class="mini-cal-dot ${c}"></span>`).join('') + `</div>`;\r\n
 }\r\n
\r\n
 const el = document.createElement('div');\r\n
 el.className = 'mini-cal-cell' + (cellDateStr === selectedDateStr ? ' selected-day' : '');\r\n
 el.setAttribute('data-date', cellDateStr);\r\n
 el.innerHTML = `${d}${dotsHtml}`;\r\n
\r\n
 el.addEventListener('click', (e) => {\r\n
 e.stopPropagation();\r\n
 selectedDate = new Date(year, month, d);\r\n
 selectDate(selectedDate);\r\n
 });\r\n
\r\n
 cells.appendChild(el);\r\n
 }\r\n
\r\n
 document.getElementById('miniCalEvtMonth').textContent = MONTHS_ID[month];\r\n
 document.getElementById('miniCalEvtDay').textContent = selectedDate.getDate();\r\n
 }\r\n
\r\n
 // Render schedule lists for selected day\r\n
 function renderTimesForDate(date) {\r\n
 const container = document.getElementById('miniCalTimes');\r\n
 if (!container) return;\r\n
\r\n
 container.innerHTML = '';\r\n
\r\n
 const activeSchs = getActiveSchedulesForDate(date);\r\n
 activeSchs.sort((a, b) => a.start_time.localeCompare(b.start_time));\r\n
\r\n
 if (activeSchs.length > 0) {\r\n
 activeSchs.forEach((sch, idx) => {\r\n
 const start = sch.start_time.substring(0, 5);\r\n
 const end = sch.end_time.substring(0, 5);\r\n
\r\n
 const el = document.createElement('div');\r\n
 el.className = 'mini-cal-time-item';\r\n
 el.textContent = `${start} - ${sch.title}`;\r\n
 el.style.fontSize = '0.75rem';\r\n
 el.style.padding = '0.45rem 0.6rem';\r\n
 el.style.textAlign = 'left';\r\n
 el.style.overflow = 'hidden';\r\n
 el.style.textOverflow = 'ellipsis';\r\n
 el.style.whiteSpace = 'nowrap';\r\n
\r\n
 el.addEventListener('click', () => {\r\n
 container.querySelectorAll('.mini-cal-time-item').forEach(x => x.classList.remove('active'));\r\n
 el.classList.add('active');\r\n
\r\n
 const statusInfo = classifyScheduleStatusForDate(sch, date);\r\n
\r\n
 document.getElementById('miniCalEvtTime').innerHTML = `\r\n
 <div style="font-size:0.7rem; color:#8b8591;">${start} - ${end} (${statusInfo.label})</div>\r\n
 <div style="font-size:0.72rem; color:rgba(255,255,255,0.7); margin-top:3px; line-height:1.3; word-break:break-word; display:-webkit-box; -webkit-line-clamp:2; -webkit-box-orient:vertical; overflow:hidden;">\r\n
 ${sch.description || 'Tidak ada deskripsi'}\r\n
 </div>\r\n
 `;\r\n
\r\n
 const titleEl = document.querySelector('.mini-cal-event-title');\r\n
 if (titleEl) titleEl.textContent = sch.title;\r\n
 });\r\n
\r\n
 container.appendChild(el);\r\n
\r\n
 if (idx === 0) {\r\n
 el.click();\r\n
 }\r\n
 });\r\n
 } else {\r\n
 container.innerHTML = `\r\n
 <div style="font-size: 0.72rem; color: #6b6570; text-align: center; padding: 2rem 0.5rem; line-height: 1.4;">\r\n
 Bebas belajar<br>\r\n
 <span style="font-size: 0.65rem; opacity: 0.8;">Tidak ada jadwal</span>\r\n
 </div>\r\n
 `;\r\n
 document.getElementById('miniCalEvtTime').textContent = '-';\r\n
 const titleEl = document.querySelector('.mini-cal-event-title');\r\n
 if (titleEl) titleEl.textContent = 'Bebas belajar';\r\n
 }\r\n
 }\r\n
\r\n
 // Sync calendar popup elements\r\n
 window.updateMiniCalendarUI = function (date) {\r\n
 displayDate = new Date(date.getTime());\r\n
 renderCal();\r\n
 renderTimesForDate(date);\r\n
 };\r\n
\r\n
 // Month navigation bindings\r\n
 document.getElementById('prevMonthBtn').addEventListener('click', (e) => {\r\n
 e.stopPropagation();\r\n
 displayDate.setMonth(displayDate.getMonth() - 1);\r\n
 renderCal();\r\n
 });\r\n
\r\n
 document.getElementById('nextMonthBtn').addEventListener('click', (e) => {\r\n
 e.stopPropagation();\r\n
 displayDate.setMonth(displayDate.getMonth() + 1);\r\n
 renderCal();\r\n
 });\r\n
\r\n
 // Position popup near the button\r\n
 function positionPopup() {\r\n
 const rect = btn.getBoundingClientRect();\r\n
 const popupW = 340;\r\n
 let left = rect.right + 8;\r\n
 if (left + popupW > window.innerWidth) left = rect.left - popupW - 8;\r\n
 popup.style.left = left + 'px';\r\n
 popup.style.top = (rect.top + window.scrollY) + 'px';\r\n
 }\r\n
\r\n
 renderCal();\r\n
 renderTimesForDate(selectedDate);\r\n
\r\n
 let isOpen = false;\r\n
 btn.addEventListener('click', (e) => {\r\n
 e.stopPropagation();\r\n
 isOpen = !isOpen;\r\n
 positionPopup();\r\n
 if (isOpen) {\r\n
 popup.style.display = 'flex';\r\n
 requestAnimationFrame(() => popup.classList.add('open'));\r\n
 } else {\r\n
 popup.classList.remove('open');\r\n
 setTimeout(() => { popup.style.display = 'none'; }, 250);\r\n
 }\r\n
 });\r\n
\r\n
 document.addEventListener('click', (e) => {\r\n
 if (isOpen && !popup.contains(e.target) && e.target !== btn) {\r\n
 isOpen = false;\r\n
 popup.classList.remove('open');\r\n
 setTimeout(() => { popup.style.display = 'none'; }, 250);\r\n
 }\r\n
 });\r\n
 }\r\n
\r\n
 // ----------------------------------------------------\r\n
 // BUDDY COMPONENT LOGIC\r\n
 // ----------------------------------------------------\r\n
 function initBuddySystem() {\r\n
 const state1 = document.getElementById('buddy-state-1');\r\n
 const state2 = document.getElementById('buddy-state-2');\r\n
 const state3 = document.getElementById('buddy-state-3');\r\n
\r\n
\r\n
\r\n
 const avatarOptions = document.querySelectorAll('.buddy-avatar-option');\r\n
 const previewAvatar = document.getElementById('selected-buddy-preview');\r\n
 const nameInput = document.getElementById('buddy-name-input');\r\n
 const btnSave = document.getElementById('btn-save-buddy');\r\n
 const errorMsg = document.getElementById('buddy-error-msg');\r\n
 const silhouette = document.getElementById('buddy-silhouette');\r\n
\r\n
 let selectedAvatarId = null;\r\n
\r\n
 if (avatarOptions.length > 0) {\r\n
 // Personality color map for hover glow\r\n
 const buddyColors = {\r\n
 '1': '#10b981', // Chill Mentor — emerald\r\n
 '2': '#f59e0b', // Energetic Coach — amber\r\n
 '3': '#818cf8', // Wise Sage — indigo\r\n
 '4': '#ec4899' // Hype Beast — pink\r\n
 };\r\n
 const buddyTitles = {\r\n
 '1': 'Si Paling Kalem <i class="fas fa-leaf" style="margin-left: 6px; font-size: 0.9em; opacity: 0.85;"></i>',\r\n
 '2': 'Si Paling Ambisius <i class="fas fa-fire" style="margin-left: 6px; font-size: 0.9em; opacity: 0.85;"></i>',\r\n
 '3': 'Si Paling Bijak <i class="fas fa-book" style="margin-left: 6px; font-size: 0.9em; opacity: 0.85;"></i>',\r\n
 '4': 'Si Paling Hype <i class="fas fa-bolt" style="margin-left: 6px; font-size: 0.9em; opacity: 0.85;"></i>'\r\n
 };\r\n
 const buddySubtitles = {\r\n
 '1': '"Pelan-pelan aja, yang penting sampai.."',\r\n
 '2': '"GASS!! Belajar terus sampai jago!!"',\r\n
 '3': '"Ilmu adalah cahaya yang tak pernah padam"',\r\n
 '4': '"Slay abis bestie, kita coding bareng~"'\r\n
 };\r\n
 let hoverTransitionTimer = null;\r\n
\r\n
 // Smooth text transition helper\r\n
 function animateTextChange(el, newText, newColor, newShadow) {\r\n
 if (!el) return;\r\n
 // Phase 1: fade out\r\n
 el.classList.remove('text-visible');\r\n
 el.classList.add('text-transitioning-out');\r\n
\r\n
 setTimeout(() => {\r\n
 // Phase 2: swap content while invisible, position for entry\r\n
 el.innerHTML = newText;\r\n
 if (newColor !== null) el.style.color = newColor;\r\n
 if (newShadow !== null) el.style.textShadow = newShadow;\r\n
 el.classList.remove('text-transitioning-out');\r\n
 el.classList.add('text-transitioning-in');\r\n
\r\n
 // Force reflow\r\n
 void el.offsetHeight;\r\n
\r\n
 // Phase 3: fade in from below\r\n
 requestAnimationFrame(() => {\r\n
 el.classList.remove('text-transitioning-in');\r\n
 el.classList.add('text-visible');\r\n
 });\r\n
 }, 180); // matches CSS transition-out duration\r\n
 }\r\n
\r\n
 avatarOptions.forEach(opt => {\r\n
 // Hover effect for silhouette + animated text\r\n
 opt.addEventListener('mouseenter', function () {\r\n
 if (silhouette) {\r\n
 silhouette.src = this.src;\r\n
 silhouette.classList.add('show');\r\n
 }\r\n
 // Cancel any pending reset\r\n
 if (hoverTransitionTimer) {\r\n
 clearTimeout(hoverTransitionTimer);\r\n
 hoverTransitionTimer = null;\r\n
 }\r\n
 const avatarId = this.dataset.id;\r\n
 const selHeader = document.getElementById('buddy-selection-header');\r\n
 const selSub = document.getElementById('buddy-selection-subtitle');\r\n
 const color = buddyColors[avatarId] || '#818cf8';\r\n
 const glowShadow = `0 0 20px ${color}44, 0 0 40px ${color}22`;\r\n
\r\n
 animateTextChange(selHeader, buddyTitles[avatarId] || 'Pilih teman belajar mu!', color, glowShadow);\r\n
 animateTextChange(selSub, buddySubtitles[avatarId] || 'Teman yang akan menemani mu sampai lulus', color, 'none');\r\n
 });\r\n
\r\n
 opt.addEventListener('mouseleave', function () {\r\n
 if (silhouette) {\r\n
 silhouette.classList.remove('show');\r\n
 }\r\n
 // Debounce: delay reset so quick hover between avatars doesn't flicker\r\n
 hoverTransitionTimer = setTimeout(() => {\r\n
 const selHeader = document.getElementById('buddy-selection-header');\r\n
 const selSub = document.getElementById('buddy-selection-subtitle');\r\n
 animateTextChange(selHeader, 'Pilih teman belajar mu!', '', 'none');\r\n
 animateTextChange(selSub, 'Teman yang akan menemani mu sampai lulus', 'var(--text-muted)', 'none');\r\n
 }, 100);\r\n
 });\r\n
\r\n
 opt.addEventListener('click', function () {\r\n
 avatarOptions.forEach(o => o.classList.remove('selected'));\r\n
 this.classList.add('selected');\r\n
\r\n
 selectedAvatarId = this.dataset.id;\r\n
 previewAvatar.src = this.src;\r\n
\r\n
 const container = document.querySelector('.buddy-card-container');\r\n
\r\n
 // 1. Get exact current height\r\n
 const startHeight = container.getBoundingClientRect().height;\r\n
\r\n
 // 2. Temporarily swap states to measure new height\r\n
 state1.style.display = 'none';\r\n
 state2.style.display = 'flex';\r\n
 const endHeight = container.getBoundingClientRect().height;\r\n
\r\n
 // 3. Revert back to prepare for animation\r\n
 state1.style.display = 'flex';\r\n
 state2.style.display = 'none';\r\n
\r\n
 // 4. Lock container height\r\n
 container.style.boxSizing = 'border-box';\r\n
 container.style.height = startHeight + 'px';\r\n
 container.style.overflow = 'hidden';\r\n
 container.style.position = 'relative';\r\n
\r\n
 // 5. Position state1 absolutely so it can crossfade out smoothly\r\n
 const state1Rect = state1.getBoundingClientRect();\r\n
 const containerRect = container.getBoundingClientRect();\r\n
 state1.style.position = 'absolute';\r\n
 state1.style.top = (state1Rect.top - containerRect.top) + 'px';\r\n
 state1.style.left = (state1Rect.left - containerRect.left) + 'px';\r\n
 state1.style.width = state1Rect.width + 'px';\r\n
\r\n
 // Force reflow\r\n
 void container.offsetHeight;\r\n
\r\n
 // 6. Start transitions\r\n
 container.style.transition = 'height 0.4s cubic-bezier(0.4, 0, 0.2, 1)';\r\n
 container.style.height = endHeight + 'px';\r\n
\r\n
 state1.style.transition = 'opacity 0.3s ease, transform 0.3s ease';\r\n
 state1.style.opacity = '0';\r\n
 state1.style.transform = 'scale(0.95)';\r\n
\r\n
 state2.style.display = 'flex';\r\n
 state2.style.opacity = '0';\r\n
 void state2.offsetWidth; // force reflow for state 2\r\n
\r\n
 state2.style.transition = 'opacity 0.4s ease 0.1s';\r\n
 state2.style.opacity = '1';\r\n
\r\n
 // Trigger inner animations\r\n
 previewAvatar.classList.remove('anim-enter');\r\n
 document.querySelector('.buddy-form').classList.remove('anim-enter');\r\n
 void previewAvatar.offsetWidth;\r\n
 previewAvatar.classList.add('anim-enter');\r\n
 document.querySelector('.buddy-form').classList.add('anim-enter');\r\n
\r\n
 setTimeout(() => {\r\n
 state1.style.display = 'none';\r\n
 state1.style.position = '';\r\n
 state1.style.top = '';\r\n
 state1.style.left = '';\r\n
 state1.style.width = '';\r\n
 state1.style.opacity = '';\r\n
 state1.style.transform = '';\r\n
\r\n
 container.style.height = 'auto';\r\n
 container.style.overflow = 'visible';\r\n
 container.style.transition = '';\r\n
 container.style.boxSizing = '';\r\n
 nameInput.focus();\r\n
 }, 500);\r\n
 });\r\n
 });\r\n
 }\r\n
\r\n
 if (btnSave) {\r\n
 btnSave.addEventListener('click', async function () {\r\n
 const name = nameInput.value.trim();\r\n
 if (!name) {\r\n
 errorMsg.style.display = 'block';\r\n
 nameInput.style.borderColor = '#ef4444';\r\n
 return;\r\n
 }\r\n
\r\n
 errorMsg.style.display = 'none';\r\n
 nameInput.style.borderColor = 'rgba(255, 255, 255, 0.2)';\r\n
 btnSave.textContent = 'Menyimpan..';\r\n
\r\n
 try {\r\n
 const response = await fetch('/api/user/buddy', {\r\n
 method: 'POST',\r\n
 headers: {\r\n
 'Content-Type': 'application/json',\r\n
 'X-CSRF-TOKEN': document.querySelector('meta[name="csrf-token"]').content\r\n
 },\r\n
 body: JSON.stringify({\r\n
 buddy_avatar: selectedAvatarId,\r\n
 buddy_name: name\r\n
 })\r\n
 });\r\n
\r\n
 const data = await response.json();\r\n
\r\n
 if (data.success) {\r\n
 const container = document.querySelector('.buddy-card-container');\r\n
\r\n
 // 1. Get exact current height and original avatar rect (while state2 is visible)\r\n
 const startHeight = container.getBoundingClientRect().height;\r\n
 const selectedBuddyPreview = document.getElementById('selected-buddy-preview');\r\n
 const rect2 = selectedBuddyPreview.getBoundingClientRect();\r\n
\r\n
 // 2. Temporarily swap states to measure new height & target positions\r\n
 state2.style.display = 'none';\r\n
 state3.style.display = 'flex';\r\n
\r\n
 // Inject name and thinking text so height is accurate before measurement\r\n
 const activeAvatar = document.getElementById('active-buddy-avatar');\r\n
 const activeName = document.getElementById('active-buddy-name');\r\n
 const textContainer = document.getElementById('buddy-typing-text');\r\n
\r\n
 activeAvatar.src = previewAvatar.src;\r\n
 const nameSpan = activeName.querySelector('span');\r\n
 if (nameSpan) nameSpan.textContent = data.buddy_name;\r\n
 if (textContainer) {\r\n
 textContainer.innerHTML = '<i><span style="opacity:0.6">Sedang memikirkan..</span></i>';\r\n
 }\r\n
\r\n
 const endHeight = container.getBoundingClientRect().height;\r\n
\r\n
 // Measure avatar target position\r\n
 const containerRect = container.getBoundingClientRect();\r\n
 const rect3 = activeAvatar.getBoundingClientRect();\r\n
\r\n
 const startTop = rect2.top - containerRect.top;\r\n
 const startLeft = rect2.left - containerRect.left;\r\n
 const startWidth = rect2.width;\r\n
 const startHeightAvatar = rect2.height;\r\n
\r\n
 const endTop = rect3.top - containerRect.top;\r\n
 const endLeft = rect3.left - containerRect.left;\r\n
 const endWidth = rect3.width;\r\n
 const endHeightAvatar = rect3.height;\r\n
\r\n
 // 3. Revert back to prepare for animation\r\n
 state2.style.display = 'flex';\r\n
 state3.style.display = 'none';\r\n
\r\n
 // Create the flying avatar clone\r\n
 const clone = document.createElement('img');\r\n
 clone.src = selectedBuddyPreview.src;\r\n
 clone.className = 'buddy-avatar-preview';\r\n
 clone.style.position = 'absolute';\r\n
 clone.style.top = startTop + 'px';\r\n
 clone.style.left = startLeft + 'px';\r\n
 clone.style.width = startWidth + 'px';\r\n
 clone.style.height = startHeightAvatar + 'px';\r\n
 clone.style.zIndex = '999';\r\n
 clone.style.pointerEvents = 'none';\r\n
 clone.style.transition = 'all 0.6s cubic-bezier(0.16, 1, 0.3, 1)';\r\n
 container.appendChild(clone);\r\n
\r\n
 // Force reflow on clone to guarantee starting position is painted\r\n
 void clone.offsetHeight;\r\n
\r\n
 // Hide real avatars during transition\r\n
 selectedBuddyPreview.style.opacity = '0';\r\n
 activeAvatar.style.opacity = '0';\r\n
\r\n
 // 4. Lock container height\r\n
 container.style.boxSizing = 'border-box';\r\n
 container.style.height = startHeight + 'px';\r\n
 container.style.overflow = 'hidden';\r\n
 container.style.position = 'relative';\r\n
\r\n
 // 5. Position state2 absolutely\r\n
 const state2Rect = state2.getBoundingClientRect();\r\n
 state2.style.position = 'absolute';\r\n
 state2.style.top = (state2Rect.top - containerRect.top) + 'px';\r\n
 state2.style.left = (state2Rect.left - containerRect.left) + 'px';\r\n
 state2.style.width = state2Rect.width + 'px';\r\n
\r\n
 // Force reflow\r\n
 void container.offsetHeight;\r\n
\r\n
 // 6. Start transitions (Synchronized to 0.6s with premium easing)\r\n
 container.style.transition = 'height 0.6s cubic-bezier(0.16, 1, 0.3, 1)';\r\n
 container.style.height = endHeight + 'px';\r\n
\r\n
 state2.style.transition = 'opacity 0.4s cubic-bezier(0.16, 1, 0.3, 1), transform 0.4s cubic-bezier(0.16, 1, 0.3, 1)';\r\n
 state2.style.opacity = '0';\r\n
 state2.style.transform = 'scale(0.96)';\r\n
\r\n
 state3.style.display = 'flex';\r\n
 state3.style.opacity = '0';\r\n
 void state3.offsetWidth;\r\n
\r\n
 state3.style.transition = 'opacity 0.6s cubic-bezier(0.16, 1, 0.3, 1)';\r\n
 state3.style.opacity = '1';\r\n
\r\n
 // Animate the flying clone\r\n
 requestAnimationFrame(() => {\r\n
 clone.style.top = endTop + 'px';\r\n
 clone.style.left = endLeft + 'px';\r\n
 clone.style.width = endWidth + 'px';\r\n
 clone.style.height = endHeightAvatar + 'px';\r\n
 });\r\n
\r\n
 setTimeout(() => {\r\n
 state2.style.display = 'none';\r\n
 state2.style.position = '';\r\n
 state2.style.top = '';\r\n
 state2.style.left = '';\r\n
 state2.style.width = '';\r\n
 state2.style.opacity = '';\r\n
 state2.style.transform = '';\r\n
\r\n
 container.style.height = 'auto';\r\n
 container.style.overflow = 'visible';\r\n
 container.style.transition = '';\r\n
 container.style.boxSizing = '';\r\n
\r\n
 // Cleanup the flying clone and restore original avatars\r\n
 clone.remove();\r\n
 activeAvatar.style.opacity = '1';\r\n
 selectedBuddyPreview.style.opacity = '';\r\n
\r\n
 startTypingEffect();\r\n
 }, 650);\r\n
 }\r\n
 } catch (err) {\r\n
 console.error('Error saving buddy:', err);\r\n
 btnSave.textContent = 'Selesai';\r\n
 }\r\n
 });\r\n
 }\r\n
\r\n
 if (state3 && state3.style.display !== 'none') {\r\n
 startTypingEffect();\r\n
 }\r\n
\r\n
 function computeBuddyMood(ctx) {\r\n
 const hour = ctx.hour_of_day;\r\n
 // 1. Sleepy trigger: between 22:00 (10 PM) and 05:00 (5 AM)\r\n
 if (hour >= 22 || hour < 5) {\r\n
 return 'sleepy';\r\n
 }\r\n
 // 2. Excited trigger: streak >= 5 and all daily missions done\r\n
 if (ctx.streak >= 5 && ctx.missions_total > 0 && ctx.missions_done === ctx.missions_total) {\r\n
 return 'excited';\r\n
 }\r\n
 // 3. Happy trigger: streak >= 1 or missions > 50% completed\r\n
 if (ctx.streak >= 1 || (ctx.missions_total > 0 && (ctx.missions_done / ctx.missions_total) >= 0.5)) {\r\n
 return 'happy';\r\n
 }\r\n
 // 4. Sad trigger: streak === 0 and no missions done (not happy)\r\n
 if (ctx.streak === 0 && ctx.missions_done === 0) {\r\n
 return 'sad';\r\n
 }\r\n
 // 5. Default Neutral\r\n
 return 'neutral';\r\n
 }\r\n
\r\n
 function applyBuddyMood(mood, ctx) {\r\n
 const activeStateEl = document.getElementById('buddy-state-3');\r\n
 if (!activeStateEl) return;\r\n
\r\n
 // Remove previous mood classes\r\n
 activeStateEl.classList.remove('mood-excited', 'mood-happy', 'mood-neutral', 'mood-sleepy', 'mood-sad');\r\n
 // Add new mood class\r\n
 activeStateEl.classList.add('mood-' + mood);\r\n
\r\n
 // Update status text\r\n
 const statusTextEl = document.getElementById('buddy-status-text');\r\n
 if (statusTextEl) {\r\n
 const moodLabels = {\r\n
 excited: '🔥 Sangat Bersemangat!',\r\n
 happy: '😊 Online',\r\n
 neutral: '😐 Siap menemanimu',\r\n
 sleepy: '😴 Mengantuk..',\r\n
 sad: '😢 Kangen belajar..'\r\n
 };\r\n
 statusTextEl.textContent = moodLabels[mood] || 'Online';\r\n
 }\r\n
 }\r\n
\r\n
 async function startTypingEffect() {\r\n
 const textContainer = document.getElementById('buddy-typing-text');\r\n
 if (!textContainer) return;\r\n
\r\n
 textContainer.innerHTML = '<i><span style="opacity:0.6">Sedang memikirkan..</span></i>';\r\n
\r\n
 let messages = ["Halo! Salam kenal.. hehehe"];\r\n
\r\n
 try {\r\n
 const response = await fetch('/api/user/buddy-context', {\r\n
 headers: {\r\n
 'Accept': 'application/json',\r\n
 'X-Requested-With': 'XMLHttpRequest'\r\n
 }\r\n
 });\r\n
\r\n
 if (response.ok) {\r\n
 const context = await response.json();\r\n
\r\n
 // Resolve personality first so greeting list can adapt\r\n
 currentPersonality = getPersonalityName(context.buddy_avatar);\r\n
\r\n
 messages = generateBuddyMessages(context);\r\n
\r\n
 // Compute and Apply Mood\r\n
 const mood = computeBuddyMood(context);\r\n
 applyBuddyMood(mood, context);\r\n
\r\n
 // Update micro-stats visually\r\n
 const elStreak = document.getElementById('buddy-stat-streak');\r\n
 const elMissions = document.getElementById('buddy-stat-missions');\r\n
 const elLevel = document.getElementById('buddy-stat-level');\r\n
 const elTier = document.getElementById('buddy-stat-tier');\r\n
\r\n
 if (elStreak) elStreak.textContent = context.streak + ' hr';\r\n
 if (elMissions) elMissions.textContent = context.missions_done + '/' + context.missions_total;\r\n
 if (elLevel) elLevel.textContent = 'Lv ' + context.level;\r\n
 if (elTier) {\r\n
 if (elTier.dataset.currentTier && elTier.dataset.currentTier !== context.tier) {\r\n
 syncTierProgressionUI(context.tier);\r\n
 }\r\n
 elTier.dataset.currentTier = context.tier;\r\n
 elTier.textContent = context.tier;\r\n
 }\r\n
\r\n
 // Check streak milestone celebration\r\n
 if (context.streak === 3 || context.streak === 7 || context.streak === 14 || context.streak === 30) {\r\n
 setTimeout(() => {\r\n
 const streakMsgs = {\r\n
 chill: `Wih.. streak ${context.streak} hari. Santai dan gokil! 🌿`,\r\n
 energetic: `GILA!!! STREAK ${context.streak} HARI!!! LUAR BIASA! PUSH TERUSS!!! 🔥💪🚀`,\r\n
 wise: `Pencapaian luar biasa. Dirimu telah menuntut ilmu selama ${context.streak} hari berturut-turut. 💎📚`,\r\n
 hype: `Slay abis! Streak ${context.streak} hari bestie! Proud of you! 😎👑`\r\n
 };\r\n
 showBuddyToast(streakMsgs[currentPersonality] || `Streak ${context.streak} hari!`, 'celebration');\r\n
 }, 3000);\r\n
 }\r\n
\r\n
 // Check all daily missions completed celebration\r\n
 if (context.missions_total > 0 && context.missions_done === context.missions_total) {\r\n
 setTimeout(() => {\r\n
 const missionMsgs = {\r\n
 chill: "Semua misi hari ini beres.. chill time! 🌿☕",\r\n
 energetic: "SEMUA MISI HARI INI RATA KANAN!!! LUAR BIASA! KAMU JUARA!! 🔥🏆💪",\r\n
 wise: "Setiap kewajiban hari ini telah tertunaikan dengan sempurna. Indah sekali. 📚💎",\r\n
 hype: "Misi harian dibabat habis! Slay banget, no debat! 👑😎"\r\n
 };\r\n
 showBuddyToast(missionMsgs[currentPersonality] || "Misi selesai semua! 🎉", 'celebration');\r\n
 }, 5000);\r\n
 }\r\n
\r\n
 // Populate learning recommendation\r\n
 const recCard = document.getElementById('buddy-recommendation-card');\r\n
 const recCourse = document.getElementById('buddy-rec-course-title');\r\n
 const recLesson = document.getElementById('buddy-rec-lesson-title');\r\n
 const recProgress = document.getElementById('buddy-rec-progress-bar');\r\n
 const recProgressText = document.getElementById('buddy-rec-progress-text');\r\n
 const recActionBtn = document.getElementById('buddy-rec-action-btn');\r\n
\r\n
 if (context.recommendation && context.recommendation.has_recommendation) {\r\n
 if (recCourse) recCourse.textContent = context.recommendation.course_title;\r\n
 if (recLesson) recLesson.textContent = 'Materi: ' + context.recommendation.lesson_title;\r\n
 if (recProgress) recProgress.style.width = context.recommendation.progress_percent + '%';\r\n
 if (recProgressText) recProgressText.textContent = 'Progress: ' + context.recommendation.progress_percent + '%';\r\n
 if (recActionBtn) {\r\n
 recActionBtn.href = '/lessons/' + context.recommendation.lesson_id;\r\n
 recActionBtn.style.display = 'inline-flex';\r\n
 }\r\n
 if (recCard) recCard.style.display = 'block';\r\n
 } else if (context.recommendation && context.recommendation.course_title) {\r\n
 // Enrolled but completed course!\r\n
 if (recCourse) recCourse.textContent = context.recommendation.course_title;\r\n
 if (recLesson) recLesson.textContent = '🎉 Semua materi kelas selesai!';\r\n
 if (recProgress) recProgress.style.width = '100%';\r\n
 if (recProgressText) recProgressText.textContent = 'Progress: 100%';\r\n
 if (recActionBtn) recActionBtn.style.display = 'none';\r\n
 if (recCard) recCard.style.display = 'block';\r\n
 } else {\r\n
 if (recCard) recCard.style.display = 'none';\r\n
 }\r\n
 }\r\n
 } catch (e) {\r\n
 console.error("Failed to fetch buddy context", e);\r\n
 }\r\n
\r\n
 let msgIndex = 0;\r\n
 let charIndex = 0;\r\n
 let isDeleting = false;\r\n
 let typeSpeed = 50;\r\n
\r\n
 function type() {\r\n
 let currentObj = messages[msgIndex];\r\n
 if (typeof currentObj === 'string') {\r\n
 currentObj = { text: currentObj };\r\n
 }\r\n
 const currentMsg = currentObj.text;\r\n
\r\n
 // Hide pills container smoothly at start of typing or deleting\r\n
 const pillsWrapper = document.getElementById('buddy-pills-wrapper');\r\n
 if (pillsWrapper && (charIndex === 0 || isDeleting)) {\r\n
 pillsWrapper.classList.remove('visible');\r\n
 }\r\n
\r\n
 if (isDeleting) {\r\n
 textContainer.innerHTML = currentMsg.substring(0, charIndex - 1) + '<span class="typed-cursor">|</span>';\r\n
 charIndex--;\r\n
 typeSpeed = 20; // faster deletion\r\n
 } else {\r\n
 textContainer.innerHTML = currentMsg.substring(0, charIndex + 1) + '<span class="typed-cursor">|</span>';\r\n
 charIndex++;\r\n
 typeSpeed = 40 + Math.random() * 30; // human like typing\r\n
 }\r\n
\r\n
 if (!isDeleting && charIndex === currentMsg.length) {\r\n
 if (currentObj.type === "mission_prompt") {\r\n
 // Show buttons with smooth CSS grid animation\r\n
 const wrapper = document.getElementById('buddy-prompt-wrapper');\r\n
 requestAnimationFrame(() => {\r\n
 wrapper.classList.add('visible');\r\n
 });\r\n
\r\n
 function hideButtons(callback) {\r\n
 wrapper.classList.remove('visible');\r\n
 wrapper.addEventListener('transitionend', function handler(e) {\r\n
 if (e.propertyName === 'grid-template-rows') {\r\n
 wrapper.removeEventListener('transitionend', handler);\r\n
 callback();\r\n
 }\r\n
 });\r\n
 // Fallback if transitionend doesn't fire\r\n
 setTimeout(callback, 500);\r\n
 }\r\n
\r\n
 // Auto-select "Tidak" after 20 seconds of no interaction\r\n
 if (window.buddyAutoNoTimeout) {\r\n
 clearTimeout(window.buddyAutoNoTimeout);\r\n
 }\r\n
 window.buddyAutoNoTimeout = setTimeout(() => {\r\n
 const noBtn = document.getElementById('btn-prompt-no');\r\n
 if (noBtn) {\r\n
 noBtn.click();\r\n
 }\r\n
 }, 20000);\r\n
\r\n
 document.getElementById('btn-prompt-yes').onclick = function () {\r\n
 if (window.buddyAutoNoTimeout) {\r\n
 clearTimeout(window.buddyAutoNoTimeout);\r\n
 window.buddyAutoNoTimeout = null;\r\n
 }\r\n
 this.onclick = null; // prevent double-click\r\n
 hideButtons(() => {\r\n
 setTimeout(() => {\r\n
 const statsCard = document.getElementById('buddy-stats-card');\r\n
 statsCard.style.display = 'flex';\r\n
 void statsCard.offsetWidth;\r\n
 statsCard.style.opacity = '1';\r\n
 statsCard.style.transform = 'translateY(0)';\r\n
\r\n
 messages.splice(msgIndex + 1, 0, { text: 'Ini dia! Semangat ya ngerjainnya! 🎯' });\r\n
 isDeleting = true;\r\n
 typeSpeed = 20;\r\n
 type();\r\n
 }, 600);\r\n
 });\r\n
 };\r\n
\r\n
 document.getElementById('btn-prompt-no').onclick = function () {\r\n
 if (window.buddyAutoNoTimeout) {\r\n
 clearTimeout(window.buddyAutoNoTimeout);\r\n
 window.buddyAutoNoTimeout = null;\r\n
 }\r\n
 this.onclick = null; // prevent double-click\r\n
 hideButtons(() => {\r\n
 setTimeout(() => {\r\n
 messages.splice(msgIndex + 1, 0, { text: 'Oke deh, kabari aja kalau udah siap! 😊' });\r\n
 isDeleting = true;\r\n
 typeSpeed = 20;\r\n
 type();\r\n
 }, 600);\r\n
 });\r\n
 };\r\n
\r\n
 return; // Wait for user interaction\r\n
 }\r\n
\r\n
 // Show "Tanya Buddy" pills row smoothly\r\n
 const pillsWrapper = document.getElementById('buddy-pills-wrapper');\r\n
 if (pillsWrapper && localStorage.getItem('buddy_pills_disabled') !== 'true') {\r\n
 pillsWrapper.classList.add('visible');\r\n
 }\r\n
\r\n
 typeSpeed = 20000; // wait 20 seconds before deleting\r\n
 isDeleting = true;\r\n
 } else if (isDeleting && charIndex === 0) {\r\n
 isDeleting = false;\r\n
 msgIndex = (msgIndex + 1) % messages.length;\r\n
 typeSpeed = 500; // wait half second before typing next\r\n
 }\r\n
\r\n
 if (window.buddyTypingTimeout) {\r\n
 clearTimeout(window.buddyTypingTimeout);\r\n
 }\r\n
 window.buddyTypingTimeout = setTimeout(type, typeSpeed);\r\n
 }\r\n
\r\n
 // Clear any existing typing timeout to prevent overlaps\r\n
 if (window.buddyTypingTimeout) {\r\n
 clearTimeout(window.buddyTypingTimeout);\r\n
 }\r\n
 if (window.buddyAutoNoTimeout) {\r\n
 clearTimeout(window.buddyAutoNoTimeout);\r\n
 window.buddyAutoNoTimeout = null;\r\n
 }\r\n
\r\n
 // Clear the thinking text and start typing\r\n
 textContainer.innerHTML = '';\r\n
 type();\r\n
 }\r\n
\r\n
 // Chatbot Personality, History Log & Input logic\r\n
 let currentPersonality = 'chill';\r\n
 let toastTimeout = null;\r\n
 let idleTimer = null;\r\n
\r\n
 function showBuddyToast(message, type = '') {\r\n
 const toast = document.getElementById('buddy-toast');\r\n
 const toastText = document.getElementById('buddy-toast-text');\r\n
 if (!toast || !toastText) return;\r\n
\r\n
 toast.className = 'buddy-toast';\r\n
 if (type) {\r\n
 toast.classList.add('event-' + type);\r\n
 }\r\n
\r\n
 toastText.textContent = message;\r\n
 toast.classList.add('visible');\r\n
\r\n
 if (toastTimeout) {\r\n
 clearTimeout(toastTimeout);\r\n
 }\r\n
 toastTimeout = setTimeout(() => {\r\n
 toast.classList.remove('visible');\r\n
 }, 4000);\r\n
 }\r\n
\r\n
 function resetIdleTimer() {\r\n
 if (idleTimer) {\r\n
 clearTimeout(idleTimer);\r\n
 }\r\n
 idleTimer = setTimeout(triggerIdleReaction, 300000); // 5 minutes\r\n
 }\r\n
\r\n
 function triggerIdleReaction() {\r\n
 const reminders = {\r\n
 chill: "Masih di sini? Santai sejenak aja, terus lanjut lagi.. 🌿☕",\r\n
 energetic: "WOII!! LARI DARI KENYATAAN YA?? AYO LANJUT NGODING!!! 🔥💪🚀",\r\n
 wise: "Ingatlah bahwa penundaan adalah pencuri waktu. Mari lanjutkan perjuanganmu. 📚🧠",\r\n
 hype: "Bestie.. masih hidup kan? Yuk lanjut belajar biar makin slay! 😎👑"\r\n
 };\r\n
 const msg = reminders[currentPersonality] || "Masih di sini? Yuk lanjut belajar~ 😊";\r\n
 showBuddyToast(msg, 'warning');\r\n
 }\r\n
\r\n
 // Register global event listeners for idle tracking\r\n
 document.addEventListener('mousemove', resetIdleTimer);\r\n
 document.addEventListener('keypress', resetIdleTimer);\r\n
 document.addEventListener('scroll', resetIdleTimer);\r\n
 document.addEventListener('click', resetIdleTimer);\r\n
 resetIdleTimer();\r\n
\r\n
 function getPersonalityName(avatarId) {\r\n
 const mapping = {\r\n
 '1': 'chill',\r\n
 '2': 'energetic',\r\n
 '3': 'wise',\r\n
 '4': 'hype'\r\n
 };\r\n
 return mapping[avatarId] || 'chill';\r\n
 }\r\n
\r\n
 function addChatBubble(sender, text) {\r\n
 const logContainer = document.getElementById('buddy-chat-log');\r\n
 if (!logContainer) return;\r\n
\r\n
 // Make logContainer visible\r\n
 logContainer.style.display = 'flex';\r\n
\r\n
 const bubble = document.createElement('div');\r\n
 bubble.className = `buddy-msg-bubble ${sender}`;\r\n
\r\n
 // Parse bold notation **text**\r\n
 bubble.innerHTML = text.replace(/\*\*(.*?)\*\*/g, '<strong>$1</strong>');\r\n
\r\n
 logContainer.appendChild(bubble);\r\n
 logContainer.scrollTop = logContainer.scrollHeight;\r\n
 }\r\n
\r\n
 function loadBuddyMemory() {\r\n
 const defaultMemory = {\r\n
 total_interactions: 0,\r\n
 last_topic: '',\r\n
 favorite_topic: '',\r\n
 topic_counts: { tips: 0, motivasi: 0, humor: 0, status: 0 },\r\n
 days_active: 1,\r\n
 last_visit_date: new Date().toDateString(),\r\n
 chat_history: []\r\n
 };\r\n
\r\n
 try {\r\n
 const stored = localStorage.getItem('buddy_memory');\r\n
 if (stored) {\r\n
 return JSON.parse(stored);\r\n
 }\r\n
 } catch (e) {\r\n
 console.error("Failed to parse buddy memory", e);\r\n
 }\r\n
\r\n
 return defaultMemory;\r\n
 }\r\n
\r\n
 function saveBuddyMemory(memory) {\r\n
 try {\r\n
 localStorage.setItem('buddy_memory', JSON.stringify(memory));\r\n
 } catch (e) {\r\n
 console.error("Failed to save buddy memory", e);\r\n
 }\r\n
 }\r\n
\r\n
 function trackBuddyInteraction(topic, userMsg, replyMsg) {\r\n
 const memory = loadBuddyMemory();\r\n
\r\n
 memory.total_interactions += 1;\r\n
 memory.last_topic = topic;\r\n
\r\n
 if (memory.topic_counts[topic] !== undefined) {\r\n
 memory.topic_counts[topic] += 1;\r\n
 } else {\r\n
 memory.topic_counts[topic] = 1;\r\n
 }\r\n
\r\n
 // Recalculate favorite topic\r\n
 let fav = memory.favorite_topic || topic;\r\n
 let maxCount = memory.topic_counts[fav] || 0;\r\n
 for (const t in memory.topic_counts) {\r\n
 if (memory.topic_counts[t] > maxCount) {\r\n
 fav = t;\r\n
 maxCount = memory.topic_counts[t];\r\n
 }\r\n
 }\r\n
 memory.favorite_topic = fav;\r\n
\r\n
 // Track active days\r\n
 const today = new Date().toDateString();\r\n
 if (memory.last_visit_date !== today) {\r\n
 memory.days_active += 1;\r\n
 memory.last_visit_date = today;\r\n
 }\r\n
\r\n
 // Add to history (keep max 10 messages = 20 entries)\r\n
 memory.chat_history.push({\r\n
 role: 'user',\r\n
 text: userMsg,\r\n
 ts: Date.now()\r\n
 });\r\n
 memory.chat_history.push({\r\n
 role: 'buddy',\r\n
 text: replyMsg,\r\n
 ts: Date.now()\r\n
 });\r\n
 if (memory.chat_history.length > 20) {\r\n
 memory.chat_history.shift();\r\n
 memory.chat_history.shift();\r\n
 }\r\n
\r\n
 saveBuddyMemory(memory);\r\n
 }\r\n
\r\n
 // "Tanya Buddy" Interactive Chatbot Logic\r\n
 window.askBuddy = function (topic, btn) {\r\n
 if (window.buddyPillClicked) return;\r\n
 window.buddyPillClicked = true;\r\n
\r\n
 // Hide pills container smoothly\r\n
 const pillsWrapper = document.getElementById('buddy-pills-wrapper');\r\n
 if (pillsWrapper) {\r\n
 pillsWrapper.classList.remove('visible');\r\n
 }\r\n
\r\n
 if (window.buddyTypingTimeout) {\r\n
 clearTimeout(window.buddyTypingTimeout);\r\n
 }\r\n
 if (window.buddyAutoNoTimeout) {\r\n
 clearTimeout(window.buddyAutoNoTimeout);\r\n
 window.buddyAutoNoTimeout = null;\r\n
 }\r\n
\r\n
 // Add User Chat Bubble\r\n
 let topicLabel = "💡 Tips Belajar";\r\n
 if (topic === 'status') topicLabel = "🔥 Status";\r\n
 if (topic === 'motivasi') topicLabel = "🚀 Motivasi";\r\n
 if (topic === 'humor') topicLabel = "☕ Lelucon";\r\n
 addChatBubble('user', topicLabel);\r\n
\r\n
 // Get dynamic context data for responses\r\n
 const streak = document.getElementById('buddy-stat-streak')?.textContent || '0 hr';\r\n
 const missions = document.getElementById('buddy-stat-missions')?.textContent || '0/0';\r\n
 const level = document.getElementById('buddy-stat-level')?.textContent || 'Lv 1';\r\n
 const tier = document.getElementById('buddy-stat-tier')?.textContent || 'Initiate';\r\n
\r\n
 let replyText = "";\r\n
 if (topic === 'status') {\r\n
 replyText = `Status belajarmu saat ini: kamu ada di **${tier} (${level})** dengan streak **${streak}**. ${missions !== '0/0' ? `Hari ini kamu udah beresin ${missions} misi!` : 'Yuk selesaikan misimu hari ini!'} Semangat terus belajarnya ya! 🚀`;\r\n
 } else {\r\n
 replyText = getRandomBuddySentence(topic, currentPersonality);\r\n
 }\r\n
\r\n
 const textContainer = document.getElementById('buddy-typing-text');\r\n
 if (!textContainer) return;\r\n
\r\n
 let currentText = textContainer.textContent.replace('|', '');\r\n
 let deleteIndex = currentText.length;\r\n
\r\n
 function deleteAnimation() {\r\n
 if (deleteIndex > 0) {\r\n
 textContainer.innerHTML = currentText.substring(0, deleteIndex - 1) + '<span class="typed-cursor">|</span>';\r\n
 deleteIndex--;\r\n
 window.buddyTypingTimeout = setTimeout(deleteAnimation, 15);\r\n
 } else {\r\n
 let replyCharIndex = 0;\r\n
 function typeReply() {\r\n
 if (replyCharIndex <= replyText.length) {\r\n
 textContainer.innerHTML = replyText.substring(0, replyCharIndex) + '<span class="typed-cursor">|</span>';\r\n
 replyCharIndex++;\r\n
 window.buddyTypingTimeout = setTimeout(typeReply, 30 + Math.random() * 20);\r\n
 } else {\r\n
 window.buddyPillClicked = false;\r\n
\r\n
 // Append Buddy Response Bubble to Log\r\n
 addChatBubble('buddy', replyText);\r\n
\r\n
 // Track interaction to local storage memory\r\n
 trackBuddyInteraction(topic, topicLabel, replyText);\r\n
\r\n
 const pillsWrapper = document.getElementById('buddy-pills-wrapper');\r\n
 if (pillsWrapper && localStorage.getItem('buddy_pills_disabled') !== 'true') {\r\n
 pillsWrapper.classList.add('visible');\r\n
 }\r\n
\r\n
 window.buddyTypingTimeout = setTimeout(() => {\r\n
 let cleanIndex = replyText.length;\r\n
 function cleanReply() {\r\n
 if (cleanIndex > 0) {\r\n
 textContainer.innerHTML = replyText.substring(0, cleanIndex - 1) + '<span class="typed-cursor">|</span>';\r\n
 cleanIndex--;\r\n
 window.buddyTypingTimeout = setTimeout(cleanReply, 15);\r\n
 } else {\r\n
 startTypingEffect();\r\n
 }\r\n
 }\r\n
 cleanReply();\r\n
 }, 20000);\r\n
 }\r\n
 }\r\n
 typeReply();\r\n
 }\r\n
 }\r\n
 deleteAnimation();\r\n
 };\r\n
\r\n
 // Custom Free-Text Response Processing\r\n
 window.processBuddyChat = function (userMessage) {\r\n
 if (!userMessage.trim()) return;\r\n
 if (window.buddyPillClicked) return;\r\n
 window.buddyPillClicked = true;\r\n
\r\n
 // Add user bubble\r\n
 addChatBubble('user', userMessage);\r\n
\r\n
 // Clear input field\r\n
 const chatInput = document.getElementById('buddy-chat-input');\r\n
 if (chatInput) chatInput.value = '';\r\n
\r\n
 // Hide pills container smoothly\r\n
 const pillsWrapper = document.getElementById('buddy-pills-wrapper');\r\n
 if (pillsWrapper) {\r\n
 pillsWrapper.classList.remove('visible');\r\n
 }\r\n
\r\n
 if (window.buddyTypingTimeout) {\r\n
 clearTimeout(window.buddyTypingTimeout);\r\n
 }\r\n
 if (window.buddyAutoNoTimeout) {\r\n
 clearTimeout(window.buddyAutoNoTimeout);\r\n
 window.buddyAutoNoTimeout = null;\r\n
 }\r\n
\r\n
 // Match Intent Topic\r\n
 const topic = matchBuddyIntent(userMessage);\r\n
\r\n
 // Get dynamic context data for responses\r\n
 const streak = document.getElementById('buddy-stat-streak')?.textContent || '0 hr';\r\n
 const missions = document.getElementById('buddy-stat-missions')?.textContent || '0/0';\r\n
 const level = document.getElementById('buddy-stat-level')?.textContent || 'Lv 1';\r\n
 const tier = document.getElementById('buddy-stat-tier')?.textContent || 'Initiate';\r\n
\r\n
 let replyText = "";\r\n
 if (topic === 'status') {\r\n
 replyText = `Status belajarmu saat ini: kamu ada di **${tier} (${level})** dengan streak **${streak}**. ${missions !== '0/0' ? `Hari ini kamu udah beresin ${missions} misi!` : 'Yuk selesaikan misimu hari ini!'} Semangat terus belajarnya ya! 🚀`;\r\n
 } else {\r\n
 replyText = getRandomBuddySentence(topic, currentPersonality);\r\n
 }\r\n
\r\n
 const textContainer = document.getElementById('buddy-typing-text');\r\n
 if (!textContainer) return;\r\n
\r\n
 let currentText = textContainer.textContent.replace('|', '');\r\n
 let deleteIndex = currentText.length;\r\n
\r\n
 function deleteAnimation() {\r\n
 if (deleteIndex > 0) {\r\n
 textContainer.innerHTML = currentText.substring(0, deleteIndex - 1) + '<span class="typed-cursor">|</span>';\r\n
 deleteIndex--;\r\n
 window.buddyTypingTimeout = setTimeout(deleteAnimation, 15);\r\n
 } else {\r\n
 let replyCharIndex = 0;\r\n
 function typeReply() {\r\n
 if (replyCharIndex <= replyText.length) {\r\n
 textContainer.innerHTML = replyText.substring(0, replyCharIndex) + '<span class="typed-cursor">|</span>';\r\n
 replyCharIndex++;\r\n
 window.buddyTypingTimeout = setTimeout(typeReply, 30 + Math.random() * 20);\r\n
 } else {\r\n
 window.buddyPillClicked = false;\r\n
\r\n
 // Append Buddy Response Bubble to Log\r\n
 addChatBubble('buddy', replyText);\r\n
\r\n
 // Track interaction to local storage memory\r\n
 trackBuddyInteraction(topic, userMessage, replyText);\r\n
\r\n
 const pillsWrapper = document.getElementById('buddy-pills-wrapper');\r\n
 if (pillsWrapper && localStorage.getItem('buddy_pills_disabled') !== 'true') {\r\n
 pillsWrapper.classList.add('visible');\r\n
 }\r\n
\r\n
 window.buddyTypingTimeout = setTimeout(() => {\r\n
 let cleanIndex = replyText.length;\r\n
 function cleanReply() {\r\n
 if (cleanIndex > 0) {\r\n
 textContainer.innerHTML = replyText.substring(0, cleanIndex - 1) + '<span class="typed-cursor">|</span>';\r\n
 cleanIndex--;\r\n
 window.buddyTypingTimeout = setTimeout(cleanReply, 15);\r\n
 } else {\r\n
 startTypingEffect();\r\n
 }\r\n
 }\r\n
 cleanReply();\r\n
 }, 20000);\r\n
 }\r\n
 }\r\n
 typeReply();\r\n
 }\r\n
 }\r\n
 deleteAnimation();\r\n
 };\r\n
\r\n
 // Wire input events\r\n
 const chatInput = document.getElementById('buddy-chat-input');\r\n
 const chatSendBtn = document.getElementById('btn-buddy-chat-send');\r\n
\r\n
 if (chatInput && chatSendBtn) {\r\n
 chatSendBtn.addEventListener('click', () => {\r\n
 processBuddyChat(chatInput.value);\r\n
 });\r\n
\r\n
 chatInput.addEventListener('keypress', (e) => {\r\n
 if (e.key === 'Enter') {\r\n
 processBuddyChat(chatInput.value);\r\n
 }\r\n
 });\r\n
 }\r\n
\r\n
 // Restore chat history from memory on initial load\r\n
 try {\r\n
 const storedMemory = loadBuddyMemory();\r\n
 if (storedMemory.chat_history && storedMemory.chat_history.length > 0) {\r\n
 storedMemory.chat_history.forEach(msg => {\r\n
 addChatBubble(msg.role, msg.text);\r\n
 });\r\n
 }\r\n
 } catch (e) {\r\n
 console.error("Restoring buddy chat history failed", e);\r\n
 }\r\n
\r\n
 // ─── Mode Switch Logic (Auto ↔ Chat) ───\r\n
 function switchBuddyMode(mode) {\r\n
 const chatContainer = document.querySelector('#buddy-state-3 .buddy-chat');\r\n
 const switchEl = document.getElementById('buddy-mode-switch');\r\n
 const btnAuto = document.getElementById('btn-mode-auto');\r\n
 const btnChat = document.getElementById('btn-mode-chat');\r\n
 const chatInput = document.getElementById('buddy-chat-input');\r\n
\r\n
 if (!chatContainer || !switchEl) return;\r\n
\r\n
 if (mode === 'chat') {\r\n
 chatContainer.classList.add('mode-chat');\r\n
 switchEl.setAttribute('data-active', 'chat');\r\n
 if (btnAuto) btnAuto.classList.remove('active');\r\n
 if (btnChat) btnChat.classList.add('active');\r\n
 localStorage.setItem('buddy_chat_mode', 'chat');\r\n
\r\n
 // Auto-focus the chat input\r\n
 if (chatInput) {\r\n
 setTimeout(() => chatInput.focus(), 400);\r\n
 }\r\n
 } else {\r\n
 chatContainer.classList.remove('mode-chat');\r\n
 switchEl.setAttribute('data-active', 'auto');\r\n
 if (btnAuto) btnAuto.classList.add('active');\r\n
 if (btnChat) btnChat.classList.remove('active');\r\n
 localStorage.setItem('buddy_chat_mode', 'auto');\r\n
\r\n
 // Clear input and blur focus\r\n
 if (chatInput) {\r\n
 chatInput.value = '';\r\n
 chatInput.blur();\r\n
 }\r\n
 }\r\n
 }\r\n
\r\n
 // Wire mode switch buttons\r\n
 const btnModeAuto = document.getElementById('btn-mode-auto');\r\n
 const btnModeChat = document.getElementById('btn-mode-chat');\r\n
 if (btnModeAuto) btnModeAuto.addEventListener('click', () => switchBuddyMode('auto'));\r\n
 if (btnModeChat) btnModeChat.addEventListener('click', () => switchBuddyMode('chat'));\r\n
\r\n
 // Restore saved mode preference (default: auto)\r\n
 const savedMode = localStorage.getItem('buddy_chat_mode') || 'auto';\r\n
 switchBuddyMode(savedMode);\r\n
\r\n
 // Keep dismissBuddyPills for the ✕ button in pills row (only relevant in auto mode)\r\n
 window.dismissBuddyPills = function () {\r\n
 const pillsWrapper = document.getElementById('buddy-pills-wrapper');\r\n
 if (pillsWrapper) {\r\n
 pillsWrapper.classList.remove('visible');\r\n
 }\r\n
 localStorage.setItem('buddy_pills_disabled', 'true');\r\n
 };\r\n
\r\n
 // Restore toggleBuddyPills to toggle visibility of pill tags\r\n
 window.toggleBuddyPills = function () {\r\n
 const pillsWrapper = document.getElementById('buddy-pills-wrapper');\r\n
 if (!pillsWrapper) return;\r\n
\r\n
 const isCurrentlyVisible = pillsWrapper.classList.contains('visible');\r\n
 if (isCurrentlyVisible) {\r\n
 pillsWrapper.classList.remove('visible');\r\n
 localStorage.setItem('buddy_pills_disabled', 'true');\r\n
 } else {\r\n
 pillsWrapper.classList.add('visible');\r\n
 localStorage.setItem('buddy_pills_disabled', 'false');\r\n
 }\r\n
 };\r\n
\r\n
 function generateBuddyMessages(ctx) {\r\n
 const msgs = [];\r\n
\r\n
 // 1. Time & Day based dynamic greeting (Personality & Context Aware)\r\n
 let greeting = window.getDynamicBuddyGreeting(currentPersonality, ctx);\r\n
 msgs.push(greeting);\r\n
\r\n
 // 2. Mission context\r\n
 if (ctx.missions_total > 0) {\r\n
 if (ctx.missions_done === ctx.missions_total) {\r\n
 msgs.push("Wah, semua misi hari ini udah beres! Keren banget! 🎉");\r\n
 } else if (ctx.missions_done === 0) {\r\n
 msgs.push({ text: "Misi harianmu belum ada yang dikerjain nih. Mau kulihatkan?", type: "mission_prompt" });\r\n
 } else {\r\n
 msgs.push({ text: `Misi harianmu baru selesai ${ctx.missions_done} dari ${ctx.missions_total}. Mau kulihatkan?`, type: "mission_prompt" });\r\n
 }\r\n
 }\r\n
\r\n
 // 3. Streak context\r\n
 if (ctx.streak > 3) {\r\n
 msgs.push(`Gokil! Udah ${ctx.streak} hari berturut-turut kamu belajar. Pertahankan apinya! 🔥`);\r\n
 } else if (ctx.streak === 0) {\r\n
 msgs.push("Udah lama nggak kelihatan.. Jangan kendor belajarnya ya!");\r\n
 }\r\n
\r\n
 // 4. Avatar personality flavor\r\n
 if (ctx.buddy_avatar === '1') {\r\n
 msgs.push("Btw, aku suka banget ngoding sambil dengerin musik lofi~");\r\n
 } else if (ctx.buddy_avatar === '2') {\r\n
 msgs.push("Jangan lupa minum air putih yang banyak ya biar tetap fokus!");\r\n
 } else if (ctx.buddy_avatar === '3') {\r\n
 msgs.push("Kalau materinya susah, santai aja. Pelan-pelan pasti paham kok.");\r\n
 } else if (ctx.buddy_avatar === '4') {\r\n
 msgs.push("Aku siap nemenin kamu sampai jadi pro!");\r\n
 }\r\n
\r\n
 // 5. Level context\r\n
 if (ctx.exp_percentage > 80) {\r\n
 msgs.push(`Dikit lagi naik level nih! Tinggal push dikit lagi. 📈`);\r\n
 } else {\r\n
 msgs.push(`Sekarang kamu ada di tier ${ctx.tier}, terus kumpulkan EXP ya!`);\r\n
 }\r\n
\r\n
 return msgs;\r\n
 }\r\n
\r\n
 const btnCloseStats = document.getElementById('btn-close-stats');\r\n
 if (btnCloseStats) {\r\n
 btnCloseStats.addEventListener('click', () => {\r\n
 const statsCard = document.getElementById('buddy-stats-card');\r\n
 statsCard.style.opacity = '0';\r\n
 statsCard.style.transform = 'translateY(-10px)';\r\n
 setTimeout(() => {\r\n
 statsCard.style.display = 'none';\r\n
 }, 400); // match CSS transition duration\r\n
 });\r\n
 }\r\n
\r\n
 // ============================================\r\n
 // PHASE 9: Floating Buddy Widget\r\n
 // Shows when main buddy card scrolls out of view\r\n
 // Uses scroll + getBoundingClientRect for max reliability\r\n
 // ============================================\r\n
 (function initFloatingBuddy() {\r\n
 const floatWidget = document.getElementById('buddy-floating-widget');\r\n
 const floatAvatar = document.getElementById('buddy-float-avatar');\r\n
 const floatName = document.getElementById('buddy-float-name');\r\n
 const buddySection = document.querySelector('.buddy-section');\r\n
\r\n
 if (!floatWidget || !buddySection) return;\r\n
\r\n
 // Sync avatar & name from the main buddy card\r\n
 function syncFloatWidget() {\r\n
 const mainAvatar = document.getElementById('active-buddy-avatar');\r\n
 const mainName = document.getElementById('active-buddy-name');\r\n
\r\n
 if (mainAvatar && mainAvatar.src && !mainAvatar.src.endsWith('/')) {\r\n
 floatAvatar.src = mainAvatar.src;\r\n
 }\r\n
 if (mainName) {\r\n
 const nameSpan = mainName.querySelector('span:first-child');\r\n
 const name = nameSpan ? nameSpan.textContent.trim() : '';\r\n
 if (name) floatName.textContent = name;\r\n
 }\r\n
 }\r\n
\r\n
 // Check if buddy is "active" (buddy has been set up)\r\n
 function isBuddyActive() {\r\n
 const state3 = document.getElementById('buddy-state-3');\r\n
 if (!state3) return false;\r\n
 // Use getComputedStyle for maximum reliability\r\n
 return window.getComputedStyle(state3).display !== 'none';\r\n
 }\r\n
\r\n
 // Update floating widget visibility based on scroll position\r\n
 let ticking = false;\r\n
 function updateFloatVisibility() {\r\n
 if (!ticking) {\r\n
 requestAnimationFrame(function () {\r\n
 const rect = buddySection.getBoundingClientRect();\r\n
 // Card is "out of view" when its bottom has scrolled above the top of viewport\r\n
 // OR when its top has scrolled below the bottom of viewport\r\n
 const isOutOfView = rect.bottom < 0 || rect.top > window.innerHeight;\r\n
\r\n
 if (isOutOfView && isBuddyActive()) {\r\n
 syncFloatWidget();\r\n
 floatWidget.classList.add('visible');\r\n
 } else {\r\n
 floatWidget.classList.remove('visible');\r\n
 }\r\n
 ticking = false;\r\n
 });\r\n
 ticking = true;\r\n
 }\r\n
 }\r\n
\r\n
 // Listen to scroll on both window and any parent\r\n
 window.addEventListener('scroll', updateFloatVisibility, { passive: true });\r\n
 document.addEventListener('scroll', updateFloatVisibility, { passive: true, capture: true });\r\n
\r\n
 // --- HOVER DESCRIPTION LOGIC ---\r\n
 let hoverTimer = null;\r\n
 let hideTimer = null;\r\n
 let currentHoverDesc = null;\r\n
 let currentHoverTarget = null;\r\n
 const defaultHintText = 'Online';\r\n
 let isExpandedDesc = false;\r\n
\r\n
 // Shared FLIP helper: animates width+height from current to target\r\n
 const FLIP_DURATION = 500; // ms\r\n
 const FLIP_EASING = 'cubic-bezier(0.4, 0.0, 0.2, 1)';\r\n
 let flipInProgress = false;\r\n
\r\n
 function flipAnimate(onMutate, onTextReady) {\r\n
 if (flipInProgress) return;\r\n
 flipInProgress = true;\r\n
\r\n
 const hintEl = floatWidget.querySelector('.buddy-float-hint');\r\n
 const nameEl = floatWidget.querySelector('.buddy-float-name');\r\n
\r\n
 // 1. FIRST — capture current rendered size & styles\r\n
 const firstComputed = window.getComputedStyle(floatWidget);\r\n
 const firstW = floatWidget.offsetWidth;\r\n
 const firstH = floatWidget.offsetHeight;\r\n
 const firstBR = firstComputed.borderRadius;\r\n
 const firstPad = firstComputed.padding;\r\n
\r\n
 // 2. Fade out text\r\n
 if (hintEl) {\r\n
 hintEl.style.transition = 'opacity 0.15s ease';\r\n
 hintEl.style.opacity = '0';\r\n
 }\r\n
 if (nameEl) {\r\n
 nameEl.style.transition = 'opacity 0.15s ease';\r\n
 nameEl.style.opacity = '0';\r\n
 }\r\n
\r\n
 // 3. Lock at current size + remove CSS constraints\r\n
 floatWidget.style.transition = 'none';\r\n
 floatWidget.style.width = firstW + 'px';\r\n
 floatWidget.style.height = firstH + 'px';\r\n
 floatWidget.style.borderRadius = firstBR;\r\n
 floatWidget.style.padding = firstPad;\r\n
 floatWidget.style.maxWidth = 'none';\r\n
 floatWidget.style.maxHeight = 'none';\r\n
 floatWidget.style.overflow = 'hidden';\r\n
\r\n
 // Small delay to let fade-out render\r\n
 setTimeout(() => {\r\n
 // 4. MUTATE — apply class/text changes while size is locked\r\n
 onMutate(hintEl);\r\n
\r\n
 // 5. LAST — measure natural target size (temporarily unlock)\r\n
 floatWidget.style.width = 'auto';\r\n
 floatWidget.style.height = 'auto';\r\n
 floatWidget.style.borderRadius = '';\r\n
 floatWidget.style.padding = '';\r\n
\r\n
 const targetComputed = window.getComputedStyle(floatWidget);\r\n
 const lastW = floatWidget.offsetWidth;\r\n
 const lastH = floatWidget.offsetHeight;\r\n
 const lastBR = targetComputed.borderRadius;\r\n
 const lastPad = targetComputed.padding;\r\n
\r\n
 // 6. INVERT — snap back to first size\r\n
 floatWidget.style.width = firstW + 'px';\r\n
 floatWidget.style.height = firstH + 'px';\r\n
 floatWidget.style.borderRadius = firstBR;\r\n
 floatWidget.style.padding = firstPad;\r\n
 floatWidget.offsetHeight; // force reflow\r\n
\r\n
 // 7. PLAY — animate to target with gentle easing\r\n
 const dur = FLIP_DURATION;\r\n
 const ease = 'cubic-bezier(0.25, 0.1, 0.25, 1)';\r\n
 floatWidget.style.transition = [\r\n
 `width ${dur}ms ${ease}`,\r\n
 `height ${dur}ms ${ease}`,\r\n
 `border-radius ${dur}ms ${ease}`,\r\n
 `padding ${dur}ms ${ease}`,\r\n
 `background ${dur}ms ease`\r\n
 ].join(', ');\r\n
\r\n
 floatWidget.style.width = lastW + 'px';\r\n
 floatWidget.style.height = lastH + 'px';\r\n
 floatWidget.style.borderRadius = lastBR;\r\n
 floatWidget.style.padding = lastPad;\r\n
\r\n
 // 8. Fade text back in after size has begun settling\r\n
 setTimeout(() => {\r\n
 if (hintEl) {\r\n
 hintEl.style.transition = 'opacity 0.35s ease';\r\n
 hintEl.style.opacity = '1';\r\n
 }\r\n
 if (nameEl) {\r\n
 nameEl.style.transition = 'opacity 0.35s ease';\r\n
 nameEl.style.opacity = '1';\r\n
 }\r\n
 if (onTextReady) onTextReady();\r\n
 }, dur * 0.4);\r\n
\r\n
 // 9. Cleanup — remove ALL inline overrides so CSS takes over\r\n
 setTimeout(() => {\r\n
 floatWidget.style.width = '';\r\n
 floatWidget.style.height = '';\r\n
 floatWidget.style.borderRadius = '';\r\n
 floatWidget.style.padding = '';\r\n
 floatWidget.style.maxWidth = '';\r\n
 floatWidget.style.maxHeight = '';\r\n
 floatWidget.style.overflow = '';\r\n
 floatWidget.style.transition = '';\r\n
 if (hintEl) hintEl.style.transition = '';\r\n
 if (nameEl) nameEl.style.transition = '';\r\n
 flipInProgress = false;\r\n
 }, dur + 80);\r\n
 }, 140);\r\n
 }\r\n
\r\n
 function resetWidgetToDefault() {\r\n
 if (isExpandedDesc) return;\r\n
\r\n
 const wasExpanded = floatWidget.classList.contains('expanded-desc');\r\n
 const hintEl = floatWidget.querySelector('.buddy-float-hint');\r\n
\r\n
 if (wasExpanded) {\r\n
 // Use FLIP for smooth collapse\r\n
 flipAnimate((hint) => {\r\n
 floatWidget.classList.remove('expanded-desc');\r\n
 if (currentHoverTarget && currentHoverDesc) {\r\n
 floatWidget.classList.add('question-state');\r\n
 if (hint) hint.textContent = 'Tentang ini?';\r\n
 } else {\r\n
 floatWidget.classList.remove('question-state');\r\n
 if (hint) hint.innerHTML = defaultHintText;\r\n
 currentHoverDesc = null;\r\n
 currentHoverTarget = null;\r\n
 }\r\n
 });\r\n
 } else if (hintEl) {\r\n
 const nameEl = floatWidget.querySelector('.buddy-float-name');\r\n
 // Simple text swap (e.g. Tentang ini? -> Online)\r\n
 hintEl.style.transition = 'opacity 0.2s ease';\r\n
 hintEl.style.opacity = '0';\r\n
 if (nameEl) {\r\n
 nameEl.style.transition = 'opacity 0.2s ease';\r\n
 nameEl.style.opacity = '0';\r\n
 }\r\n
 setTimeout(() => {\r\n
 floatWidget.classList.remove('expanded-desc');\r\n
 if (currentHoverTarget && currentHoverDesc) {\r\n
 floatWidget.classList.add('question-state');\r\n
 hintEl.textContent = 'Tentang ini?';\r\n
 } else {\r\n
 floatWidget.classList.remove('question-state');\r\n
 hintEl.innerHTML = defaultHintText;\r\n
 currentHoverDesc = null;\r\n
 currentHoverTarget = null;\r\n
 }\r\n
 hintEl.style.opacity = '1';\r\n
 if (nameEl) nameEl.style.opacity = '1';\r\n
 setTimeout(() => {\r\n
 hintEl.style.transition = '';\r\n
 if (nameEl) nameEl.style.transition = '';\r\n
 }, 250);\r\n
 }, 200);\r\n
 } else {\r\n
 floatWidget.classList.remove('expanded-desc', 'question-state');\r\n
 currentHoverDesc = null;\r\n
 currentHoverTarget = null;\r\n
 }\r\n
 }\r\n
\r\n
 const descMap = {\r\n
 'material-card': 'Menampilkan materi berdasarkan interest dan fokus yang kamu pilih.',\r\n
 'missions-container': 'Menampilkan misi harian yang bisa kamu selesaikan untuk mendapatkan EXP ekstra.',\r\n
 'android-exam-card': 'Ujian akhir untuk mengevaluasi pemahamanmu secara menyeluruh dan mendapatkan Sertifikat Fokus.',\r\n
 'schedule-column': 'Jadwal belajar kamu hari ini. Pastikan kamu tidak kelewatan ya!',\r\n
 'season-timers': 'Waktu tersisa sebelum season ini berakhir, ayo kumpulkan EXP sebanyak mungkin!',\r\n
 'leaderboard-list': 'Peringkat global berdasarkan total EXP. Ayo kejar peringkat pertama!',\r\n
 'tier-progression-card': 'Tingkatan rank berdasarkan seberapa rajin kamu belajar dan mengumpulkan EXP.'\r\n
 };\r\n
 const selector = '[data-buddy-desc], ' + Object.keys(descMap).map(cls => '.' + cls).join(', ');\r\n
\r\n
 document.addEventListener('mouseover', (e) => {\r\n
 // Only run logic if widget is visible and not already expanded\r\n
 if (!floatWidget.classList.contains('visible') || isExpandedDesc) return;\r\n
\r\n
 // If moving cursor to the widget itself, don't hide the "Tentang ini?" text\r\n
 if (e.target.closest('#buddy-floating-widget')) {\r\n
 clearTimeout(hideTimer);\r\n
 return;\r\n
 }\r\n
\r\n
 const target = e.target.closest(selector);\r\n
\r\n
 if (target) {\r\n
 clearTimeout(hideTimer);\r\n
 // If hovering a NEW target\r\n
 if (target !== currentHoverTarget) {\r\n
 currentHoverTarget = target;\r\n
 clearTimeout(hoverTimer);\r\n
\r\n
 let desc = target.getAttribute('data-buddy-desc');\r\n
 if (!desc) {\r\n
 for (const [cls, txt] of Object.entries(descMap)) {\r\n
 if (target.classList.contains(cls)) {\r\n
 desc = txt;\r\n
 break;\r\n
 }\r\n
 }\r\n
 }\r\n
\r\n
 if (desc) {\r\n
 // 100ms delay before showing "Tentang ini?" (super quick but prevents glitching when scrolling past)\r\n
 hoverTimer = setTimeout(() => {\r\n
 if (!isExpandedDesc) {\r\n
 const hintEl = floatWidget.querySelector('.buddy-float-hint');\r\n
 if (hintEl) {\r\n
 hintEl.style.opacity = '0';\r\n
 setTimeout(() => {\r\n
 floatWidget.classList.add('question-state');\r\n
 hintEl.textContent = 'Tentang ini?';\r\n
 hintEl.style.opacity = '1';\r\n
 }, 150);\r\n
 }\r\n
 currentHoverDesc = desc;\r\n
 }\r\n
 }, 100);\r\n
 }\r\n
 }\r\n
 } else {\r\n
 // Moving to empty space (not a container and not the widget)\r\n
 if (currentHoverTarget) {\r\n
 currentHoverTarget = null;\r\n
 clearTimeout(hoverTimer);\r\n
\r\n
 // If it's already showing "Tentang ini?", give it 3s before hiding\r\n
 // so the user has time to move their cursor to it\r\n
 if (floatWidget.classList.contains('question-state')) {\r\n
 hideTimer = setTimeout(() => {\r\n
 resetWidgetToDefault();\r\n
 }, 3000);\r\n
 } else {\r\n
 currentHoverDesc = null;\r\n
 }\r\n
 }\r\n
 }\r\n
 });\r\n
\r\n
 // Click → expand description OR smooth scroll back to buddy section\r\n
 floatWidget.addEventListener('click', function (e) {\r\n
 if (currentHoverDesc && !isExpandedDesc && !flipInProgress) {\r\n
 // Expand to show description using FLIP\r\n
 e.preventDefault();\r\n
 e.stopPropagation();\r\n
 isExpandedDesc = true;\r\n
\r\n
 flipAnimate((hint) => {\r\n
 floatWidget.classList.remove('question-state');\r\n
 floatWidget.classList.add('expanded-desc');\r\n
 if (hint) hint.textContent = currentHoverDesc;\r\n
 });\r\n
\r\n
 // Auto collapse after 10s\r\n
 setTimeout(() => {\r\n
 isExpandedDesc = false;\r\n
 resetWidgetToDefault();\r\n
 }, 10000);\r\n
 return;\r\n
 }\r\n
\r\n
 if (isExpandedDesc && !flipInProgress) {\r\n
 // Collapse back\r\n
 isExpandedDesc = false;\r\n
 resetWidgetToDefault();\r\n
 return;\r\n
 }\r\n
\r\n
 if (!flipInProgress) {\r\n
 buddySection.scrollIntoView({ behavior: 'smooth', block: 'start' });\r\n
 }\r\n
 });\r\n
\r\n
 // Watch for buddy becoming active mid-session (state-3 display changes)\r\n
 const state3El = document.getElementById('buddy-state-3');\r\n
 if (state3El) {\r\n
 new MutationObserver(updateFloatVisibility)\r\n
 .observe(state3El, { attributes: true, attributeFilter: ['style'] });\r\n
 }\r\n
\r\n
 // Initial check\r\n
 updateFloatVisibility();\r\n
 })();\r\n
 }\r\n
\r\n
 initBuddySystem();\r\n
\r\n
 if (!window.dashboardTurboBound) {\r\n
 window.dashboardTurboBound = true;\r\n
 document.addEventListener('turbo:load', function () {\r\n
 if (typeof initDashboardJs === 'function') initDashboardJs();\r\n
 });\r\n
 }\r\n
 </script>\r\n
\r\n
 <!-- MODAL TAMBAH JADWAL WIZARD -->\r\n
 <div class="modal-overlay" id="jadwalModal">\r\n
 <div class="modal-glass">\r\n
 <div class="wizard-error-toast" id="wizardError"></div>\r\n
 <div class="modal-header">\r\n
 <h2>Tambah Jadwal Baru</h2>\r\n
 <button class="btn-close" id="btnCloseModal">&times;</button>\r\n
 </div>\r\n
\r\n
 <div class="modal-body">\r\n
 <div class="wizard-container" id="wizardSlider">\r\n
\r\n
 <!-- Slide 1: Pilih Topik -->\r\n
 <div class="wizard-slide">\r\n
 <div class="slide-header">\r\n
 <h3>Materi Belajar</h3>\r\n
 <p>Gass!!, yok mulai belajar pilih yang kamu tertarik</p>\r\n
 </div>\r\n
 <div class="topic-slider">\r\n
 <!-- Card 1: Front End -->\r\n
 <div class="topic-card active" style="background-image: url('https://ninja-immunity-radiance.ngrok-free.dev/images/course-hero.png');">\r\n
 <div class="topic-content-active">\r\n
 <div class="topic-title-active">Front End</div>\r\n
 <div class="topic-desc-active">orang yang kerjaan nya bikin user interface, desain yang unik aneh tapi keren, disini lah luu belajar cara bikin UI yang keren..</div>\r\n
\r\n
 </div>\r\n
 <div class="topic-content-inactive">\r\n
 <div class="topic-title-vertical">Front End</div>\r\n
 <div class="btn-topic-arrow"><i class='bx bx-right-arrow-alt'></i></div>\r\n
 </div>\r\n
 </div>\r\n
\r\n
 <!-- Card 2: Back End -->\r\n
 <div class="topic-card" style="background-image: url('https://ninja-immunity-radiance.ngrok-free.dev/images/course-hero.png');">\r\n
 <div class="topic-content-active">\r\n
 <div class="topic-title-active">Back End</div>\r\n
 <div class="topic-desc-active">Bangun logika dan kelola database.</div>\r\n
\r\n
 </div>\r\n
 <div class="topic-content-inactive">\r\n
 <div class="topic-title-vertical">Back End</div>\r\n
 <div class="btn-topic-arrow"><i class='bx bx-right-arrow-alt'></i></div>\r\n
 </div>\r\n
 </div>\r\n
\r\n
 <!-- Card 3: Data Analyze -->\r\n
 <div class="topic-card" style="background-image: url('https://ninja-immunity-radiance.ngrok-free.dev/images/course-hero.png');">\r\n
 <div class="topic-content-active">\r\n
 <div class="topic-title-active">Data Analyze</div>\r\n
 <div class="topic-desc-active">Analisis data skala besar untuk kebutuhan bisnis.</div>\r\n
\r\n
 </div>\r\n
 <div class="topic-content-inactive">\r\n
 <div class="topic-title-vertical">Data Analyze</div>\r\n
 <div class="btn-topic-arrow"><i class='bx bx-right-arrow-alt'></i></div>\r\n
 </div>\r\n
 </div>\r\n
\r\n
 <!-- Card 4: Full Stack Dev -->\r\n
 <div class="topic-card" style="background-image: url('https://ninja-immunity-radiance.ngrok-free.dev/images/course-hero.png');">\r\n
 <div class="topic-content-active">\r\n
 <div class="topic-title-active">Full Stack Dev</div>\r\n
 <div class="topic-desc-active">Kuasai front end dan back end sekaligus.</div>\r\n
\r\n
 </div>\r\n
 <div class="topic-content-inactive">\r\n
 <div class="topic-title-vertical">Full Stack Dev</div>\r\n
 <div class="btn-topic-arrow"><i class='bx bx-right-arrow-alt'></i></div>\r\n
 </div>\r\n
 </div>\r\n
 </div>\r\n
 </div>\r\n
\r\n
 <!-- Slide 2: Pilih Course Grid -->\r\n
 <div class="wizard-slide">\r\n
 <div class="slide-title">Pilih Course yang Spesifik</div>\r\n
 <div class="course-grid">\r\n
 <div class="course-box">\r\n
 <i class='bx bxl-html5 course-icon'></i>\r\n
 <div class="course-name">Dasar HTML</div>\r\n
 </div>\r\n
 <div class="course-box selected">\r\n
 <i class='bx bxl-css3 course-icon'></i>\r\n
 <div class="course-name">CSS Modern</div>\r\n
 </div>\r\n
 <div class="course-box">\r\n
 <i class='bx bxl-javascript course-icon'></i>\r\n
 <div class="course-name">Javascript</div>\r\n
 </div>\r\n
 <div class="course-box">\r\n
 <i class='bx bxl-react course-icon'></i>\r\n
 <div class="course-name">React JS</div>\r\n
 </div>\r\n
 </div>\r\n
 </div>\r\n
\r\n
 <!-- Slide 3: Form Detail -->\r\n
 <div class="wizard-slide">\r\n
 <div class="slide-title" style="display: flex; justify-content: space-between; align-items: center;">\r\n
 Atur Detail Jadwal\r\n
 <button id="btnAutoGenerate" class="btn-wizard" style="padding: 0.5rem 1rem; background: rgba(167, 139, 250, 0.1); color: #a78bfa; border: 1px solid rgba(167, 139, 250, 0.3); font-size: 0.85rem;"><i class='bx bx-magic-wand'></i> Auto Generate</button>\r\n
 </div>\r\n
 <div class="form-group">\r\n
 <label class="form-label">Judul Jadwal</label>\r\n
 <input type="text" class="form-control" id="inputJudul" placeholder="Contoh: Belajar Flexbox">\r\n
 </div>\r\n
 <div class="form-group">\r\n
 <label class="form-label">Deskripsi / Catatan Tambahan</label>\r\n
 <textarea class="form-control" id="inputDeskripsi" placeholder="Target hari ini harus paham grid dan flexbox.."></textarea>\r\n
 </div>\r\n
 </div>\r\n
\r\n
 <!-- Slide 4: Pilih Warna Penanda -->\r\n
 <div class="wizard-slide">\r\n
 <div class="slide-title">Pilih Warna Penanda</div>\r\n
 <p style="color: #a1a1aa; font-size: 0.9rem; margin-top: -1rem; margin-bottom: 1.5rem;">Pilih warna penanda visual untuk membedakan jadwal belajarmu di dashboard dan kalender.</p>\r\n
\r\n
 <div class="color-picker-container">\r\n
 <div class="color-option green selected" data-color="green">\r\n
 <div class="color-preview"></div>\r\n
 <div class="color-name">Hijau</div>\r\n
 </div>\r\n
 <div class="color-option purple" data-color="purple">\r\n
 <div class="color-preview"></div>\r\n
 <div class="color-name">Ungu</div>\r\n
 </div>\r\n
 <div class="color-option blue" data-color="blue">\r\n
 <div class="color-preview"></div>\r\n
 <div class="color-name">Biru</div>\r\n
 </div>\r\n
 <div class="color-option white" data-color="white">\r\n
 <div class="color-preview"></div>\r\n
 <div class="color-name">Putih</div>\r\n
 </div>\r\n
 </div>\r\n
 </div>\r\n
\r\n
 <!-- Slide 5: Pilih Waktu -->\r\n
 <div class="wizard-slide">\r\n
 <div class="slide-title">Pilih Rutinitas Waktu</div>\r\n
 <div class="time-grid">\r\n
 <div class="time-box selected" data-type="Harian">\r\n
 <i class='bx bx-calendar-event time-icon'></i>\r\n
 <div>\r\n
 <div style="font-weight:600;">Harian</div>\r\n
 <div style="font-size:0.8rem; color:#a1a1aa;">Setiap hari di jam yang sama</div>\r\n
 </div>\r\n
 </div>\r\n
 <div class="time-box" data-type="Mingguan">\r\n
 <i class='bx bx-calendar-week time-icon'></i>\r\n
 <div>\r\n
 <div style="font-weight:600;">Mingguan</div>\r\n
 <div style="font-size:0.8rem; color:#a1a1aa;">Pilih hari dalam seminggu</div>\r\n
 </div>\r\n
 </div>\r\n
 <div class="time-box" data-type="Bulanan">\r\n
 <i class='bx bx-calendar time-icon'></i>\r\n
 <div>\r\n
 <div style="font-weight:600;">Bulanan</div>\r\n
 <div style="font-size:0.8rem; color:#a1a1aa;">Setiap tanggal tertentu</div>\r\n
 </div>\r\n
 </div>\r\n
 <div class="time-box" data-type="Custom">\r\n
 <i class='bx bx-time time-icon'></i>\r\n
 <div>\r\n
 <div style="font-weight:600;">Custom</div>\r\n
 <div style="font-size:0.8rem; color:#a1a1aa;">Tentukan waktu spesifik</div>\r\n
 </div>\r\n
 </div>\r\n
 </div>\r\n
\r\n
 <!-- Dynamic Config Panels -->\r\n
 <div class="routine-config">\r\n
 <!-- Harian Config -->\r\n
 <div id="configHarian" class="config-panel active">\r\n
 <label class="form-label" style="margin-bottom: 0.75rem;">Pilih hari apa saja:</label>\r\n
 <div class="day-picker">\r\n
 <div class="day-btn">Sen</div>\r\n
 <div class="day-btn">Sel</div>\r\n
 <div class="day-btn">Rab</div>\r\n
 <div class="day-btn">Kam</div>\r\n
 <div class="day-btn">Jum</div>\r\n
 <div class="day-btn">Sab</div>\r\n
 <div class="day-btn">Min</div>\r\n
 </div>\r\n
 </div>\r\n
\r\n
 <!-- Mingguan Config -->\r\n
 <div id="configMingguan" class="config-panel">\r\n
 <div class="form-group">\r\n
 <label class="form-label" style="margin-bottom: 0.75rem;">Hari dalam seminggu:</label>\r\n
 <div class="day-picker">\r\n
 <div class="day-btn">Sen</div>\r\n
 <div class="day-btn">Sel</div>\r\n
 <div class="day-btn">Rab</div>\r\n
 <div class="day-btn">Kam</div>\r\n
 <div class="day-btn">Jum</div>\r\n
 <div class="day-btn">Sab</div>\r\n
 <div class="day-btn">Min</div>\r\n
 </div>\r\n
 </div>\r\n
 <div class="form-group" style="margin-bottom: 0;">\r\n
 <label class="form-label" style="margin-bottom: 0.75rem;">Di minggu ke berapa?</label>\r\n
 <div class="day-picker">\r\n
 <div class="day-btn">Minggu 1</div>\r\n
 <div class="day-btn">Minggu 2</div>\r\n
 <div class="day-btn">Minggu 3</div>\r\n
 <div class="day-btn">Minggu 4</div>\r\n
 <div class="day-btn">Tiap Minggu</div>\r\n
 </div>\r\n
 </div>\r\n
 </div>\r\n
\r\n
 <!-- Bulanan Config -->\r\n
 <div id="configBulanan" class="config-panel">\r\n
 <div class="form-group">\r\n
 <label class="form-label" style="margin-bottom: 0.75rem;">Pilih bulan apa saja dalam setahun:</label>\r\n
 <div class="day-picker">\r\n
 <div class="day-btn">Jan</div>\r\n
 <div class="day-btn">Feb</div>\r\n
 <div class="day-btn">Mar</div>\r\n
 <div class="day-btn">Apr</div>\r\n
 <div class="day-btn">Mei</div>\r\n
 <div class="day-btn">Jun</div>\r\n
 <div class="day-btn">Jul</div>\r\n
 <div class="day-btn">Ags</div>\r\n
 <div class="day-btn">Sep</div>\r\n
 <div class="day-btn">Okt</div>\r\n
 <div class="day-btn">Nov</div>\r\n
 <div class="day-btn">Des</div>\r\n
 </div>\r\n
 </div>\r\n
 <div class="form-group" style="margin-bottom: 0;">\r\n
 <label class="form-label" style="margin-bottom: 0.75rem;">Minggu ke berapa saja?</label>\r\n
 <div class="day-picker">\r\n
 <div class="day-btn">M1</div>\r\n
 <div class="day-btn">M2</div>\r\n
 <div class="day-btn">M3</div>\r\n
 <div class="day-btn">M4</div>\r\n
 </div>\r\n
 </div>\r\n
 </div>\r\n
\r\n
 <!-- Custom Config -->\r\n
 <div id="configCustom" class="config-panel">\r\n
 <div class="form-group" style="margin-bottom: 0;">\r\n
 <label class="form-label">Pilih Tanggal Spesifik:</label>\r\n
 <input type="date" class="form-control select-dark">\r\n
 </div>\r\n
 </div>\r\n
 </div>\r\n
 </div>\r\n
\r\n
 <!-- Slide 6: Waktu Awal & Akhir -->\r\n
 <div class="wizard-slide">\r\n
 <div class="slide-title">Tentukan Waktu Belajar</div>\r\n
 <div class="timepicker-row">\r\n
 <div class="timepicker-group">\r\n
 <label class="timepicker-label">Waktu Mulai</label>\r\n
 <input type="time" class="timepicker-input" id="timeStart" value="08:00">\r\n
 </div>\r\n
 <div class="timepicker-group">\r\n
 <label class="timepicker-label">Waktu Selesai</label>\r\n
 <input type="time" class="timepicker-input" id="timeEnd" value="09:30">\r\n
 </div>\r\n
 </div>\r\n
\r\n
 <div class="duration-preview">\r\n
 <div class="duration-preview-label">Total Durasi Belajar</div>\r\n
 <div class="duration-display">\r\n
 <div class="dur-block">\r\n
 <div class="dur-value" id="durHours">01</div>\r\n
 <div class="dur-unit">Jam</div>\r\n
 </div>\r\n
 <div class="dur-separator">:</div>\r\n
 <div class="dur-block">\r\n
 <div class="dur-value" id="durMinutes">30</div>\r\n
 <div class="dur-unit">Menit</div>\r\n
 </div>\r\n
 <div class="dur-separator">:</div>\r\n
 <div class="dur-block">\r\n
 <div class="dur-value" id="durSeconds">00</div>\r\n
 <div class="dur-unit">Detik</div>\r\n
 </div>\r\n
 </div>\r\n
 <div class="duration-note" id="durationNote">Sesi berlangsung dari <strong>08:00</strong> sampai <strong>09:30</strong></div>\r\n
 </div>\r\n
 </div>\r\n
\r\n
 </div>\r\n
 </div>\r\n
\r\n
 <div class="modal-footer">\r\n
 <button class="btn-wizard btn-prev" id="btnPrev" style="visibility: hidden;">Kembali</button>\r\n
 <button class="btn-wizard btn-next" id="btnNext">Lanjut</button>\r\n
 </div>\r\n
 </div>\r\n
 </div>\r\n
\r\n
 <!-- Premium Toast Success Notification -->\r\n
 <div class="premium-toast" id="premiumToast">\r\n
 <div class="premium-toast-icon">\r\n
 <i class='bx bx-check-circle'></i>\r\n
 </div>\r\n
 <div class="premium-toast-content">\r\n
 <div class="premium-toast-title" id="premiumToastTitle">Sukses!</div>\r\n
 <div class="premium-toast-desc" id="premiumToastDesc">Jadwal berhasil disimpan.</div>\r\n
 </div>\r\n
 </div>\r\n
\r\n
 <!-- BOTTOM-LEFT PAGE NAV MENU -->\r\n
 <div class="page-nav" id="pageNav">\r\n
 <div class="page-nav-items" id="pageNavItems">\r\n
 <a href="https://ninja-immunity-radiance.ngrok-free.dev/dashboard" class="page-nav-item active">Dashboard</a>\r\n
 <a href="https://ninja-immunity-radiance.ngrok-free.dev/jadwal" class="page-nav-item">Jadwal</a>\r\n
 <a href="https://ninja-immunity-radiance.ngrok-free.dev/history" class="page-nav-item">History</a>\r\n
 <a href="#" class="page-nav-item"\r\n
 onclick="event.preventDefault(); document.getElementById('logoutFormNav').submit();"\r\n
 style="backdrop-filter: blur(15px); background-color: rgba(15, 23, 42, 0.9); color: #ef4444; border-color: rgba(239, 68, 68, 0.15); background: rgba(239, 68, 68, 0.03);">\r\n
 <i class='bx bx-log-out' style="margin-right: 6px; font-size: 1.15rem; vertical-align: middle;"></i>Log\r\n
 Out\r\n
 </a>\r\n
 </div>\r\n
 <form method="POST" action="https://ninja-immunity-radiance.ngrok-free.dev/logout" id="logoutFormNav" style="display: none;">\r\n
 <input type="hidden" name="_token" value="gzKldRPGheArgnKnFn6qnODiAbVNMmNPjEDcnP72" autocomplete="off"> </form>\r\n
 <button class="page-nav-btn" id="pageNavBtn" aria-label="Menu halaman">\r\n
 <span class="page-nav-line"></span>\r\n
 <span class="page-nav-line"></span>\r\n
 <span class="page-nav-line"></span>\r\n
 </button>\r\n
 </div>\r\n
\r\n
 <script src="https://ninja-immunity-radiance.ngrok-free.dev/js/modal-jadwal.js"></script>\r\n
 <script src="https://ninja-immunity-radiance.ngrok-free.dev/js/panel.js"></script>\r\n
 <script src="https://ninja-immunity-radiance.ngrok-free.dev/js/layout.js"></script>\r\n
\r\n
</html>' [UTF-8](length: 242483) contains "Variabel PHP" [ASCII](length: 12).
